../Src/can_transport.c:65:30:find_slot	24	static
../Src/can_transport.c:96:13:slot_capture_error_state	24	static
../Src/can_transport.c:115:13:slot_mark_fault	16	static
../Src/can_transport.c:132:13:slot_prune_queue_below_priority	32	static
../Src/can_transport.c:167:13:slot_push_result	24	static
../Src/can_transport.c:185:13:slot_enqueue_request	32	static
../Src/can_transport.c:221:13:slot_pop_request_at	16	static
../Src/can_transport.c:240:13:slot_read_matches	32	static
../Src/can_transport.c:272:13:can_transport_record_rx	88	static
../Src/can_transport.c:333:13:slot_request_recovery	16	static
../Src/can_transport.c:343:13:slot_handle_timeout	48	static
../Src/can_transport.c:366:13:slot_send_request	56	static
../Src/can_transport.c:407:13:slot_send_next_queued_request	24	static
../Src/can_transport.c:435:13:slot_perform_recovery	16	static
../Src/can_transport.c:475:13:can_transport_process_slot	24	static
../Src/can_transport.c:510:6:can_transport_start	72	static
../Src/can_transport.c:566:6:can_transport_process	16	static
../Src/can_transport.c:576:6:can_transport_queue_write_std	64	static
../Src/can_transport.c:606:6:can_transport_queue_read_std	64	static
../Src/can_transport.c:655:6:can_transport_get_bus_state	24	static
../Src/can_transport.c:669:6:can_transport_bus_seen_recently	96	static
../Src/can_transport.c:686:6:can_transport_get_frame_by_rx_count	48	static
../Src/can_transport.c:720:6:can_transport_take_read_result	40	static
../Src/can_transport.c:756:6:can_transport_request_recovery	24	static
../Src/can_transport.c:763:6:HAL_CAN_RxFifo0MsgPendingCallback	16	static
../Src/can_transport.c:768:6:HAL_CAN_RxFifo0FullCallback	16	static
../Src/can_transport.c:773:6:HAL_CAN_ErrorCallback	24	static
