../Src/can_transport.c:65:30:find_slot	24	static
../Src/can_transport.c:96:13:slot_capture_error_state	24	static
../Src/can_transport.c:115:13:slot_mark_fault	16	static
../Src/can_transport.c:132:13:slot_reset_queue	16	static
../Src/can_transport.c:146:13:slot_push_result	24	static
../Src/can_transport.c:164:13:slot_enqueue_request	32	static
../Src/can_transport.c:192:13:slot_pop_front_request	16	static
../Src/can_transport.c:211:13:slot_read_matches	32	static
../Src/can_transport.c:243:13:can_transport_record_rx	88	static
../Src/can_transport.c:304:13:slot_request_recovery	16	static
../Src/can_transport.c:314:13:slot_handle_timeout	48	static
../Src/can_transport.c:339:13:slot_send_request	56	static
../Src/can_transport.c:380:13:slot_perform_recovery	16	static
../Src/can_transport.c:418:13:can_transport_process_slot	24	static
../Src/can_transport.c:456:6:can_transport_start	72	static
../Src/can_transport.c:512:6:can_transport_process	16	static
../Src/can_transport.c:522:6:can_transport_queue_write_std	64	static
../Src/can_transport.c:552:6:can_transport_queue_read_std	64	static
../Src/can_transport.c:601:6:can_transport_get_bus_state	24	static
../Src/can_transport.c:615:6:can_transport_bus_seen_recently	96	static
../Src/can_transport.c:632:6:can_transport_get_frame_by_rx_count	48	static
../Src/can_transport.c:666:6:can_transport_take_read_result	40	static
../Src/can_transport.c:702:6:can_transport_request_recovery	24	static
../Src/can_transport.c:709:6:HAL_CAN_RxFifo0MsgPendingCallback	16	static
../Src/can_transport.c:714:6:HAL_CAN_RxFifo0FullCallback	16	static
../Src/can_transport.c:719:6:HAL_CAN_ErrorCallback	24	static
