../Src/chassis_app.c:181:12:ascii_stricmp	32	static
../Src/chassis_app.c:200:13:json_get_uint32	32	static
../Src/chassis_app.c:226:13:json_get_int32	32	static
../Src/chassis_app.c:252:13:json_get_bool	40	static
../Src/chassis_app.c:312:13:json_get_string	40	static
../Src/chassis_app.c:358:13:json_escape_string	32	static
../Src/chassis_app.c:412:13:command_is	48	static
../Src/chassis_app.c:424:16:clamp_int32	24	static
../Src/chassis_app.c:439:14:clamp_float	24	static
../Src/chassis_app.c:454:16:float_to_int32	16	static
../Src/chassis_app.c:459:13:reply_write	24	static
../Src/chassis_app.c:475:13:reply_printf	2064	static
../Src/chassis_app.c:487:20:chassis_fault_code_name	16	static
../Src/chassis_app.c:509:20:chassis_fault_domain_name	16	static
../Src/chassis_app.c:525:20:chassis_fault_message_zh	16	static
../Src/chassis_app.c:547:14:steering_side_raw_per_10deg	24	static
../Src/chassis_app.c:560:14:steering_raw_to_angle_deg	32	static
../Src/chassis_app.c:599:16:steering_target_raw_from_norm	32	static
../Src/chassis_app.c:631:16:steering_target_rpm_from_feedback	40	static
../Src/chassis_app.c:666:13:control_reset_targets	8	static
../Src/chassis_app.c:683:13:control_stop_outputs	8	static
../Src/chassis_app.c:699:13:control_set_enabled	16	static
../Src/chassis_app.c:715:13:control_outputs_allowed	4	static
../Src/chassis_app.c:720:13:int32_abs_exceeds	16	static
../Src/chassis_app.c:725:16:drive_direction_apply_output_rpm	16	static
../Src/chassis_app.c:730:16:drive_direction_normalize_feedback_rpm	16	static
../Src/chassis_app.c:735:16:drive_direction_apply_right_output_rpm	16	static
../Src/chassis_app.c:741:16:drive_direction_apply_left_output_rpm	16	static
../Src/chassis_app.c:747:16:drive_direction_normalize_right_feedback_rpm	16	static
../Src/chassis_app.c:753:16:drive_direction_normalize_left_feedback_rpm	16	static
../Src/chassis_app.c:759:14:control_drive_max_rpm	24	static
../Src/chassis_app.c:773:14:pedal_raw_to_normalized	24	static
../Src/chassis_app.c:798:13:calibration_override_active	4	static
../Src/chassis_app.c:804:13:drive_feedback_available	4	static
../Src/chassis_app.c:809:13:preferred_vehicle_motion_state	8	static
../Src/chassis_app.c:819:13:remote_command_is_fresh	16	static
../Src/chassis_app.c:829:13:remote_drive_authority_active	16	static
../Src/chassis_app.c:834:20:remote_control_mode_name	16	static
../Src/chassis_app.c:839:20:control_owner_name	16	static
../Src/chassis_app.c:844:13:chassis_service_actions_locked	8	static
../Src/chassis_app.c:849:13:controllers_bind_from_config	16	static
../Src/chassis_app.c:877:13:linear_steering_detected	16	static
../Src/chassis_app.c:895:13:steering_feedback_get	16	static
../Src/chassis_app.c:900:13:steering_feedback_is_recent	16	static
../Src/chassis_app.c:913:13:steering_feedback_update	16	static
../Src/chassis_app.c:929:13:handwheel_feedback_get	16	static
../Src/chassis_app.c:934:13:handwheel_feedback_update	16	static
../Src/chassis_app.c:950:13:drive_feedback_update	48	static
../Src/chassis_app.c:1009:13:fault_state_refresh	192	static
../Src/chassis_app.c:1107:13:drive_controller_apply_outputs	40	static
../Src/chassis_app.c:1138:14:control_compute_mode_split	48	static
../Src/chassis_app.c:1177:13:calibration_runtime_update	8	static
../Src/chassis_app.c:1183:13:control_update_targets	88	static
../Src/chassis_app.c:1401:13:control_process	16	static
../Src/chassis_app.c:1446:13:calibration_process	8	static
../Src/chassis_app.c:1470:13:publish_remote_status_if_needed	2264	static
../Src/chassis_app.c:1595:13:reply_capabilities	24	static
../Src/chassis_app.c:1614:13:reply_linear_steering_status	152	static
../Src/chassis_app.c:1642:13:reply_config	120	static
../Src/chassis_app.c:1672:13:reply_calibration_status	112	static
../Src/chassis_app.c:1703:13:reply_status	1080	static
../Src/chassis_app.c:1857:13:parse_pedal_name	16	static
../Src/chassis_app.c:1879:13:parse_remote_control_mode	16	static
../Src/chassis_app.c:1906:13:parse_calibration_axis	16	static
../Src/chassis_app.c:1928:17:resolve_calibration_field	24	static
../Src/chassis_app.c:1987:13:handle_set_config	120	static
../Src/chassis_app.c:2091:13:handle_save_config	16	static
../Src/chassis_app.c:2111:13:handle_load_config	8	static
../Src/chassis_app.c:2130:13:handle_set_control_enable	24	static
../Src/chassis_app.c:2144:13:handle_set_steer_input	24	static
../Src/chassis_app.c:2159:13:handle_ewm22_send_at	80	static
../Src/chassis_app.c:2179:13:handle_drive_test	48	static
../Src/chassis_app.c:2230:13:handle_steer_test	24	static
../Src/chassis_app.c:2261:13:handle_stop_all	24	static
../Src/chassis_app.c:2294:13:handle_query_linear_steering	8	static
../Src/chassis_app.c:2299:13:handle_set_remote_mode	48	static
../Src/chassis_app.c:2323:13:handle_set_remote_stop_state	24	static
../Src/chassis_app.c:2368:13:handle_get_calibration	8	static
../Src/chassis_app.c:2374:13:handle_get_capabilities	8	static
../Src/chassis_app.c:2379:13:handle_steering_jog	64	static
../Src/chassis_app.c:2454:13:handle_set_calibration_point	96	static
../Src/chassis_app.c:2500:13:handle_capture_pedal_sample	144	static
../Src/chassis_app.c:2593:13:handle_save_calibration	16	static
../Src/chassis_app.c:2613:13:handle_help	8	static
../Src/chassis_app.c:2626:13:process_line_with_reply_target	24	static
../Src/chassis_app.c:2724:6:chassis_app_init	24	static
../Src/chassis_app.c:2767:6:chassis_app_process	264	static
../Src/chassis_app.c:2796:6:chassis_app_usb_rx	16	static
