../Src/chassis_app.c:128:12:ascii_stricmp	32	static
../Src/chassis_app.c:147:13:json_get_uint32	32	static
../Src/chassis_app.c:173:13:json_get_int32	32	static
../Src/chassis_app.c:199:13:json_get_bool	40	static
../Src/chassis_app.c:259:13:json_get_string	40	static
../Src/chassis_app.c:305:13:json_escape_string	32	static
../Src/chassis_app.c:359:13:command_is	48	static
../Src/chassis_app.c:371:16:clamp_int32	24	static
../Src/chassis_app.c:386:14:clamp_float	24	static
../Src/chassis_app.c:401:16:float_to_int32	16	static
../Src/chassis_app.c:406:13:reply_write	24	static
../Src/chassis_app.c:422:13:reply_printf	1040	static
../Src/chassis_app.c:434:13:control_reset_targets	8	static
../Src/chassis_app.c:448:13:control_stop_outputs	8	static
../Src/chassis_app.c:464:13:control_set_enabled	16	static
../Src/chassis_app.c:480:13:control_outputs_allowed	4	static
../Src/chassis_app.c:485:13:int32_abs_exceeds	16	static
../Src/chassis_app.c:490:16:drive_direction_apply_output_rpm	16	static
../Src/chassis_app.c:495:16:drive_direction_normalize_feedback_rpm	16	static
../Src/chassis_app.c:500:16:drive_direction_apply_right_output_rpm	16	static
../Src/chassis_app.c:506:16:drive_direction_apply_left_output_rpm	16	static
../Src/chassis_app.c:512:16:drive_direction_normalize_right_feedback_rpm	16	static
../Src/chassis_app.c:518:16:drive_direction_normalize_left_feedback_rpm	16	static
../Src/chassis_app.c:524:14:pedal_raw_to_normalized	24	static
../Src/chassis_app.c:549:13:calibration_override_active	4	static
../Src/chassis_app.c:555:13:drive_feedback_available	4	static
../Src/chassis_app.c:560:13:preferred_vehicle_motion_state	8	static
../Src/chassis_app.c:570:13:remote_command_is_fresh	16	static
../Src/chassis_app.c:580:13:remote_drive_authority_active	16	static
../Src/chassis_app.c:585:20:remote_control_mode_name	16	static
../Src/chassis_app.c:590:20:control_owner_name	16	static
../Src/chassis_app.c:595:13:chassis_service_actions_locked	8	static
../Src/chassis_app.c:600:13:controllers_bind_from_config	16	static
../Src/chassis_app.c:628:13:linear_steering_detected	16	static
../Src/chassis_app.c:646:13:steering_feedback_get	16	static
../Src/chassis_app.c:651:13:steering_feedback_is_recent	16	static
../Src/chassis_app.c:664:13:steering_feedback_update	16	static
../Src/chassis_app.c:680:13:handwheel_feedback_get	16	static
../Src/chassis_app.c:685:13:handwheel_feedback_update	16	static
../Src/chassis_app.c:701:13:drive_feedback_update	48	static
../Src/chassis_app.c:760:13:drive_controller_apply_outputs	40	static
../Src/chassis_app.c:786:14:control_compute_mode_split	48	static
../Src/chassis_app.c:834:13:calibration_runtime_update	8	static
../Src/chassis_app.c:840:13:control_update_targets	72	static
../Src/chassis_app.c:1038:13:control_process	16	static
../Src/chassis_app.c:1082:13:calibration_process	8	static
../Src/chassis_app.c:1104:13:publish_remote_status_if_needed	1384	static
../Src/chassis_app.c:1205:13:reply_capabilities	24	static
../Src/chassis_app.c:1224:13:reply_linear_steering_status	96	static
../Src/chassis_app.c:1252:13:reply_config	120	static
../Src/chassis_app.c:1281:13:reply_calibration_status	112	static
../Src/chassis_app.c:1312:13:reply_status	632	static
../Src/chassis_app.c:1440:13:parse_pedal_name	16	static
../Src/chassis_app.c:1462:13:parse_remote_control_mode	16	static
../Src/chassis_app.c:1489:13:parse_calibration_axis	16	static
../Src/chassis_app.c:1511:17:resolve_calibration_field	24	static
../Src/chassis_app.c:1570:13:handle_set_config	120	static
../Src/chassis_app.c:1669:13:handle_save_config	16	static
../Src/chassis_app.c:1689:13:handle_load_config	8	static
../Src/chassis_app.c:1708:13:handle_set_control_enable	24	static
../Src/chassis_app.c:1722:13:handle_set_steer_input	24	static
../Src/chassis_app.c:1737:13:handle_ewm22_send_at	80	static
../Src/chassis_app.c:1757:13:handle_drive_test	48	static
../Src/chassis_app.c:1808:13:handle_steer_test	24	static
../Src/chassis_app.c:1839:13:handle_stop_all	24	static
../Src/chassis_app.c:1872:13:handle_query_linear_steering	8	static
../Src/chassis_app.c:1877:13:handle_set_remote_mode	48	static
../Src/chassis_app.c:1901:13:handle_set_remote_stop_state	24	static
../Src/chassis_app.c:1946:13:handle_get_calibration	8	static
../Src/chassis_app.c:1952:13:handle_get_capabilities	8	static
../Src/chassis_app.c:1957:13:handle_steering_jog	64	static
../Src/chassis_app.c:2032:13:handle_set_calibration_point	96	static
../Src/chassis_app.c:2078:13:handle_capture_pedal_sample	144	static
../Src/chassis_app.c:2171:13:handle_save_calibration	16	static
../Src/chassis_app.c:2191:13:handle_help	8	static
../Src/chassis_app.c:2204:13:process_line_with_reply_target	24	static
../Src/chassis_app.c:2302:6:chassis_app_init	24	static
../Src/chassis_app.c:2343:6:chassis_app_process	264	static
../Src/chassis_app.c:2366:6:chassis_app_usb_rx	16	static
