../Src/chassis_app.c:244:12:ascii_stricmp	32	static
../Src/chassis_app.c:263:13:json_get_uint32	32	static
../Src/chassis_app.c:289:13:json_get_int32	32	static
../Src/chassis_app.c:315:13:json_get_bool	40	static
../Src/chassis_app.c:375:13:json_get_string	40	static
../Src/chassis_app.c:421:13:command_is	48	static
../Src/chassis_app.c:433:16:clamp_int32	24	static
../Src/chassis_app.c:448:14:clamp_float	24	static
../Src/chassis_app.c:463:16:float_to_int32	16	static
../Src/chassis_app.c:468:13:reply_write	24	static
../Src/chassis_app.c:484:13:reply_printf	16	static
../Src/chassis_app.c:496:20:chassis_fault_code_name	16	static
../Src/chassis_app.c:518:20:chassis_fault_domain_name	16	static
../Src/chassis_app.c:535:20:chassis_fault_message_zh	16	static
../Src/chassis_app.c:557:14:steering_side_raw_per_10deg	32	static
../Src/chassis_app.c:570:13:steering_raw_on_same_side	32	static
../Src/chassis_app.c:584:14:steering_raw_to_angle_deg	32	static
../Src/chassis_app.c:633:16:steering_target_raw_from_norm	32	static
../Src/chassis_app.c:665:16:steering_target_rpm_from_feedback	56	static
../Src/chassis_app.c:740:13:control_reset_targets	8	static
../Src/chassis_app.c:758:13:steering_output_cache_reset	4	static
../Src/chassis_app.c:765:13:steering_output_cache_mark	16	static
../Src/chassis_app.c:772:13:steering_output_apply	24	static
../Src/chassis_app.c:811:13:control_zero_drive_targets	16	static
../Src/chassis_app.c:822:13:control_stop_outputs_selective	16	static
../Src/chassis_app.c:855:13:control_stop_outputs	8	static
../Src/chassis_app.c:860:13:control_set_enabled	16	static
../Src/chassis_app.c:876:13:control_outputs_allowed	4	static
../Src/chassis_app.c:881:13:int32_abs_exceeds	16	static
../Src/chassis_app.c:886:16:drive_direction_apply_output_rpm	16	static
../Src/chassis_app.c:891:16:drive_direction_normalize_feedback_rpm	16	static
../Src/chassis_app.c:896:16:drive_direction_apply_right_output_rpm	16	static
../Src/chassis_app.c:902:16:drive_direction_apply_left_output_rpm	16	static
../Src/chassis_app.c:908:16:drive_direction_normalize_right_feedback_rpm	16	static
../Src/chassis_app.c:914:16:drive_direction_normalize_left_feedback_rpm	16	static
../Src/chassis_app.c:920:14:control_drive_max_rpm	24	static
../Src/chassis_app.c:934:14:pedal_raw_to_normalized	24	static
../Src/chassis_app.c:959:13:calibration_override_active	4	static
../Src/chassis_app.c:965:13:drive_feedback_available	4	static
../Src/chassis_app.c:970:13:preferred_vehicle_motion_state	8	static
../Src/chassis_app.c:980:13:remote_command_is_fresh	16	static
../Src/chassis_app.c:990:13:remote_link_has_listener	16	static
../Src/chassis_app.c:1018:13:remote_drive_authority_active	16	static
../Src/chassis_app.c:1023:20:remote_control_mode_name	16	static
../Src/chassis_app.c:1028:20:control_owner_name	16	static
../Src/chassis_app.c:1033:13:chassis_service_actions_locked	8	static
../Src/chassis_app.c:1048:13:chassis_drive_motion_locked	8	static
../Src/chassis_app.c:1061:13:controllers_bind_from_config	16	static
../Src/chassis_app.c:1083:13:can_start_retry_process	16	static
../Src/chassis_app.c:1127:13:linear_steering_detected	16	static
../Src/chassis_app.c:1145:13:handwheel_controller_should_command	16	static
../Src/chassis_app.c:1154:13:steering_feedback_get	16	static
../Src/chassis_app.c:1159:13:steering_feedback_is_recent	16	static
../Src/chassis_app.c:1172:13:steering_feedback_update	16	static
../Src/chassis_app.c:1188:13:handwheel_feedback_get	16	static
../Src/chassis_app.c:1193:13:handwheel_feedback_update	24	static
../Src/chassis_app.c:1213:13:calibration_runtime_refresh_cached_feedbacks	16	static
../Src/chassis_app.c:1228:13:calibration_runtime_update_axis	16	static
../Src/chassis_app.c:1242:13:drive_feedback_update	64	static
../Src/chassis_app.c:1321:13:fault_state_refresh	200	static
../Src/chassis_app.c:1432:13:drive_controller_apply_outputs	40	static
../Src/chassis_app.c:1463:13:control_drive_safety_stop	16	static
../Src/chassis_app.c:1482:14:control_compute_mode_split	48	static
../Src/chassis_app.c:1522:13:calibration_runtime_update	8	static
../Src/chassis_app.c:1540:13:control_update_targets	88	static
../Src/chassis_app.c:1777:13:control_process	16	static
../Src/chassis_app.c:1824:13:calibration_process	8	static
../Src/chassis_app.c:1848:13:debug_test_watchdog_process	16	static
../Src/chassis_app.c:1886:13:publish_remote_status_if_needed	448	static
../Src/chassis_app.c:2000:13:reply_capabilities	24	static
../Src/chassis_app.c:2019:13:reply_linear_steering_status	152	static
../Src/chassis_app.c:2047:13:reply_config	120	static
../Src/chassis_app.c:2078:13:reply_calibration_status	112	static
../Src/chassis_app.c:2109:13:reply_status	608	static
../Src/chassis_app.c:2227:13:parse_pedal_name	16	static
../Src/chassis_app.c:2249:13:parse_remote_control_mode	16	static
../Src/chassis_app.c:2276:13:parse_calibration_axis	16	static
../Src/chassis_app.c:2298:17:resolve_calibration_field	24	static
../Src/chassis_app.c:2357:13:handle_set_config	136	static
../Src/chassis_app.c:2461:13:handle_save_config	16	static
../Src/chassis_app.c:2481:13:handle_load_config	8	static
../Src/chassis_app.c:2500:13:handle_set_control_enable	24	static
../Src/chassis_app.c:2514:13:handle_set_steer_input	24	static
../Src/chassis_app.c:2529:13:handle_app_control_inject	16	static
../Src/chassis_app.c:2541:13:handle_ewm22_send_at	80	static
../Src/chassis_app.c:2561:13:handle_drive_test	48	static
../Src/chassis_app.c:2617:13:handle_steer_test	24	static
../Src/chassis_app.c:2665:13:handle_stop_all	24	static
../Src/chassis_app.c:2712:13:handle_query_linear_steering	8	static
../Src/chassis_app.c:2717:13:handle_set_remote_mode	48	static
../Src/chassis_app.c:2742:13:handle_set_remote_stop_state	32	static
../Src/chassis_app.c:2803:13:handle_get_calibration	8	static
../Src/chassis_app.c:2809:13:handle_get_capabilities	8	static
../Src/chassis_app.c:2814:13:handle_steering_jog	72	static
../Src/chassis_app.c:2916:13:handle_set_calibration_point	96	static
../Src/chassis_app.c:2962:13:handle_capture_pedal_sample	160	static
../Src/chassis_app.c:3055:13:handle_save_calibration	16	static
../Src/chassis_app.c:3075:13:handle_help	8	static
../Src/chassis_app.c:3089:13:process_line_with_reply_target	24	static
../Src/chassis_app.c:3195:6:chassis_app_init	24	static
../Src/chassis_app.c:3241:6:chassis_app_process	776	static
../Src/chassis_app.c:3272:6:chassis_app_usb_rx	16	static
