../Src/chassis_app.c:206:12:ascii_stricmp	32	static
../Src/chassis_app.c:225:13:json_get_uint32	32	static
../Src/chassis_app.c:251:13:json_get_int32	32	static
../Src/chassis_app.c:277:13:json_get_bool	40	static
../Src/chassis_app.c:337:13:json_get_string	40	static
../Src/chassis_app.c:383:13:command_is	48	static
../Src/chassis_app.c:395:16:clamp_int32	24	static
../Src/chassis_app.c:410:14:clamp_float	24	static
../Src/chassis_app.c:425:16:float_to_int32	16	static
../Src/chassis_app.c:430:13:reply_write	24	static
../Src/chassis_app.c:446:13:reply_printf	16	static
../Src/chassis_app.c:458:20:chassis_fault_code_name	16	static
../Src/chassis_app.c:480:20:chassis_fault_domain_name	16	static
../Src/chassis_app.c:497:20:chassis_fault_message_zh	16	static
../Src/chassis_app.c:519:14:steering_side_raw_per_10deg	24	static
../Src/chassis_app.c:532:14:steering_raw_to_angle_deg	32	static
../Src/chassis_app.c:571:16:steering_target_raw_from_norm	32	static
../Src/chassis_app.c:603:16:steering_target_rpm_from_feedback	40	static
../Src/chassis_app.c:638:13:control_reset_targets	8	static
../Src/chassis_app.c:655:13:control_zero_drive_targets	16	static
../Src/chassis_app.c:666:13:control_stop_outputs	8	static
../Src/chassis_app.c:685:13:control_set_enabled	16	static
../Src/chassis_app.c:701:13:control_outputs_allowed	4	static
../Src/chassis_app.c:706:13:int32_abs_exceeds	16	static
../Src/chassis_app.c:711:16:drive_direction_apply_output_rpm	16	static
../Src/chassis_app.c:716:16:drive_direction_normalize_feedback_rpm	16	static
../Src/chassis_app.c:721:16:drive_direction_apply_right_output_rpm	16	static
../Src/chassis_app.c:727:16:drive_direction_apply_left_output_rpm	16	static
../Src/chassis_app.c:733:16:drive_direction_normalize_right_feedback_rpm	16	static
../Src/chassis_app.c:739:16:drive_direction_normalize_left_feedback_rpm	16	static
../Src/chassis_app.c:745:14:control_drive_max_rpm	24	static
../Src/chassis_app.c:759:14:pedal_raw_to_normalized	24	static
../Src/chassis_app.c:784:13:calibration_override_active	4	static
../Src/chassis_app.c:790:13:drive_feedback_available	4	static
../Src/chassis_app.c:795:13:preferred_vehicle_motion_state	8	static
../Src/chassis_app.c:805:13:remote_command_is_fresh	16	static
../Src/chassis_app.c:815:13:remote_link_has_listener	16	static
../Src/chassis_app.c:843:13:remote_drive_authority_active	16	static
../Src/chassis_app.c:848:20:remote_control_mode_name	16	static
../Src/chassis_app.c:853:20:control_owner_name	16	static
../Src/chassis_app.c:858:13:chassis_service_actions_locked	8	static
../Src/chassis_app.c:873:13:controllers_bind_from_config	16	static
../Src/chassis_app.c:895:13:linear_steering_detected	16	static
../Src/chassis_app.c:913:13:steering_feedback_get	16	static
../Src/chassis_app.c:918:13:steering_feedback_is_recent	16	static
../Src/chassis_app.c:931:13:steering_feedback_update	16	static
../Src/chassis_app.c:947:13:handwheel_feedback_get	16	static
../Src/chassis_app.c:952:13:handwheel_feedback_update	24	static
../Src/chassis_app.c:972:13:drive_feedback_update	64	static
../Src/chassis_app.c:1051:13:fault_state_refresh	192	static
../Src/chassis_app.c:1147:13:drive_controller_apply_outputs	40	static
../Src/chassis_app.c:1178:13:control_drive_safety_stop	16	static
../Src/chassis_app.c:1197:14:control_compute_mode_split	48	static
../Src/chassis_app.c:1236:13:calibration_runtime_update	8	static
../Src/chassis_app.c:1252:13:control_update_targets	88	static
../Src/chassis_app.c:1486:13:control_process	16	static
../Src/chassis_app.c:1533:13:calibration_process	8	static
../Src/chassis_app.c:1557:13:debug_test_watchdog_process	16	static
../Src/chassis_app.c:1585:13:publish_remote_status_if_needed	392	static
../Src/chassis_app.c:1683:13:reply_capabilities	24	static
../Src/chassis_app.c:1702:13:reply_linear_steering_status	152	static
../Src/chassis_app.c:1730:13:reply_config	120	static
../Src/chassis_app.c:1760:13:reply_calibration_status	112	static
../Src/chassis_app.c:1791:13:reply_status	312	static
../Src/chassis_app.c:1865:13:parse_pedal_name	16	static
../Src/chassis_app.c:1887:13:parse_remote_control_mode	16	static
../Src/chassis_app.c:1914:13:parse_calibration_axis	16	static
../Src/chassis_app.c:1936:17:resolve_calibration_field	24	static
../Src/chassis_app.c:1995:13:handle_set_config	120	static
../Src/chassis_app.c:2099:13:handle_save_config	16	static
../Src/chassis_app.c:2119:13:handle_load_config	8	static
../Src/chassis_app.c:2138:13:handle_set_control_enable	24	static
../Src/chassis_app.c:2152:13:handle_set_steer_input	24	static
../Src/chassis_app.c:2167:13:handle_ewm22_send_at	80	static
../Src/chassis_app.c:2187:13:handle_drive_test	48	static
../Src/chassis_app.c:2243:13:handle_steer_test	24	static
../Src/chassis_app.c:2279:13:handle_stop_all	24	static
../Src/chassis_app.c:2314:13:handle_query_linear_steering	8	static
../Src/chassis_app.c:2319:13:handle_set_remote_mode	48	static
../Src/chassis_app.c:2344:13:handle_set_remote_stop_state	32	static
../Src/chassis_app.c:2405:13:handle_get_calibration	8	static
../Src/chassis_app.c:2411:13:handle_get_capabilities	8	static
../Src/chassis_app.c:2416:13:handle_steering_jog	64	static
../Src/chassis_app.c:2492:13:handle_set_calibration_point	96	static
../Src/chassis_app.c:2538:13:handle_capture_pedal_sample	144	static
../Src/chassis_app.c:2631:13:handle_save_calibration	16	static
../Src/chassis_app.c:2651:13:handle_help	8	static
../Src/chassis_app.c:2664:13:process_line_with_reply_target	24	static
../Src/chassis_app.c:2762:6:chassis_app_init	24	static
../Src/chassis_app.c:2806:6:chassis_app_process	776	static
../Src/chassis_app.c:2836:6:chassis_app_usb_rx	16	static
