../Src/chassis_app.c:130:12:ascii_stricmp	32	static
../Src/chassis_app.c:149:13:json_get_uint32	32	static
../Src/chassis_app.c:175:13:json_get_int32	32	static
../Src/chassis_app.c:201:13:json_get_bool	40	static
../Src/chassis_app.c:261:13:json_get_string	40	static
../Src/chassis_app.c:307:13:json_escape_string	32	static
../Src/chassis_app.c:361:13:command_is	48	static
../Src/chassis_app.c:373:16:clamp_int32	24	static
../Src/chassis_app.c:388:14:clamp_float	24	static
../Src/chassis_app.c:403:16:float_to_int32	16	static
../Src/chassis_app.c:408:13:reply_write	24	static
../Src/chassis_app.c:424:13:reply_printf	1040	static
../Src/chassis_app.c:436:13:control_reset_targets	8	static
../Src/chassis_app.c:450:13:control_stop_outputs	8	static
../Src/chassis_app.c:466:13:control_set_enabled	16	static
../Src/chassis_app.c:482:13:control_outputs_allowed	4	static
../Src/chassis_app.c:487:13:int32_abs_exceeds	16	static
../Src/chassis_app.c:492:16:drive_direction_apply_output_rpm	16	static
../Src/chassis_app.c:497:16:drive_direction_normalize_feedback_rpm	16	static
../Src/chassis_app.c:502:16:drive_direction_apply_right_output_rpm	16	static
../Src/chassis_app.c:508:16:drive_direction_apply_left_output_rpm	16	static
../Src/chassis_app.c:514:16:drive_direction_normalize_right_feedback_rpm	16	static
../Src/chassis_app.c:520:16:drive_direction_normalize_left_feedback_rpm	16	static
../Src/chassis_app.c:526:14:control_drive_max_rpm	24	static
../Src/chassis_app.c:540:14:pedal_raw_to_normalized	24	static
../Src/chassis_app.c:565:13:calibration_override_active	4	static
../Src/chassis_app.c:571:13:drive_feedback_available	4	static
../Src/chassis_app.c:576:13:preferred_vehicle_motion_state	8	static
../Src/chassis_app.c:586:13:remote_command_is_fresh	16	static
../Src/chassis_app.c:596:13:remote_drive_authority_active	16	static
../Src/chassis_app.c:601:20:remote_control_mode_name	16	static
../Src/chassis_app.c:606:20:control_owner_name	16	static
../Src/chassis_app.c:611:13:chassis_service_actions_locked	8	static
../Src/chassis_app.c:616:13:controllers_bind_from_config	16	static
../Src/chassis_app.c:644:13:linear_steering_detected	16	static
../Src/chassis_app.c:662:13:steering_feedback_get	16	static
../Src/chassis_app.c:667:13:steering_feedback_is_recent	16	static
../Src/chassis_app.c:680:13:steering_feedback_update	16	static
../Src/chassis_app.c:696:13:handwheel_feedback_get	16	static
../Src/chassis_app.c:701:13:handwheel_feedback_update	16	static
../Src/chassis_app.c:717:13:drive_feedback_update	48	static
../Src/chassis_app.c:776:13:drive_controller_apply_outputs	40	static
../Src/chassis_app.c:802:14:control_compute_mode_split	48	static
../Src/chassis_app.c:850:13:calibration_runtime_update	8	static
../Src/chassis_app.c:856:13:control_update_targets	72	static
../Src/chassis_app.c:1054:13:control_process	16	static
../Src/chassis_app.c:1098:13:calibration_process	8	static
../Src/chassis_app.c:1120:13:publish_remote_status_if_needed	1384	static
../Src/chassis_app.c:1222:13:reply_capabilities	24	static
../Src/chassis_app.c:1241:13:reply_linear_steering_status	96	static
../Src/chassis_app.c:1269:13:reply_config	120	static
../Src/chassis_app.c:1299:13:reply_calibration_status	112	static
../Src/chassis_app.c:1330:13:reply_status	632	static
../Src/chassis_app.c:1459:13:parse_pedal_name	16	static
../Src/chassis_app.c:1481:13:parse_remote_control_mode	16	static
../Src/chassis_app.c:1508:13:parse_calibration_axis	16	static
../Src/chassis_app.c:1530:17:resolve_calibration_field	24	static
../Src/chassis_app.c:1589:13:handle_set_config	120	static
../Src/chassis_app.c:1693:13:handle_save_config	16	static
../Src/chassis_app.c:1713:13:handle_load_config	8	static
../Src/chassis_app.c:1732:13:handle_set_control_enable	24	static
../Src/chassis_app.c:1746:13:handle_set_steer_input	24	static
../Src/chassis_app.c:1761:13:handle_ewm22_send_at	80	static
../Src/chassis_app.c:1781:13:handle_drive_test	48	static
../Src/chassis_app.c:1832:13:handle_steer_test	24	static
../Src/chassis_app.c:1863:13:handle_stop_all	24	static
../Src/chassis_app.c:1896:13:handle_query_linear_steering	8	static
../Src/chassis_app.c:1901:13:handle_set_remote_mode	48	static
../Src/chassis_app.c:1925:13:handle_set_remote_stop_state	24	static
../Src/chassis_app.c:1970:13:handle_get_calibration	8	static
../Src/chassis_app.c:1976:13:handle_get_capabilities	8	static
../Src/chassis_app.c:1981:13:handle_steering_jog	64	static
../Src/chassis_app.c:2056:13:handle_set_calibration_point	96	static
../Src/chassis_app.c:2102:13:handle_capture_pedal_sample	144	static
../Src/chassis_app.c:2195:13:handle_save_calibration	16	static
../Src/chassis_app.c:2215:13:handle_help	8	static
../Src/chassis_app.c:2228:13:process_line_with_reply_target	24	static
../Src/chassis_app.c:2326:6:chassis_app_init	24	static
../Src/chassis_app.c:2367:6:chassis_app_process	264	static
../Src/chassis_app.c:2390:6:chassis_app_usb_rx	16	static
