../Src/chassis_app.c:250:12:ascii_stricmp	32	static
../Src/chassis_app.c:269:13:json_get_uint32	32	static
../Src/chassis_app.c:295:13:json_get_int32	32	static
../Src/chassis_app.c:321:13:json_get_bool	40	static
../Src/chassis_app.c:381:13:json_get_string	40	static
../Src/chassis_app.c:427:13:command_is	48	static
../Src/chassis_app.c:439:16:clamp_int32	24	static
../Src/chassis_app.c:454:14:clamp_float	24	static
../Src/chassis_app.c:469:16:float_to_int32	16	static
../Src/chassis_app.c:474:13:reply_write	24	static
../Src/chassis_app.c:490:13:reply_printf	16	static
../Src/chassis_app.c:502:20:chassis_fault_code_name	16	static
../Src/chassis_app.c:524:20:chassis_fault_domain_name	16	static
../Src/chassis_app.c:541:20:chassis_fault_message_zh	16	static
../Src/chassis_app.c:563:14:steering_side_raw_per_10deg	32	static
../Src/chassis_app.c:576:13:steering_raw_on_same_side	32	static
../Src/chassis_app.c:590:14:steering_raw_to_angle_deg	32	static
../Src/chassis_app.c:639:16:steering_target_raw_from_norm	32	static
../Src/chassis_app.c:671:16:steering_target_rpm_from_feedback	56	static
../Src/chassis_app.c:746:13:control_reset_targets	8	static
../Src/chassis_app.c:764:13:steering_output_cache_reset	4	static
../Src/chassis_app.c:771:13:steering_output_cache_mark	16	static
../Src/chassis_app.c:778:13:steering_output_apply	24	static
../Src/chassis_app.c:817:13:control_zero_drive_targets	16	static
../Src/chassis_app.c:828:13:control_stop_outputs_selective	16	static
../Src/chassis_app.c:861:13:control_stop_outputs	8	static
../Src/chassis_app.c:866:13:control_set_enabled	16	static
../Src/chassis_app.c:882:13:control_outputs_allowed	4	static
../Src/chassis_app.c:887:13:int32_abs_exceeds	16	static
../Src/chassis_app.c:892:16:drive_direction_apply_output_rpm	16	static
../Src/chassis_app.c:897:16:drive_direction_normalize_feedback_rpm	16	static
../Src/chassis_app.c:902:16:drive_direction_apply_right_output_rpm	16	static
../Src/chassis_app.c:908:16:drive_direction_apply_left_output_rpm	16	static
../Src/chassis_app.c:914:16:drive_direction_normalize_right_feedback_rpm	16	static
../Src/chassis_app.c:920:16:drive_direction_normalize_left_feedback_rpm	16	static
../Src/chassis_app.c:926:14:control_drive_max_rpm	24	static
../Src/chassis_app.c:940:14:control_steering_max_rpm	24	static
../Src/chassis_app.c:954:14:pedal_raw_to_normalized	24	static
../Src/chassis_app.c:979:13:calibration_override_active	4	static
../Src/chassis_app.c:985:13:drive_feedback_available	4	static
../Src/chassis_app.c:990:13:preferred_vehicle_motion_state	8	static
../Src/chassis_app.c:1000:13:remote_command_is_fresh	16	static
../Src/chassis_app.c:1010:13:remote_link_has_listener	16	static
../Src/chassis_app.c:1038:13:remote_drive_authority_active	16	static
../Src/chassis_app.c:1043:20:remote_control_mode_name	16	static
../Src/chassis_app.c:1048:20:control_owner_name	16	static
../Src/chassis_app.c:1053:13:chassis_service_actions_locked	8	static
../Src/chassis_app.c:1068:13:chassis_drive_motion_locked	8	static
../Src/chassis_app.c:1081:13:controllers_bind_from_config	16	static
../Src/chassis_app.c:1103:13:can_start_retry_process	16	static
../Src/chassis_app.c:1147:13:linear_steering_detected	16	static
../Src/chassis_app.c:1165:13:handwheel_controller_should_command	16	static
../Src/chassis_app.c:1174:13:steering_feedback_get	16	static
../Src/chassis_app.c:1179:13:steering_feedback_is_recent	16	static
../Src/chassis_app.c:1192:13:steering_feedback_update	16	static
../Src/chassis_app.c:1208:13:handwheel_feedback_get	16	static
../Src/chassis_app.c:1213:13:handwheel_feedback_update	24	static
../Src/chassis_app.c:1233:13:calibration_runtime_refresh_cached_feedbacks	16	static
../Src/chassis_app.c:1248:13:calibration_runtime_update_axis	16	static
../Src/chassis_app.c:1262:13:drive_feedback_update	64	static
../Src/chassis_app.c:1341:13:fault_state_refresh	200	static
../Src/chassis_app.c:1452:13:drive_controller_apply_outputs	40	static
../Src/chassis_app.c:1483:13:control_drive_safety_stop	16	static
../Src/chassis_app.c:1502:14:control_compute_mode_split	48	static
../Src/chassis_app.c:1542:13:calibration_runtime_update	8	static
../Src/chassis_app.c:1560:13:control_update_targets	88	static
../Src/chassis_app.c:1797:13:control_process	16	static
../Src/chassis_app.c:1844:13:calibration_process	8	static
../Src/chassis_app.c:1868:13:debug_test_watchdog_process	16	static
../Src/chassis_app.c:1906:13:publish_remote_status_if_needed	456	static
../Src/chassis_app.c:2021:13:reply_capabilities	24	static
../Src/chassis_app.c:2040:13:reply_linear_steering_status	152	static
../Src/chassis_app.c:2068:13:reply_config	136	static
../Src/chassis_app.c:2100:13:reply_calibration_status	112	static
../Src/chassis_app.c:2131:13:reply_status	616	static
../Src/chassis_app.c:2250:13:parse_pedal_name	16	static
../Src/chassis_app.c:2272:13:parse_remote_control_mode	16	static
../Src/chassis_app.c:2299:13:parse_calibration_axis	16	static
../Src/chassis_app.c:2321:17:resolve_calibration_field	24	static
../Src/chassis_app.c:2380:13:handle_set_config	136	static
../Src/chassis_app.c:2489:13:handle_save_config	16	static
../Src/chassis_app.c:2509:13:handle_load_config	8	static
../Src/chassis_app.c:2528:13:handle_set_control_enable	24	static
../Src/chassis_app.c:2542:13:handle_set_steer_input	24	static
../Src/chassis_app.c:2557:13:handle_app_control_inject	16	static
../Src/chassis_app.c:2569:13:handle_ewm22_send_at	80	static
../Src/chassis_app.c:2589:13:handle_drive_test	48	static
../Src/chassis_app.c:2645:13:handle_steer_test	24	static
../Src/chassis_app.c:2693:13:handle_stop_all	24	static
../Src/chassis_app.c:2740:13:handle_query_linear_steering	8	static
../Src/chassis_app.c:2745:13:handle_set_remote_mode	48	static
../Src/chassis_app.c:2770:13:handle_set_remote_stop_state	32	static
../Src/chassis_app.c:2831:13:handle_get_calibration	8	static
../Src/chassis_app.c:2837:13:handle_get_capabilities	8	static
../Src/chassis_app.c:2842:13:handle_steering_jog	72	static
../Src/chassis_app.c:2944:13:handle_set_calibration_point	96	static
../Src/chassis_app.c:2990:13:handle_capture_pedal_sample	160	static
../Src/chassis_app.c:3083:13:handle_save_calibration	16	static
../Src/chassis_app.c:3103:13:handle_help	8	static
../Src/chassis_app.c:3117:13:process_line_with_reply_target	24	static
../Src/chassis_app.c:3223:6:chassis_app_init	24	static
../Src/chassis_app.c:3269:6:chassis_app_process	776	static
../Src/chassis_app.c:3300:6:chassis_app_usb_rx	16	static
