../Src/chassis_app.c:128:12:ascii_stricmp	32	static
../Src/chassis_app.c:147:13:json_get_uint32	32	static
../Src/chassis_app.c:173:13:json_get_int32	32	static
../Src/chassis_app.c:199:13:json_get_bool	40	static
../Src/chassis_app.c:259:13:json_get_string	40	static
../Src/chassis_app.c:305:13:json_escape_string	32	static
../Src/chassis_app.c:359:13:command_is	48	static
../Src/chassis_app.c:371:16:clamp_int32	24	static
../Src/chassis_app.c:386:14:clamp_float	24	static
../Src/chassis_app.c:401:16:float_to_int32	16	static
../Src/chassis_app.c:406:13:reply_write	24	static
../Src/chassis_app.c:422:13:reply_printf	1040	static
../Src/chassis_app.c:434:13:control_reset_targets	8	static
../Src/chassis_app.c:448:13:control_stop_outputs	8	static
../Src/chassis_app.c:464:13:control_set_enabled	16	static
../Src/chassis_app.c:480:13:control_outputs_allowed	4	static
../Src/chassis_app.c:485:13:int32_abs_exceeds	16	static
../Src/chassis_app.c:490:14:pedal_raw_to_normalized	24	static
../Src/chassis_app.c:515:13:calibration_override_active	4	static
../Src/chassis_app.c:521:13:drive_feedback_available	4	static
../Src/chassis_app.c:526:13:preferred_vehicle_motion_state	8	static
../Src/chassis_app.c:536:13:remote_command_is_fresh	16	static
../Src/chassis_app.c:546:13:remote_drive_authority_active	16	static
../Src/chassis_app.c:551:20:remote_control_mode_name	16	static
../Src/chassis_app.c:556:20:control_owner_name	16	static
../Src/chassis_app.c:561:13:chassis_service_actions_locked	8	static
../Src/chassis_app.c:566:13:controllers_bind_from_config	16	static
../Src/chassis_app.c:594:13:linear_steering_detected	16	static
../Src/chassis_app.c:612:13:steering_feedback_get	16	static
../Src/chassis_app.c:617:13:steering_feedback_is_recent	16	static
../Src/chassis_app.c:630:13:steering_feedback_update	16	static
../Src/chassis_app.c:646:13:handwheel_feedback_get	16	static
../Src/chassis_app.c:651:13:handwheel_feedback_update	16	static
../Src/chassis_app.c:667:13:drive_feedback_update	40	static
../Src/chassis_app.c:723:13:drive_controller_apply_outputs	24	static
../Src/chassis_app.c:744:14:control_compute_mode_split	48	static
../Src/chassis_app.c:792:13:calibration_runtime_update	8	static
../Src/chassis_app.c:798:13:control_update_targets	72	static
../Src/chassis_app.c:996:13:control_process	16	static
../Src/chassis_app.c:1040:13:calibration_process	8	static
../Src/chassis_app.c:1062:13:publish_remote_status_if_needed	1368	static
../Src/chassis_app.c:1161:13:reply_capabilities	24	static
../Src/chassis_app.c:1180:13:reply_linear_steering_status	96	static
../Src/chassis_app.c:1208:13:reply_config	104	static
../Src/chassis_app.c:1234:13:reply_calibration_status	112	static
../Src/chassis_app.c:1265:13:reply_status	616	static
../Src/chassis_app.c:1390:13:parse_pedal_name	16	static
../Src/chassis_app.c:1412:13:parse_remote_control_mode	16	static
../Src/chassis_app.c:1439:13:parse_calibration_axis	16	static
../Src/chassis_app.c:1461:17:resolve_calibration_field	24	static
../Src/chassis_app.c:1520:13:handle_set_config	120	static
../Src/chassis_app.c:1609:13:handle_save_config	16	static
../Src/chassis_app.c:1629:13:handle_load_config	8	static
../Src/chassis_app.c:1648:13:handle_set_control_enable	24	static
../Src/chassis_app.c:1662:13:handle_set_steer_input	24	static
../Src/chassis_app.c:1677:13:handle_ewm22_send_at	80	static
../Src/chassis_app.c:1697:13:handle_drive_test	32	static
../Src/chassis_app.c:1745:13:handle_steer_test	24	static
../Src/chassis_app.c:1776:13:handle_stop_all	24	static
../Src/chassis_app.c:1809:13:handle_query_linear_steering	8	static
../Src/chassis_app.c:1814:13:handle_set_remote_mode	48	static
../Src/chassis_app.c:1838:13:handle_set_remote_stop_state	24	static
../Src/chassis_app.c:1883:13:handle_get_calibration	8	static
../Src/chassis_app.c:1889:13:handle_get_capabilities	8	static
../Src/chassis_app.c:1894:13:handle_steering_jog	64	static
../Src/chassis_app.c:1969:13:handle_set_calibration_point	96	static
../Src/chassis_app.c:2015:13:handle_capture_pedal_sample	144	static
../Src/chassis_app.c:2108:13:handle_save_calibration	16	static
../Src/chassis_app.c:2128:13:handle_help	8	static
../Src/chassis_app.c:2141:13:process_line_with_reply_target	24	static
../Src/chassis_app.c:2239:6:chassis_app_init	24	static
../Src/chassis_app.c:2280:6:chassis_app_process	264	static
../Src/chassis_app.c:2303:6:chassis_app_usb_rx	16	static
