../Src/drive_controller_mssd.c:13:13:mssd_build_write32	40	static
../Src/drive_controller_mssd.c:30:13:mssd_build_write16	24	static
../Src/drive_controller_mssd.c:44:13:mssd_build_read16	24	static
../Src/drive_controller_mssd.c:58:17:mssd_feedback_reg_by_index	16	static
../Src/drive_controller_mssd.c:73:17:mssd_feedback_cookie	16	static
../Src/drive_controller_mssd.c:83:17:mssd_write_cookie	16	static
../Src/drive_controller_mssd.c:88:13:mssd_invalidate_feedback_cache	16	static
../Src/drive_controller_mssd.c:107:13:mssd_consume_feedback_result	24	static
../Src/drive_controller_mssd.c:182:13:mssd_drain_feedback_results	56	static
../Src/drive_controller_mssd.c:217:13:mssd_drain_write_results	56	static
../Src/drive_controller_mssd.c:251:13:mssd_sync_recovery_state	96	static
../Src/drive_controller_mssd.c:280:13:mssd_queue_read16	64	static
../Src/drive_controller_mssd.c:303:13:mssd_queue_write32	72	static
../Src/drive_controller_mssd.c:329:13:mssd_queue_write16	72	static
../Src/drive_controller_mssd.c:355:6:mssd_drive_controller_bind	24	static
../Src/drive_controller_mssd.c:386:6:mssd_drive_controller_set_wheel_rpm_priority	24	static
../Src/drive_controller_mssd.c:399:6:mssd_drive_controller_set_wheel_rpm	24	static
../Src/drive_controller_mssd.c:408:6:mssd_drive_controller_set_stop_mode_priority	16	static
../Src/drive_controller_mssd.c:421:6:mssd_drive_controller_set_stop_mode	16	static
../Src/drive_controller_mssd.c:432:6:mssd_drive_controller_apply_stop_mode_priority	16	static
../Src/drive_controller_mssd.c:439:6:mssd_drive_controller_apply_stop_mode	16	static
../Src/drive_controller_mssd.c:444:6:mssd_drive_controller_stop_priority	16	static
../Src/drive_controller_mssd.c:455:6:mssd_drive_controller_stop	16	static
../Src/drive_controller_mssd.c:460:6:mssd_drive_controller_service	24	static
../Src/drive_controller_mssd.c:503:6:mssd_drive_controller_feedback_process	16	static
../Src/drive_controller_mssd.c:508:6:mssd_drive_controller_get_feedback	16	static
../Src/drive_controller_mssd.c:525:6:mssd_drive_controller_feedback_fault_active	16	static
../Src/drive_controller_mssd.c:530:10:mssd_drive_controller_feedback_timeout_count	16	static
../Src/drive_controller_mssd.c:535:10:mssd_drive_controller_last_feedback_ok_age_ms	16	static
