../Src/drive_controller_mssd.c:11:13:mssd_build_write32	40	static
../Src/drive_controller_mssd.c:28:13:mssd_build_write16	24	static
../Src/drive_controller_mssd.c:42:13:mssd_build_read16	24	static
../Src/drive_controller_mssd.c:56:17:mssd_feedback_reg_by_index	16	static
../Src/drive_controller_mssd.c:71:17:mssd_feedback_cookie	16	static
../Src/drive_controller_mssd.c:81:13:mssd_invalidate_feedback_cache	16	static
../Src/drive_controller_mssd.c:100:13:mssd_consume_feedback_result	24	static
../Src/drive_controller_mssd.c:175:13:mssd_drain_feedback_results	56	static
../Src/drive_controller_mssd.c:210:13:mssd_sync_recovery_state	96	static
../Src/drive_controller_mssd.c:239:13:mssd_queue_read16	64	static
../Src/drive_controller_mssd.c:262:6:mssd_drive_controller_bind	24	static
../Src/drive_controller_mssd.c:293:6:mssd_drive_controller_set_wheel_rpm_priority	48	static
../Src/drive_controller_mssd.c:317:6:mssd_drive_controller_set_wheel_rpm	24	static
../Src/drive_controller_mssd.c:326:6:mssd_drive_controller_set_stop_mode_priority	40	static
../Src/drive_controller_mssd.c:350:6:mssd_drive_controller_set_stop_mode	16	static
../Src/drive_controller_mssd.c:361:6:mssd_drive_controller_apply_stop_mode_priority	16	static
../Src/drive_controller_mssd.c:368:6:mssd_drive_controller_apply_stop_mode	16	static
../Src/drive_controller_mssd.c:373:6:mssd_drive_controller_stop_priority	16	static
../Src/drive_controller_mssd.c:384:6:mssd_drive_controller_stop	16	static
../Src/drive_controller_mssd.c:389:6:mssd_drive_controller_feedback_process	24	static
../Src/drive_controller_mssd.c:426:6:mssd_drive_controller_get_feedback	16	static
../Src/drive_controller_mssd.c:443:6:mssd_drive_controller_feedback_fault_active	16	static
../Src/drive_controller_mssd.c:448:10:mssd_drive_controller_feedback_timeout_count	16	static
../Src/drive_controller_mssd.c:453:10:mssd_drive_controller_last_feedback_ok_age_ms	16	static
