../Src/ewm22_link.c:20:13:ewm22_link_start_rx	8	static
../Src/ewm22_link.c:30:12:ascii_stricmp	32	static
../Src/ewm22_link.c:49:16:clamp_int32	24	static
../Src/ewm22_link.c:64:16:hex_nibble	16	static
../Src/ewm22_link.c:84:16:checksum_xor	24	static
../Src/ewm22_link.c:97:13:ewm22_link_store_text_line	24	static
../Src/ewm22_link.c:111:28:ewm22_link_parse_gear_string	16	static
../Src/ewm22_link.c:141:28:ewm22_link_default_gear_from_throttle	16	static
../Src/ewm22_link.c:156:13:ewm22_link_accept_remote_command	24	static
../Src/ewm22_link.c:178:13:parse_int32_token	32	static
../Src/ewm22_link.c:223:13:parse_uint32_token	32	static
../Src/ewm22_link.c:268:20:json_find_value	24	static
../Src/ewm22_link.c:292:13:json_get_int32	32	static
../Src/ewm22_link.c:317:13:json_get_uint32	32	static
../Src/ewm22_link.c:342:13:json_get_string	40	static
../Src/ewm22_link.c:377:13:ewm22_link_store_app_command_line	56	static
../Src/ewm22_link.c:423:13:ewm22_link_parse_remote_frame	88	static
../Src/ewm22_link.c:492:13:ewm22_link_parse_app_control_json	128	static
../Src/ewm22_link.c:560:13:ewm22_link_parse_status_line	24	static
../Src/ewm22_link.c:656:13:ewm22_link_process_line	16	static
../Src/ewm22_link.c:681:13:ewm22_link_process_byte	16	static
../Src/ewm22_link.c:722:6:ewm22_link_init	16	static
../Src/ewm22_link.c:741:6:ewm22_link_send_text	24	static
../Src/ewm22_link.c:770:6:ewm22_link_pop_app_command_line	32	static
../Src/ewm22_link.c:816:27:ewm22_link_get_state	4	static
../Src/ewm22_link.c:821:6:ewm22_link_inject_app_control_json	16	static
../Src/ewm22_link.c:832:13:ewm22_link_remote_source_name	16	static
../Src/ewm22_link.c:847:13:ewm22_link_remote_gear_name	16	static
../Src/ewm22_link.c:864:6:HAL_UART_RxCpltCallback	16	static
../Src/ewm22_link.c:875:6:HAL_UART_ErrorCallback	16	static
