..\Src\vehicle_config.c:69:12:ascii_stricmp	32	static
..\Src\vehicle_config.c:88:17:vehicle_config_checksum_bytes	32	static
..\Src\vehicle_config.c:103:13:vehicle_config_set_defaults	16	static
..\Src\vehicle_config.c:137:13:vehicle_config_fix_u16_range	24	static
..\Src\vehicle_config.c:177:13:vehicle_config_fix_can_node_id	16	static
..\Src\vehicle_config.c:190:13:vehicle_config_fix_drive_max_rpm	16	static
..\Src\vehicle_config.c:214:13:vehicle_config_sanitize	16	static
..\Src\vehicle_config.c:270:13:vehicle_config_validate_image	24	static
..\Src\vehicle_config.c:292:13:vehicle_config_validate_image_v3	24	static
..\Src\vehicle_config.c:314:13:vehicle_config_import_v3	16	static
..\Src\vehicle_config.c:353:6:vehicle_config_init	8	static
..\Src\vehicle_config.c:361:25:vehicle_config_get	4	static
..\Src\vehicle_config.c:366:6:vehicle_config_set	24	static
..\Src\vehicle_config.c:372:6:vehicle_config_save	128	static
..\Src\vehicle_config.c:436:6:vehicle_config_load	24	static
..\Src\vehicle_config.c:460:14:vehicle_config_runtime_drive_mode	16	static
..\Src\vehicle_config.c:475:13:vehicle_config_drive_mode_name	16	static
..\Src\vehicle_config.c:492:6:vehicle_config_parse_drive_mode	16	static
..\Src\vehicle_config.c:526:13:vehicle_config_chassis_type_name	16	static
..\Src\vehicle_config.c:539:6:vehicle_config_parse_chassis_type	16	static
..\Src\vehicle_config.c:564:13:vehicle_config_drive_axle_name	16	static
..\Src\vehicle_config.c:577:6:vehicle_config_parse_drive_axle	16	static
..\Src\vehicle_config.c:601:13:vehicle_config_pedal_config_name	16	static
..\Src\vehicle_config.c:614:6:vehicle_config_parse_pedal_config	16	static
..\Src\vehicle_config.c:638:13:vehicle_config_drive_controller_name	16	static
..\Src\vehicle_config.c:649:13:vehicle_config_steering_controller_name	16	static
