../Src/vehicle_config.c:24:12:ascii_stricmp	32	static
../Src/vehicle_config.c:43:17:vehicle_config_checksum_bytes	32	static
../Src/vehicle_config.c:58:13:vehicle_config_set_defaults	16	static
../Src/vehicle_config.c:91:13:vehicle_config_fix_u16_range	24	static
../Src/vehicle_config.c:131:13:vehicle_config_fix_can_node_id	16	static
../Src/vehicle_config.c:144:13:vehicle_config_sanitize	16	static
../Src/vehicle_config.c:199:13:vehicle_config_validate_image	24	static
../Src/vehicle_config.c:221:6:vehicle_config_init	8	static
../Src/vehicle_config.c:229:25:vehicle_config_get	4	static
../Src/vehicle_config.c:234:6:vehicle_config_set	24	static
../Src/vehicle_config.c:240:6:vehicle_config_save	128	static
../Src/vehicle_config.c:304:6:vehicle_config_load	24	static
../Src/vehicle_config.c:319:14:vehicle_config_runtime_drive_mode	16	static
../Src/vehicle_config.c:334:13:vehicle_config_drive_mode_name	16	static
../Src/vehicle_config.c:351:6:vehicle_config_parse_drive_mode	16	static
../Src/vehicle_config.c:385:13:vehicle_config_chassis_type_name	16	static
../Src/vehicle_config.c:398:6:vehicle_config_parse_chassis_type	16	static
../Src/vehicle_config.c:423:13:vehicle_config_drive_axle_name	16	static
../Src/vehicle_config.c:436:6:vehicle_config_parse_drive_axle	16	static
../Src/vehicle_config.c:460:13:vehicle_config_pedal_config_name	16	static
../Src/vehicle_config.c:473:6:vehicle_config_parse_pedal_config	16	static
../Src/vehicle_config.c:497:13:vehicle_config_drive_controller_name	16	static
../Src/vehicle_config.c:508:13:vehicle_config_steering_controller_name	16	static
