../Src/vehicle_config.c:121:12:ascii_stricmp	32	static
../Src/vehicle_config.c:140:17:vehicle_config_checksum_bytes	32	static
../Src/vehicle_config.c:155:13:vehicle_config_set_defaults	16	static
../Src/vehicle_config.c:189:13:vehicle_config_fix_u16_range	24	static
../Src/vehicle_config.c:229:13:vehicle_config_fix_can_node_id	16	static
../Src/vehicle_config.c:242:13:vehicle_config_fix_drive_max_rpm	16	static
../Src/vehicle_config.c:266:13:vehicle_config_swap_i32	24	static
../Src/vehicle_config.c:280:13:vehicle_config_steering_uses_legacy_polarity	24	static
../Src/vehicle_config.c:296:13:vehicle_config_migrate_steering_polarity	16	static
../Src/vehicle_config.c:307:13:vehicle_config_same_center_side	32	static
../Src/vehicle_config.c:321:13:vehicle_config_fix_axis_limits	32	static
../Src/vehicle_config.c:345:13:vehicle_config_sanitize	32	static
../Src/vehicle_config.c:412:13:vehicle_config_validate_image	24	static
../Src/vehicle_config.c:434:13:vehicle_config_validate_image_v5	24	static
../Src/vehicle_config.c:456:13:vehicle_config_validate_image_v4	24	static
../Src/vehicle_config.c:478:13:vehicle_config_validate_image_v3	24	static
../Src/vehicle_config.c:500:13:vehicle_config_import_v5	16	static
../Src/vehicle_config.c:539:13:vehicle_config_import_v4	16	static
../Src/vehicle_config.c:578:13:vehicle_config_import_v3	16	static
../Src/vehicle_config.c:617:6:vehicle_config_init	8	static
../Src/vehicle_config.c:625:25:vehicle_config_get	4	static
../Src/vehicle_config.c:630:6:vehicle_config_set	16	static
../Src/vehicle_config.c:636:6:vehicle_config_save	144	static
../Src/vehicle_config.c:700:6:vehicle_config_load	24	static
../Src/vehicle_config.c:742:14:vehicle_config_runtime_drive_mode	16	static
../Src/vehicle_config.c:757:13:vehicle_config_drive_mode_name	16	static
../Src/vehicle_config.c:774:6:vehicle_config_parse_drive_mode	16	static
../Src/vehicle_config.c:802:13:vehicle_config_chassis_type_name	16	static
../Src/vehicle_config.c:815:6:vehicle_config_parse_chassis_type	16	static
../Src/vehicle_config.c:840:13:vehicle_config_drive_axle_name	16	static
../Src/vehicle_config.c:853:6:vehicle_config_parse_drive_axle	16	static
../Src/vehicle_config.c:877:13:vehicle_config_pedal_config_name	16	static
../Src/vehicle_config.c:890:6:vehicle_config_parse_pedal_config	16	static
../Src/vehicle_config.c:914:13:vehicle_config_drive_controller_name	16	static
../Src/vehicle_config.c:925:13:vehicle_config_steering_controller_name	16	static
