../Src/vehicle_config.c:168:12:ascii_stricmp	32	static
../Src/vehicle_config.c:187:17:vehicle_config_checksum_bytes	32	static
../Src/vehicle_config.c:202:13:vehicle_config_set_defaults	16	static
../Src/vehicle_config.c:237:13:vehicle_config_fix_u16_range	24	static
../Src/vehicle_config.c:277:13:vehicle_config_fix_can_node_id	16	static
../Src/vehicle_config.c:290:13:vehicle_config_fix_drive_max_rpm	16	static
../Src/vehicle_config.c:314:13:vehicle_config_fix_steering_max_rpm	16	static
../Src/vehicle_config.c:338:13:vehicle_config_swap_i32	24	static
../Src/vehicle_config.c:352:13:vehicle_config_steering_uses_legacy_polarity	24	static
../Src/vehicle_config.c:368:13:vehicle_config_migrate_steering_polarity	16	static
../Src/vehicle_config.c:379:13:vehicle_config_same_center_side	32	static
../Src/vehicle_config.c:393:13:vehicle_config_fix_axis_limits	32	static
../Src/vehicle_config.c:417:13:vehicle_config_sanitize	32	static
../Src/vehicle_config.c:485:13:vehicle_config_validate_image	24	static
../Src/vehicle_config.c:507:13:vehicle_config_validate_image_v6	24	static
../Src/vehicle_config.c:529:13:vehicle_config_validate_image_v5	24	static
../Src/vehicle_config.c:551:13:vehicle_config_validate_image_v4	24	static
../Src/vehicle_config.c:573:13:vehicle_config_validate_image_v3	24	static
../Src/vehicle_config.c:595:13:vehicle_config_import_v6	16	static
../Src/vehicle_config.c:634:13:vehicle_config_import_v5	16	static
../Src/vehicle_config.c:639:13:vehicle_config_import_v4	16	static
../Src/vehicle_config.c:678:13:vehicle_config_import_v3	16	static
../Src/vehicle_config.c:717:6:vehicle_config_init	8	static
../Src/vehicle_config.c:725:25:vehicle_config_get	4	static
../Src/vehicle_config.c:730:6:vehicle_config_set	16	static
../Src/vehicle_config.c:736:6:vehicle_config_save	144	static
../Src/vehicle_config.c:800:6:vehicle_config_load	32	static
../Src/vehicle_config.c:851:14:vehicle_config_runtime_drive_mode	16	static
../Src/vehicle_config.c:866:13:vehicle_config_drive_mode_name	16	static
../Src/vehicle_config.c:883:6:vehicle_config_parse_drive_mode	16	static
../Src/vehicle_config.c:911:13:vehicle_config_chassis_type_name	16	static
../Src/vehicle_config.c:924:6:vehicle_config_parse_chassis_type	16	static
../Src/vehicle_config.c:949:13:vehicle_config_drive_axle_name	16	static
../Src/vehicle_config.c:962:6:vehicle_config_parse_drive_axle	16	static
../Src/vehicle_config.c:986:13:vehicle_config_pedal_config_name	16	static
../Src/vehicle_config.c:999:6:vehicle_config_parse_pedal_config	16	static
../Src/vehicle_config.c:1023:13:vehicle_config_drive_controller_name	16	static
../Src/vehicle_config.c:1034:13:vehicle_config_steering_controller_name	16	static
