Archive member included to satisfy reference by file (symbol)

D:/cubeide/STM32CubeIDE_2.1.1/STM32CubeIDE/plugins/com.st.stm32cube.ide.mcu.externaltools.gnu-tools-for-stm32.14.3.rel1.win32_1.0.100.202602081740/tools/bin/../lib/gcc/arm-none-eabi/14.3.1/../../../../arm-none-eabi/lib/thumb/v7e-m+fp/hard\libc_nano.a(libc_a-exit.o)
                              D:/cubeide/STM32CubeIDE_2.1.1/STM32CubeIDE/plugins/com.st.stm32cube.ide.mcu.externaltools.gnu-tools-for-stm32.14.3.rel1.win32_1.0.100.202602081740/tools/bin/../lib/gcc/arm-none-eabi/14.3.1/../../../../arm-none-eabi/lib/thumb/v7e-m+fp/hard/crt0.o (exit)
D:/cubeide/STM32CubeIDE_2.1.1/STM32CubeIDE/plugins/com.st.stm32cube.ide.mcu.externaltools.gnu-tools-for-stm32.14.3.rel1.win32_1.0.100.202602081740/tools/bin/../lib/gcc/arm-none-eabi/14.3.1/../../../../arm-none-eabi/lib/thumb/v7e-m+fp/hard\libc_nano.a(libc_a-strtol.o)
                              ./Src/chassis_app.o (strtol)
D:/cubeide/STM32CubeIDE_2.1.1/STM32CubeIDE/plugins/com.st.stm32cube.ide.mcu.externaltools.gnu-tools-for-stm32.14.3.rel1.win32_1.0.100.202602081740/tools/bin/../lib/gcc/arm-none-eabi/14.3.1/../../../../arm-none-eabi/lib/thumb/v7e-m+fp/hard\libc_nano.a(libc_a-strtoul.o)
                              ./Src/chassis_app.o (strtoul)
D:/cubeide/STM32CubeIDE_2.1.1/STM32CubeIDE/plugins/com.st.stm32cube.ide.mcu.externaltools.gnu-tools-for-stm32.14.3.rel1.win32_1.0.100.202602081740/tools/bin/../lib/gcc/arm-none-eabi/14.3.1/../../../../arm-none-eabi/lib/thumb/v7e-m+fp/hard\libc_nano.a(libc_a-ctype_.o)
                              ./Src/chassis_app.o (_ctype_)
D:/cubeide/STM32CubeIDE_2.1.1/STM32CubeIDE/plugins/com.st.stm32cube.ide.mcu.externaltools.gnu-tools-for-stm32.14.3.rel1.win32_1.0.100.202602081740/tools/bin/../lib/gcc/arm-none-eabi/14.3.1/../../../../arm-none-eabi/lib/thumb/v7e-m+fp/hard\libc_nano.a(libc_a-findfp.o)
                              D:/cubeide/STM32CubeIDE_2.1.1/STM32CubeIDE/plugins/com.st.stm32cube.ide.mcu.externaltools.gnu-tools-for-stm32.14.3.rel1.win32_1.0.100.202602081740/tools/bin/../lib/gcc/arm-none-eabi/14.3.1/../../../../arm-none-eabi/lib/thumb/v7e-m+fp/hard\libc_nano.a(libc_a-exit.o) (__stdio_exit_handler)
D:/cubeide/STM32CubeIDE_2.1.1/STM32CubeIDE/plugins/com.st.stm32cube.ide.mcu.externaltools.gnu-tools-for-stm32.14.3.rel1.win32_1.0.100.202602081740/tools/bin/../lib/gcc/arm-none-eabi/14.3.1/../../../../arm-none-eabi/lib/thumb/v7e-m+fp/hard\libc_nano.a(libc_a-fwalk.o)
                              D:/cubeide/STM32CubeIDE_2.1.1/STM32CubeIDE/plugins/com.st.stm32cube.ide.mcu.externaltools.gnu-tools-for-stm32.14.3.rel1.win32_1.0.100.202602081740/tools/bin/../lib/gcc/arm-none-eabi/14.3.1/../../../../arm-none-eabi/lib/thumb/v7e-m+fp/hard\libc_nano.a(libc_a-findfp.o) (_fwalk_sglue)
D:/cubeide/STM32CubeIDE_2.1.1/STM32CubeIDE/plugins/com.st.stm32cube.ide.mcu.externaltools.gnu-tools-for-stm32.14.3.rel1.win32_1.0.100.202602081740/tools/bin/../lib/gcc/arm-none-eabi/14.3.1/../../../../arm-none-eabi/lib/thumb/v7e-m+fp/hard\libc_nano.a(libc_a-snprintf.o)
                              ./Src/chassis_app.o (snprintf)
D:/cubeide/STM32CubeIDE_2.1.1/STM32CubeIDE/plugins/com.st.stm32cube.ide.mcu.externaltools.gnu-tools-for-stm32.14.3.rel1.win32_1.0.100.202602081740/tools/bin/../lib/gcc/arm-none-eabi/14.3.1/../../../../arm-none-eabi/lib/thumb/v7e-m+fp/hard\libc_nano.a(libc_a-stdio.o)
                              D:/cubeide/STM32CubeIDE_2.1.1/STM32CubeIDE/plugins/com.st.stm32cube.ide.mcu.externaltools.gnu-tools-for-stm32.14.3.rel1.win32_1.0.100.202602081740/tools/bin/../lib/gcc/arm-none-eabi/14.3.1/../../../../arm-none-eabi/lib/thumb/v7e-m+fp/hard\libc_nano.a(libc_a-findfp.o) (__sread)
D:/cubeide/STM32CubeIDE_2.1.1/STM32CubeIDE/plugins/com.st.stm32cube.ide.mcu.externaltools.gnu-tools-for-stm32.14.3.rel1.win32_1.0.100.202602081740/tools/bin/../lib/gcc/arm-none-eabi/14.3.1/../../../../arm-none-eabi/lib/thumb/v7e-m+fp/hard\libc_nano.a(libc_a-vsnprintf.o)
                              ./Src/chassis_app.o (vsnprintf)
D:/cubeide/STM32CubeIDE_2.1.1/STM32CubeIDE/plugins/com.st.stm32cube.ide.mcu.externaltools.gnu-tools-for-stm32.14.3.rel1.win32_1.0.100.202602081740/tools/bin/../lib/gcc/arm-none-eabi/14.3.1/../../../../arm-none-eabi/lib/thumb/v7e-m+fp/hard\libc_nano.a(libc_a-memmove.o)
                              ./Src/can_transport.o (memmove)
D:/cubeide/STM32CubeIDE_2.1.1/STM32CubeIDE/plugins/com.st.stm32cube.ide.mcu.externaltools.gnu-tools-for-stm32.14.3.rel1.win32_1.0.100.202602081740/tools/bin/../lib/gcc/arm-none-eabi/14.3.1/../../../../arm-none-eabi/lib/thumb/v7e-m+fp/hard\libc_nano.a(libc_a-memset.o)
                              D:/cubeide/STM32CubeIDE_2.1.1/STM32CubeIDE/plugins/com.st.stm32cube.ide.mcu.externaltools.gnu-tools-for-stm32.14.3.rel1.win32_1.0.100.202602081740/tools/bin/../lib/gcc/arm-none-eabi/14.3.1/../../../../arm-none-eabi/lib/thumb/v7e-m+fp/hard/crt0.o (memset)
[...]
Memory Configuration

Name             Origin             Length             Attributes
CCMRAM           0x10000000         0x00010000         xrw
RAM              0x20000000         0x00020000         xrw
FLASH            0x08000000         0x000e0000         xr
*default*        0x00000000         0xffffffff

Linker script and memory map

LOAD D:/cubeide/STM32CubeIDE_2.1.1/STM32CubeIDE/plugins/com.st.stm32cube.ide.mcu.externaltools.gnu-tools-for-stm32.14.3.rel1.win32_1.0.100.202602081740/tools/bin/../lib/gcc/arm-none-eabi/14.3.1/thumb/v7e-m+fp/hard/crti.o
LOAD D:/cubeide/STM32CubeIDE_2.1.1/STM32CubeIDE/plugins/com.st.stm32cube.ide.mcu.externaltools.gnu-tools-for-stm32.14.3.rel1.win32_1.0.100.202602081740/tools/bin/../lib/gcc/arm-none-eabi/14.3.1/thumb/v7e-m+fp/hard/crtbegin.o
LOAD D:/cubeide/STM32CubeIDE_2.1.1/STM32CubeIDE/plugins/com.st.stm32cube.ide.mcu.externaltools.gnu-tools-for-stm32.14.3.rel1.win32_1.0.100.202602081740/tools/bin/../lib/gcc/arm-none-eabi/14.3.1/../../../../arm-none-eabi/lib/thumb/v7e-m+fp/hard/crt0.o
LOAD ./Drivers/STM32F4xx_HAL_Driver/Src/stm32f4xx_hal.o
LOAD ./Drivers/STM32F4xx_HAL_Driver/Src/stm32f4xx_hal_adc.o
LOAD ./Drivers/STM32F4xx_HAL_Driver/Src/stm32f4xx_hal_adc_ex.o
LOAD ./Drivers/STM32F4xx_HAL_Driver/Src/stm32f4xx_hal_can.o
LOAD ./Drivers/STM32F4xx_HAL_Driver/Src/stm32f4xx_hal_cortex.o
LOAD ./Drivers/STM32F4xx_HAL_Driver/Src/stm32f4xx_hal_dma.o
LOAD ./Drivers/STM32F4xx_HAL_Driver/Src/stm32f4xx_hal_dma_ex.o
LOAD ./Drivers/STM32F4xx_HAL_Driver/Src/stm32f4xx_hal_exti.o
LOAD ./Drivers/STM32F4xx_HAL_Driver/Src/stm32f4xx_hal_flash.o
LOAD ./Drivers/STM32F4xx_HAL_Driver/Src/stm32f4xx_hal_flash_ex.o
LOAD ./Drivers/STM32F4xx_HAL_Driver/Src/stm32f4xx_hal_flash_ramfunc.o
LOAD ./Drivers/STM32F4xx_HAL_Driver/Src/stm32f4xx_hal_gpio.o
LOAD ./Drivers/STM32F4xx_HAL_Driver/Src/stm32f4xx_hal_pcd.o
LOAD ./Drivers/STM32F4xx_HAL_Driver/Src/stm32f4xx_hal_pcd_ex.o
LOAD ./Drivers/STM32F4xx_HAL_Driver/Src/stm32f4xx_hal_pwr.o
LOAD ./Drivers/STM32F4xx_HAL_Driver/Src/stm32f4xx_hal_pwr_ex.o
LOAD ./Drivers/STM32F4xx_HAL_Driver/Src/stm32f4xx_hal_rcc.o
LOAD ./Drivers/STM32F4xx_HAL_Driver/Src/stm32f4xx_hal_rcc_ex.o
LOAD ./Drivers/STM32F4xx_HAL_Driver/Src/stm32f4xx_hal_uart.o
LOAD ./Drivers/STM32F4xx_HAL_Driver/Src/stm32f4xx_ll_usb.o
LOAD ./Middlewares/ST/STM32_USB_Device_Library/Class/CDC/Src/usbd_cdc.o
LOAD ./Middlewares/ST/STM32_USB_Device_Library/Core/Src/usbd_core.o
LOAD ./Middlewares/ST/STM32_USB_Device_Library/Core/Src/usbd_ctlreq.o
LOAD ./Middlewares/ST/STM32_USB_Device_Library/Core/Src/usbd_ioreq.o
LOAD ./Src/board_io.o
LOAD ./Src/can_transport.o
LOAD ./Src/chassis_app.o
LOAD ./Src/drive_controller_mssd.o
LOAD ./Src/ewm22_link.o
LOAD ./Src/main.o
LOAD ./Src/steering_controller_mssc.o
LOAD ./Src/stm32f4xx_hal_msp.o
LOAD ./Src/stm32f4xx_it.o
LOAD ./Src/syscalls.o
LOAD ./Src/sysmem.o
LOAD ./Src/system_stm32f4xx.o
LOAD ./Src/usb_cdc_shell.o
LOAD ./Src/usb_device.o
LOAD ./Src/usbd_cdc_if.o
LOAD ./Src/usbd_conf.o
LOAD ./Src/usbd_desc.o
LOAD ./Src/vehicle_config.o
LOAD ./Startup/startup_stm32f407zgtx.o
START GROUP
LOAD D:/cubeide/STM32CubeIDE_2.1.1/STM32CubeIDE/plugins/com.st.stm32cube.ide.mcu.externaltools.gnu-tools-for-stm32.14.3.rel1.win32_1.0.100.202602081740/tools/bin/../lib/gcc/arm-none-eabi/14.3.1/../../../../arm-none-eabi/lib/thumb/v7e-m+fp/hard\libc_nano.a
LOAD D:/cubeide/STM32CubeIDE_2.1.1/STM32CubeIDE/plugins/com.st.stm32cube.ide.mcu.externaltools.gnu-tools-for-stm32.14.3.rel1.win32_1.0.100.202602081740/tools/bin/../lib/gcc/arm-none-eabi/14.3.1/../../../../arm-none-eabi/lib/thumb/v7e-m+fp/hard\libm.a
END GROUP
START GROUP
LOAD D:/cubeide/STM32CubeIDE_2.1.1/STM32CubeIDE/plugins/com.st.stm32cube.ide.mcu.externaltools.gnu-tools-for-stm32.14.3.rel1.win32_1.0.100.202602081740/tools/bin/../lib/gcc/arm-none-eabi/14.3.1/thumb/v7e-m+fp/hard\libgcc.a
LOAD D:/cubeide/STM32CubeIDE_2.1.1/STM32CubeIDE/plugins/com.st.stm32cube.ide.mcu.externaltools.gnu-tools-for-stm32.14.3.rel1.win32_1.0.100.202602081740/tools/bin/../lib/gcc/arm-none-eabi/14.3.1/../../../../arm-none-eabi/lib/thumb/v7e-m+fp/hard\libc_nano.a
END GROUP
START GROUP
LOAD D:/cubeide/STM32CubeIDE_2.1.1/STM32CubeIDE/plugins/com.st.stm32cube.ide.mcu.externaltools.gnu-tools-for-stm32.14.3.rel1.win32_1.0.100.202602081740/tools/bin/../lib/gcc/arm-none-eabi/14.3.1/thumb/v7e-m+fp/hard\libgcc.a
LOAD D:/cubeide/STM32CubeIDE_2.1.1/STM32CubeIDE/plugins/com.st.stm32cube.ide.mcu.externaltools.gnu-tools-for-stm32.14.3.rel1.win32_1.0.100.202602081740/tools/bin/../lib/gcc/arm-none-eabi/14.3.1/../../../../arm-none-eabi/lib/thumb/v7e-m+fp/hard\libc_nano.a
LOAD D:/cubeide/STM32CubeIDE_2.1.1/STM32CubeIDE/plugins/com.st.stm32cube.ide.mcu.externaltools.gnu-tools-for-stm32.14.3.rel1.win32_1.0.100.202602081740/tools/bin/../lib/gcc/arm-none-eabi/14.3.1/../../../../arm-none-eabi/lib/thumb/v7e-m+fp/hard\libnosys.a
END GROUP
START GROUP
LOAD D:/cubeide/STM32CubeIDE_2.1.1/STM32CubeIDE/plugins/com.st.stm32cube.ide.mcu.externaltools.gnu-tools-for-stm32.14.3.rel1.win32_1.0.100.202602081740/tools/bin/../lib/gcc/arm-none-eabi/14.3.1/thumb/v7e-m+fp/hard\libgcc.a
LOAD D:/cubeide/STM32CubeIDE_2.1.1/STM32CubeIDE/plugins/com.st.stm32cube.ide.mcu.externaltools.gnu-tools-for-stm32.14.3.rel1.win32_1.0.100.202602081740/tools/bin/../lib/gcc/arm-none-eabi/14.3.1/../../../../arm-none-eabi/lib/thumb/v7e-m+fp/hard\libc_nano.a
LOAD D:/cubeide/STM32CubeIDE_2.1.1/STM32CubeIDE/plugins/com.st.stm32cube.ide.mcu.externaltools.gnu-tools-for-stm32.14.3.rel1.win32_1.0.100.202602081740/tools/bin/../lib/gcc/arm-none-eabi/14.3.1/../../../../arm-none-eabi/lib/thumb/v7e-m+fp/hard\libnosys.a
END GROUP
LOAD D:/cubeide/STM32CubeIDE_2.1.1/STM32CubeIDE/plugins/com.st.stm32cube.ide.mcu.externaltools.gnu-tools-for-stm32.14.3.rel1.win32_1.0.100.202602081740/tools/bin/../lib/gcc/arm-none-eabi/14.3.1/thumb/v7e-m+fp/hard/crtend.o
LOAD D:/cubeide/STM32CubeIDE_2.1.1/STM32CubeIDE/plugins/com.st.stm32cube.ide.mcu.externaltools.gnu-tools-for-stm32.14.3.rel1.win32_1.0.100.202602081740/tools/bin/../lib/gcc/arm-none-eabi/14.3.1/thumb/v7e-m+fp/hard/crtn.o
                0x20020000                        _estack = (ORIGIN (RAM) + LENGTH (RAM))
                0x00000200                        _Min_Heap_Size = 0x200
                0x00000400                        _Min_Stack_Size = 0x400

.isr_vector     0x08000000      0x188
                0x08000000                        . = ALIGN (0x4)
 *(.isr_vector)
 .isr_vector    0x08000000      0x188 ./Startup/startup_stm32f407zgtx.o
                0x08000000                g_pfnVectors
                0x08000188                        . = ALIGN (0x4)

.text           0x08000190    0x13f14
                0x08000190                        . = ALIGN (0x4)
 *(.text)
 .text          0x08000190       0x40 D:/cubeide/STM32CubeIDE_2.1.1/STM32CubeIDE/plugins/com.st.stm32cube.ide.mcu.externaltools.gnu-tools-for-stm32.14.3.rel1.win32_1.0.100.202602081740/tools/bin/../lib/gcc/arm-none-eabi/14.3.1/thumb/v7e-m+fp/hard/crtbegin.o
 .text          0x080001d0       0x10 D:/cubeide/STM32CubeIDE_2.1.1/STM32CubeIDE/plugins/com.st.stm32cube.ide.mcu.externaltools.gnu-tools-for-stm32.14.3.rel1.win32_1.0.100.202602081740/tools/bin/../lib/gcc/arm-none-eabi/14.3.1/../../../../arm-none-eabi/lib/thumb/v7e-m+fp/hard\libc_nano.a(libc_a-strlen.o)
                0x080001d0                strlen
 .text          0x080001e0       0xa0 D:/cubeide/STM32CubeIDE_2.1.1/STM32CubeIDE/plugins/com.st.stm32cube.ide.mcu.externaltools.gnu-tools-for-stm32.14.3.rel1.win32_1.0.100.202602081740/tools/bin/../lib/gcc/arm-none-eabi/14.3.1/../../../../arm-none-eabi/lib/thumb/v7e-m+fp/hard\libc_nano.a(libc_a-memchr.o)
                0x080001e0                memchr
 .text          0x08000280       0x30 D:/cubeide/STM32CubeIDE_2.1.1/STM32CubeIDE/plugins/com.st.stm32cube.ide.mcu.externaltools.gnu-tools-for-stm32.14.3.rel1.win32_1.0.100.202602081740/tools/bin/../lib/gcc/arm-none-eabi/14.3.1/thumb/v7e-m+fp/hard\libgcc.a(_aeabi_uldivmod.o)
                0x08000280                __aeabi_uldivmod
 .text          0x080002b0      0x2f8 D:/cubeide/STM32CubeIDE_2.1.1/STM32CubeIDE/plugins/com.st.stm32cube.ide.mcu.externaltools.gnu-tools-for-stm32.14.3.rel1.win32_1.0.100.202602081740/tools/bin/../lib/gcc/arm-none-eabi/14.3.1/thumb/v7e-m+fp/hard\libgcc.a(_udivmoddi4.o)
                0x080002b0                __udivmoddi4
 .text          0x080005a8        0x4 D:/cubeide/STM32CubeIDE_2.1.1/STM32CubeIDE/plugins/com.st.stm32cube.ide.mcu.externaltools.gnu-tools-for-stm32.14.3.rel1.win32_1.0.100.202602081740/tools/bin/../lib/gcc/arm-none-eabi/14.3.1/thumb/v7e-m+fp/hard\libgcc.a(_dvmd_tls.o)
                0x080005a8                __aeabi_idiv0
                0x080005a8                __aeabi_ldiv0
 *(.text*)
 .text.HAL_Init
                0x080005ac       0x44 ./Drivers/STM32F4xx_HAL_Driver/Src/stm32f4xx_hal.o
                0x080005ac                HAL_Init
 .text.HAL_InitTick
                0x080005f0       0x60 ./Drivers/STM32F4xx_HAL_Driver/Src/stm32f4xx_hal.o
                0x080005f0                HAL_InitTick
 .text.HAL_IncTick
                0x08000650       0x28 ./Drivers/STM32F4xx_HAL_Driver/Src/stm32f4xx_hal.o
                0x08000650                HAL_IncTick
 .text.HAL_GetTick
                0x08000678       0x18 ./Drivers/STM32F4xx_HAL_Driver/Src/stm32f4xx_hal.o
                0x08000678                HAL_GetTick
 .text.HAL_Delay
                0x08000690       0x48 ./Drivers/STM32F4xx_HAL_Driver/Src/stm32f4xx_hal.o
                0x08000690                HAL_Delay
 .text.HAL_ADC_Init
                0x080006d8       0x86 ./Drivers/STM32F4xx_HAL_Driver/Src/stm32f4xx_hal_adc.o
                0x080006d8                HAL_ADC_Init
 *fill*         0x0800075e        0x2
 .text.HAL_ADC_Start
                0x08000760      0x1a4 ./Drivers/STM32F4xx_HAL_Driver/Src/stm32f4xx_hal_adc.o
                0x08000760                HAL_ADC_Start
 .text.HAL_ADC_Stop
                0x08000904       0x66 ./Drivers/STM32F4xx_HAL_Driver/Src/stm32f4xx_hal_adc.o
                0x08000904                HAL_ADC_Stop
 .text.HAL_ADC_PollForConversion
                0x0800096a      0x116 ./Drivers/STM32F4xx_HAL_Driver/Src/stm32f4xx_hal_adc.o
                0x0800096a                HAL_ADC_PollForConversion
 .text.HAL_ADC_GetValue
                0x08000a80       0x1a ./Drivers/STM32F4xx_HAL_Driver/Src/stm32f4xx_hal_adc.o
                0x08000a80                HAL_ADC_GetValue
 *fill*         0x08000a9a        0x2
 .text.HAL_ADC_ConfigChannel
                0x08000a9c      0x244 ./Drivers/STM32F4xx_HAL_Driver/Src/stm32f4xx_hal_adc.o
                0x08000a9c                HAL_ADC_ConfigChannel
 .text.ADC_Init
                0x08000ce0      0x1f8 ./Drivers/STM32F4xx_HAL_Driver/Src/stm32f4xx_hal_adc.o
 .text.HAL_CAN_Init
                0x08000ed8      0x1f6 ./Drivers/STM32F4xx_HAL_Driver/Src/stm32f4xx_hal_can.o
                0x08000ed8                HAL_CAN_Init
 *fill*         0x080010ce        0x2
 .text.HAL_CAN_ConfigFilter
                0x080010d0      0x1bc ./Drivers/STM32F4xx_HAL_Driver/Src/stm32f4xx_hal_can.o
                0x080010d0                HAL_CAN_ConfigFilter
 .text.HAL_CAN_Start
                0x0800128c       0x88 ./Drivers/STM32F4xx_HAL_Driver/Src/stm32f4xx_hal_can.o
                0x0800128c                HAL_CAN_Start
 .text.HAL_CAN_Stop
                0x08001314       0x92 ./Drivers/STM32F4xx_HAL_Driver/Src/stm32f4xx_hal_can.o
                0x08001314                HAL_CAN_Stop
 .text.HAL_CAN_AddTxMessage
                0x080013a6      0x1a0 ./Drivers/STM32F4xx_HAL_Driver/Src/stm32f4xx_hal_can.o
                0x080013a6                HAL_CAN_AddTxMessage
 .text.HAL_CAN_GetRxMessage
                0x08001546      0x244 ./Drivers/STM32F4xx_HAL_Driver/Src/stm32f4xx_hal_can.o
                0x08001546                HAL_CAN_GetRxMessage
 .text.HAL_CAN_GetRxFifoFillLevel
                0x0800178a       0x50 ./Drivers/STM32F4xx_HAL_Driver/Src/stm32f4xx_hal_can.o
                0x0800178a                HAL_CAN_GetRxFifoFillLevel
 .text.HAL_CAN_ActivateNotification
                0x080017da       0x4c ./Drivers/STM32F4xx_HAL_Driver/Src/stm32f4xx_hal_can.o
                0x080017da                HAL_CAN_ActivateNotification
 .text.HAL_CAN_IRQHandler
                0x08001826      0x36e ./Drivers/STM32F4xx_HAL_Driver/Src/stm32f4xx_hal_can.o
                0x08001826                HAL_CAN_IRQHandler
 .text.HAL_CAN_TxMailbox0CompleteCallback
                0x08001b94       0x14 ./Drivers/STM32F4xx_HAL_Driver/Src/stm32f4xx_hal_can.o
                0x08001b94                HAL_CAN_TxMailbox0CompleteCallback
 .text.HAL_CAN_TxMailbox1CompleteCallback
                0x08001ba8       0x14 ./Drivers/STM32F4xx_HAL_Driver/Src/stm32f4xx_hal_can.o
                0x08001ba8                HAL_CAN_TxMailbox1CompleteCallback
 .text.HAL_CAN_TxMailbox2CompleteCallback
                0x08001bbc       0x14 ./Drivers/STM32F4xx_HAL_Driver/Src/stm32f4xx_hal_can.o
                0x08001bbc                HAL_CAN_TxMailbox2CompleteCallback
 .text.HAL_CAN_TxMailbox0AbortCallback
                0x08001bd0       0x14 ./Drivers/STM32F4xx_HAL_Driver/Src/stm32f4xx_hal_can.o
                0x08001bd0                HAL_CAN_TxMailbox0AbortCallback
 .text.HAL_CAN_TxMailbox1AbortCallback
                0x08001be4       0x14 ./Drivers/STM32F4xx_HAL_Driver/Src/stm32f4xx_hal_can.o
                0x08001be4                HAL_CAN_TxMailbox1AbortCallback
 .text.HAL_CAN_TxMailbox2AbortCallback
                0x08001bf8       0x14 ./Drivers/STM32F4xx_HAL_Driver/Src/stm32f4xx_hal_can.o
                0x08001bf8                HAL_CAN_TxMailbox2AbortCallback
 .text.HAL_CAN_RxFifo1MsgPendingCallback
                0x08001c0c       0x14 ./Drivers/STM32F4xx_HAL_Driver/Src/stm32f4xx_hal_can.o
                0x08001c0c                HAL_CAN_RxFifo1MsgPendingCallback
 .text.HAL_CAN_RxFifo1FullCallback
                0x08001c20       0x14 ./Drivers/STM32F4xx_HAL_Driver/Src/stm32f4xx_hal_can.o
                0x08001c20                HAL_CAN_RxFifo1FullCallback
 .text.HAL_CAN_SleepCallback
                0x08001c34       0x14 ./Drivers/STM32F4xx_HAL_Driver/Src/stm32f4xx_hal_can.o
                0x08001c34                HAL_CAN_SleepCallback
 .text.HAL_CAN_WakeUpFromRxMsgCallback
                0x08001c48       0x14 ./Drivers/STM32F4xx_HAL_Driver/Src/stm32f4xx_hal_can.o
                0x08001c48                HAL_CAN_WakeUpFromRxMsgCallback
 .text.HAL_CAN_GetError
                0x08001c5c       0x18 ./Drivers/STM32F4xx_HAL_Driver/Src/stm32f4xx_hal_can.o
                0x08001c5c                HAL_CAN_GetError
 .text.__NVIC_SetPriorityGrouping
                0x08001c74       0x48 ./Drivers/STM32F4xx_HAL_Driver/Src/stm32f4xx_hal_cortex.o
 .text.__NVIC_GetPriorityGrouping
                0x08001cbc       0x1c ./Drivers/STM32F4xx_HAL_Driver/Src/stm32f4xx_hal_cortex.o
 .text.__NVIC_EnableIRQ
                0x08001cd8       0x3c ./Drivers/STM32F4xx_HAL_Driver/Src/stm32f4xx_hal_cortex.o
 .text.__NVIC_SetPriority
                0x08001d14       0x54 ./Drivers/STM32F4xx_HAL_Driver/Src/stm32f4xx_hal_cortex.o
 .text.NVIC_EncodePriority
                0x08001d68       0x66 ./Drivers/STM32F4xx_HAL_Driver/Src/stm32f4xx_hal_cortex.o
 *fill*         0x08001dce        0x2
 .text.SysTick_Config
                0x08001dd0       0x44 ./Drivers/STM32F4xx_HAL_Driver/Src/stm32f4xx_hal_cortex.o
 .text.HAL_NVIC_SetPriorityGrouping
                0x08001e14       0x16 ./Drivers/STM32F4xx_HAL_Driver/Src/stm32f4xx_hal_cortex.o
                0x08001e14                HAL_NVIC_SetPriorityGrouping
 .text.HAL_NVIC_SetPriority
                0x08001e2a       0x38 ./Drivers/STM32F4xx_HAL_Driver/Src/stm32f4xx_hal_cortex.o
                0x08001e2a                HAL_NVIC_SetPriority
 .text.HAL_NVIC_EnableIRQ
                0x08001e62       0x1c ./Drivers/STM32F4xx_HAL_Driver/Src/stm32f4xx_hal_cortex.o
                0x08001e62                HAL_NVIC_EnableIRQ
 .text.HAL_SYSTICK_Config
                0x08001e7e       0x18 ./Drivers/STM32F4xx_HAL_Driver/Src/stm32f4xx_hal_cortex.o
                0x08001e7e                HAL_SYSTICK_Config
 .text.HAL_DMA_Abort
                0x08001e96       0xe0 ./Drivers/STM32F4xx_HAL_Driver/Src/stm32f4xx_hal_dma.o
                0x08001e96                HAL_DMA_Abort
 .text.HAL_DMA_Abort_IT
                0x08001f76       0x44 ./Drivers/STM32F4xx_HAL_Driver/Src/stm32f4xx_hal_dma.o
                0x08001f76                HAL_DMA_Abort_IT
 *fill*         0x08001fba        0x2
 .text.HAL_FLASH_Program
                0x08001fbc       0xa4 ./Drivers/STM32F4xx_HAL_Driver/Src/stm32f4xx_hal_flash.o
                0x08001fbc                HAL_FLASH_Program
 .text.HAL_FLASH_Unlock
                0x08002060       0x44 ./Drivers/STM32F4xx_HAL_Driver/Src/stm32f4xx_hal_flash.o
                0x08002060                HAL_FLASH_Unlock
 .text.HAL_FLASH_Lock
                0x080020a4       0x20 ./Drivers/STM32F4xx_HAL_Driver/Src/stm32f4xx_hal_flash.o
                0x080020a4                HAL_FLASH_Lock
 .text.FLASH_WaitForLastOperation
                0x080020c4       0x80 ./Drivers/STM32F4xx_HAL_Driver/Src/stm32f4xx_hal_flash.o
                0x080020c4                FLASH_WaitForLastOperation
 .text.FLASH_Program_DoubleWord
                0x08002144       0x64 ./Drivers/STM32F4xx_HAL_Driver/Src/stm32f4xx_hal_flash.o
 .text.FLASH_Program_Word
                0x080021a8       0x44 ./Drivers/STM32F4xx_HAL_Driver/Src/stm32f4xx_hal_flash.o
 .text.FLASH_Program_HalfWord
                0x080021ec       0x48 ./Drivers/STM32F4xx_HAL_Driver/Src/stm32f4xx_hal_flash.o
 .text.FLASH_Program_Byte
                0x08002234       0x44 ./Drivers/STM32F4xx_HAL_Driver/Src/stm32f4xx_hal_flash.o
 .text.FLASH_SetErrorCode
                0x08002278       0xac ./Drivers/STM32F4xx_HAL_Driver/Src/stm32f4xx_hal_flash.o
 .text.HAL_FLASHEx_Erase
                0x08002324       0xdc ./Drivers/STM32F4xx_HAL_Driver/Src/stm32f4xx_hal_flash_ex.o
                0x08002324                HAL_FLASHEx_Erase
 .text.FLASH_MassErase
                0x08002400       0x48 ./Drivers/STM32F4xx_HAL_Driver/Src/stm32f4xx_hal_flash_ex.o
 .text.FLASH_Erase_Sector
                0x08002448       0x90 ./Drivers/STM32F4xx_HAL_Driver/Src/stm32f4xx_hal_flash_ex.o
                0x08002448                FLASH_Erase_Sector
 .text.FLASH_FlushCaches
                0x080024d8       0x8c ./Drivers/STM32F4xx_HAL_Driver/Src/stm32f4xx_hal_flash_ex.o
                0x080024d8                FLASH_FlushCaches
 .text.HAL_GPIO_Init
                0x08002564      0x338 ./Drivers/STM32F4xx_HAL_Driver/Src/stm32f4xx_hal_gpio.o
                0x08002564                HAL_GPIO_Init
 .text.HAL_GPIO_ReadPin
                0x0800289c       0x30 ./Drivers/STM32F4xx_HAL_Driver/Src/stm32f4xx_hal_gpio.o
                0x0800289c                HAL_GPIO_ReadPin
 .text.HAL_PCD_Init
                0x080028cc      0x21e ./Drivers/STM32F4xx_HAL_Driver/Src/stm32f4xx_hal_pcd.o
                0x080028cc                HAL_PCD_Init
 .text.HAL_PCD_Start
                0x08002aea       0x6a ./Drivers/STM32F4xx_HAL_Driver/Src/stm32f4xx_hal_pcd.o
                0x08002aea                HAL_PCD_Start
 .text.HAL_PCD_IRQHandler
                0x08002b54      0x942 ./Drivers/STM32F4xx_HAL_Driver/Src/stm32f4xx_hal_pcd.o
                0x08002b54                HAL_PCD_IRQHandler
 .text.HAL_PCD_SetAddress
                0x08003496       0x48 ./Drivers/STM32F4xx_HAL_Driver/Src/stm32f4xx_hal_pcd.o
                0x08003496                HAL_PCD_SetAddress
 .text.HAL_PCD_EP_Open
                0x080034de       0xd4 ./Drivers/STM32F4xx_HAL_Driver/Src/stm32f4xx_hal_pcd.o
                0x080034de                HAL_PCD_EP_Open
 .text.HAL_PCD_EP_Close
                0x080035b2       0x94 ./Drivers/STM32F4xx_HAL_Driver/Src/stm32f4xx_hal_pcd.o
                0x080035b2                HAL_PCD_EP_Close
 .text.HAL_PCD_EP_Receive
                0x08003646       0x76 ./Drivers/STM32F4xx_HAL_Driver/Src/stm32f4xx_hal_pcd.o
                0x08003646                HAL_PCD_EP_Receive
 .text.HAL_PCD_EP_GetRxCount
                0x080036bc       0x30 ./Drivers/STM32F4xx_HAL_Driver/Src/stm32f4xx_hal_pcd.o
                0x080036bc                HAL_PCD_EP_GetRxCount
 .text.HAL_PCD_EP_Transmit
                0x080036ec       0x74 ./Drivers/STM32F4xx_HAL_Driver/Src/stm32f4xx_hal_pcd.o
                0x080036ec                HAL_PCD_EP_Transmit
 .text.HAL_PCD_EP_SetStall
                0x08003760       0xc6 ./Drivers/STM32F4xx_HAL_Driver/Src/stm32f4xx_hal_pcd.o
                0x08003760                HAL_PCD_EP_SetStall
 .text.HAL_PCD_EP_ClrStall
                0x08003826       0xac ./Drivers/STM32F4xx_HAL_Driver/Src/stm32f4xx_hal_pcd.o
                0x08003826                HAL_PCD_EP_ClrStall
 .text.HAL_PCD_EP_Abort
                0x080038d2       0x62 ./Drivers/STM32F4xx_HAL_Driver/Src/stm32f4xx_hal_pcd.o
                0x080038d2                HAL_PCD_EP_Abort
 .text.PCD_WriteEmptyTxFifo
                0x08003934      0x118 ./Drivers/STM32F4xx_HAL_Driver/Src/stm32f4xx_hal_pcd.o
 .text.PCD_EP_OutXfrComplete_int
                0x08003a4c      0x1d0 ./Drivers/STM32F4xx_HAL_Driver/Src/stm32f4xx_hal_pcd.o
 .text.PCD_EP_OutSetupPacket_int
                0x08003c1c       0x8c ./Drivers/STM32F4xx_HAL_Driver/Src/stm32f4xx_hal_pcd.o
 .text.HAL_PCDEx_SetTxFiFo
                0x08003ca8       0x8e ./Drivers/STM32F4xx_HAL_Driver/Src/stm32f4xx_hal_pcd_ex.o
                0x08003ca8                HAL_PCDEx_SetTxFiFo
 .text.HAL_PCDEx_SetRxFiFo
                0x08003d36       0x22 ./Drivers/STM32F4xx_HAL_Driver/Src/stm32f4xx_hal_pcd_ex.o
                0x08003d36                HAL_PCDEx_SetRxFiFo
 .text.HAL_PCDEx_LPM_Callback
                0x08003d58       0x18 ./Drivers/STM32F4xx_HAL_Driver/Src/stm32f4xx_hal_pcd_ex.o
                0x08003d58                HAL_PCDEx_LPM_Callback
 .text.HAL_RCC_OscConfig
                0x08003d70      0x4f0 ./Drivers/STM32F4xx_HAL_Driver/Src/stm32f4xx_hal_rcc.o
                0x08003d70                HAL_RCC_OscConfig
 .text.HAL_RCC_ClockConfig
                0x08004260      0x1cc ./Drivers/STM32F4xx_HAL_Driver/Src/stm32f4xx_hal_rcc.o
                0x08004260                HAL_RCC_ClockConfig
 .text.HAL_RCC_GetSysClockFreq
                0x0800442c      0x20c ./Drivers/STM32F4xx_HAL_Driver/Src/stm32f4xx_hal_rcc.o
                0x0800442c                HAL_RCC_GetSysClockFreq
 .text.HAL_RCC_GetHCLKFreq
                0x08004638       0x18 ./Drivers/STM32F4xx_HAL_Driver/Src/stm32f4xx_hal_rcc.o
                0x08004638                HAL_RCC_GetHCLKFreq
 .text.HAL_RCC_GetPCLK1Freq
                0x08004650       0x28 ./Drivers/STM32F4xx_HAL_Driver/Src/stm32f4xx_hal_rcc.o
                0x08004650                HAL_RCC_GetPCLK1Freq
 .text.HAL_RCC_GetPCLK2Freq
                0x08004678       0x28 ./Drivers/STM32F4xx_HAL_Driver/Src/stm32f4xx_hal_rcc.o
                0x08004678                HAL_RCC_GetPCLK2Freq
 .text.HAL_UART_Init
                0x080046a0       0xa0 ./Drivers/STM32F4xx_HAL_Driver/Src/stm32f4xx_hal_uart.o
                0x080046a0                HAL_UART_Init
 .text.HAL_UART_Transmit
                0x08004740      0x116 ./Drivers/STM32F4xx_HAL_Driver/Src/stm32f4xx_hal_uart.o
                0x08004740                HAL_UART_Transmit
 .text.HAL_UART_Receive_IT
                0x08004856       0x4a ./Drivers/STM32F4xx_HAL_Driver/Src/stm32f4xx_hal_uart.o
                0x08004856                HAL_UART_Receive_IT
 .text.HAL_UART_AbortReceive_IT
                0x080048a0      0x164 ./Drivers/STM32F4xx_HAL_Driver/Src/stm32f4xx_hal_uart.o
                0x080048a0                HAL_UART_AbortReceive_IT
 .text.HAL_UART_IRQHandler
                0x08004a04      0x554 ./Drivers/STM32F4xx_HAL_Driver/Src/stm32f4xx_hal_uart.o
                0x08004a04                HAL_UART_IRQHandler
 .text.HAL_UART_TxCpltCallback
                0x08004f58       0x14 ./Drivers/STM32F4xx_HAL_Driver/Src/stm32f4xx_hal_uart.o
                0x08004f58                HAL_UART_TxCpltCallback
 .text.HAL_UART_AbortReceiveCpltCallback
                0x08004f6c       0x14 ./Drivers/STM32F4xx_HAL_Driver/Src/stm32f4xx_hal_uart.o
                0x08004f6c                HAL_UART_AbortReceiveCpltCallback
 .text.HAL_UARTEx_RxEventCallback
                0x08004f80       0x18 ./Drivers/STM32F4xx_HAL_Driver/Src/stm32f4xx_hal_uart.o
                0x08004f80                HAL_UARTEx_RxEventCallback
 .text.UART_WaitOnFlagUntilTimeout
                0x08004f98       0xb2 ./Drivers/STM32F4xx_HAL_Driver/Src/stm32f4xx_hal_uart.o
 .text.UART_Start_Receive_IT
                0x0800504a       0x74 ./Drivers/STM32F4xx_HAL_Driver/Src/stm32f4xx_hal_uart.o
                0x0800504a                UART_Start_Receive_IT
 .text.UART_EndRxTransfer
                0x080050be       0xc6 ./Drivers/STM32F4xx_HAL_Driver/Src/stm32f4xx_hal_uart.o
 .text.UART_DMAAbortOnError
                0x08005184       0x22 ./Drivers/STM32F4xx_HAL_Driver/Src/stm32f4xx_hal_uart.o
 .text.UART_DMARxOnlyAbortCallback
                0x080051a6       0x30 ./Drivers/STM32F4xx_HAL_Driver/Src/stm32f4xx_hal_uart.o
 .text.UART_Transmit_IT
                0x080051d6       0xa0 ./Drivers/STM32F4xx_HAL_Driver/Src/stm32f4xx_hal_uart.o
 .text.UART_EndTransmit_IT
                0x08005276       0x30 ./Drivers/STM32F4xx_HAL_Driver/Src/stm32f4xx_hal_uart.o
 .text.UART_Receive_IT
                0x080052a6      0x17c ./Drivers/STM32F4xx_HAL_Driver/Src/stm32f4xx_hal_uart.o
 *fill*         0x08005422        0x2
 .text.UART_SetConfig
                0x08005424      0x4e8 ./Drivers/STM32F4xx_HAL_Driver/Src/stm32f4xx_hal_uart.o
 .text.USB_CoreInit
                0x0800590c       0xc8 ./Drivers/STM32F4xx_HAL_Driver/Src/stm32f4xx_ll_usb.o
                0x0800590c                USB_CoreInit
 .text.USB_SetTurnaroundTime
                0x080059d4      0x144 ./Drivers/STM32F4xx_HAL_Driver/Src/stm32f4xx_ll_usb.o
                0x080059d4                USB_SetTurnaroundTime
 .text.USB_EnableGlobalInt
                0x08005b18       0x22 ./Drivers/STM32F4xx_HAL_Driver/Src/stm32f4xx_ll_usb.o
                0x08005b18                USB_EnableGlobalInt
 .text.USB_DisableGlobalInt
                0x08005b3a       0x22 ./Drivers/STM32F4xx_HAL_Driver/Src/stm32f4xx_ll_usb.o
                0x08005b3a                USB_DisableGlobalInt
 .text.USB_SetCurrentMode
                0x08005b5c       0x98 ./Drivers/STM32F4xx_HAL_Driver/Src/stm32f4xx_ll_usb.o
                0x08005b5c                USB_SetCurrentMode
 .text.USB_DevInit
                0x08005bf4      0x2c8 ./Drivers/STM32F4xx_HAL_Driver/Src/stm32f4xx_ll_usb.o
                0x08005bf4                USB_DevInit
 .text.USB_FlushTxFifo
                0x08005ebc       0x64 ./Drivers/STM32F4xx_HAL_Driver/Src/stm32f4xx_ll_usb.o
                0x08005ebc                USB_FlushTxFifo
 .text.USB_FlushRxFifo
                0x08005f20       0x5c ./Drivers/STM32F4xx_HAL_Driver/Src/stm32f4xx_ll_usb.o
                0x08005f20                USB_FlushRxFifo
 .text.USB_SetDevSpeed
                0x08005f7c       0x32 ./Drivers/STM32F4xx_HAL_Driver/Src/stm32f4xx_ll_usb.o
                0x08005f7c                USB_SetDevSpeed
 .text.USB_GetDevSpeed
                0x08005fae       0x4a ./Drivers/STM32F4xx_HAL_Driver/Src/stm32f4xx_ll_usb.o
                0x08005fae                USB_GetDevSpeed
 .text.USB_ActivateEndpoint
                0x08005ff8      0x10e ./Drivers/STM32F4xx_HAL_Driver/Src/stm32f4xx_ll_usb.o
                0x08005ff8                USB_ActivateEndpoint
 *fill*         0x08006106        0x2
 .text.USB_DeactivateEndpoint
                0x08006108      0x1b8 ./Drivers/STM32F4xx_HAL_Driver/Src/stm32f4xx_ll_usb.o
                0x08006108                USB_DeactivateEndpoint
 .text.USB_EPStartXfer
                0x080062c0      0x53c ./Drivers/STM32F4xx_HAL_Driver/Src/stm32f4xx_ll_usb.o
                0x080062c0                USB_EPStartXfer
 .text.USB_EPStopXfer
                0x080067fc      0x154 ./Drivers/STM32F4xx_HAL_Driver/Src/stm32f4xx_ll_usb.o
                0x080067fc                USB_EPStopXfer
 .text.USB_WritePacket
                0x08006950       0x7c ./Drivers/STM32F4xx_HAL_Driver/Src/stm32f4xx_ll_usb.o
                0x08006950                USB_WritePacket
 .text.USB_ReadPacket
                0x080069cc       0xb0 ./Drivers/STM32F4xx_HAL_Driver/Src/stm32f4xx_ll_usb.o
                0x080069cc                USB_ReadPacket
 .text.USB_EPSetStall
                0x08006a7c       0xdc ./Drivers/STM32F4xx_HAL_Driver/Src/stm32f4xx_ll_usb.o
                0x08006a7c                USB_EPSetStall
 .text.USB_EPClearStall
                0x08006b58       0xcc ./Drivers/STM32F4xx_HAL_Driver/Src/stm32f4xx_ll_usb.o
                0x08006b58                USB_EPClearStall
 .text.USB_SetDevAddress
                0x08006c24       0x4c ./Drivers/STM32F4xx_HAL_Driver/Src/stm32f4xx_ll_usb.o
                0x08006c24                USB_SetDevAddress
 .text.USB_DevConnect
                0x08006c70       0x42 ./Drivers/STM32F4xx_HAL_Driver/Src/stm32f4xx_ll_usb.o
                0x08006c70                USB_DevConnect
 .text.USB_DevDisconnect
                0x08006cb2       0x42 ./Drivers/STM32F4xx_HAL_Driver/Src/stm32f4xx_ll_usb.o
                0x08006cb2                USB_DevDisconnect
 .text.USB_ReadInterrupts
                0x08006cf4       0x26 ./Drivers/STM32F4xx_HAL_Driver/Src/stm32f4xx_ll_usb.o
                0x08006cf4                USB_ReadInterrupts
 .text.USB_ReadDevAllOutEpInterrupt
                0x08006d1a       0x34 ./Drivers/STM32F4xx_HAL_Driver/Src/stm32f4xx_ll_usb.o
                0x08006d1a                USB_ReadDevAllOutEpInterrupt
 .text.USB_ReadDevAllInEpInterrupt
                0x08006d4e       0x34 ./Drivers/STM32F4xx_HAL_Driver/Src/stm32f4xx_ll_usb.o
                0x08006d4e                USB_ReadDevAllInEpInterrupt
 .text.USB_ReadDevOutEPInterrupt
                0x08006d82       0x3c ./Drivers/STM32F4xx_HAL_Driver/Src/stm32f4xx_ll_usb.o
                0x08006d82                USB_ReadDevOutEPInterrupt
 .text.USB_ReadDevInEPInterrupt
                0x08006dbe       0x5c ./Drivers/STM32F4xx_HAL_Driver/Src/stm32f4xx_ll_usb.o
                0x08006dbe                USB_ReadDevInEPInterrupt
 .text.USB_GetMode
                0x08006e1a       0x1c ./Drivers/STM32F4xx_HAL_Driver/Src/stm32f4xx_ll_usb.o
                0x08006e1a                USB_GetMode
 .text.USB_ActivateSetup
                0x08006e36       0x46 ./Drivers/STM32F4xx_HAL_Driver/Src/stm32f4xx_ll_usb.o
                0x08006e36                USB_ActivateSetup
 .text.USB_EP0_OutStart
                0x08006e7c       0xbc ./Drivers/STM32F4xx_HAL_Driver/Src/stm32f4xx_ll_usb.o
                0x08006e7c                USB_EP0_OutStart
 .text.USB_CoreReset
                0x08006f38       0x70 ./Drivers/STM32F4xx_HAL_Driver/Src/stm32f4xx_ll_usb.o
 .text.USBD_CDC_Init
                0x08006fa8      0x1f0 ./Middlewares/ST/STM32_USB_Device_Library/Class/CDC/Src/usbd_cdc.o
 .text.USBD_CDC_DeInit
                0x08007198      0x104 ./Middlewares/ST/STM32_USB_Device_Library/Class/CDC/Src/usbd_cdc.o
 .text.USBD_CDC_Setup
                0x0800729c      0x1b8 ./Middlewares/ST/STM32_USB_Device_Library/Class/CDC/Src/usbd_cdc.o
 .text.USBD_CDC_DataIn
                0x08007454       0xfe ./Middlewares/ST/STM32_USB_Device_Library/Class/CDC/Src/usbd_cdc.o
 .text.USBD_CDC_DataOut
                0x08007552       0x70 ./Middlewares/ST/STM32_USB_Device_Library/Class/CDC/Src/usbd_cdc.o
 .text.USBD_CDC_EP0_RxReady
                0x080075c2       0x74 ./Middlewares/ST/STM32_USB_Device_Library/Class/CDC/Src/usbd_cdc.o
 *fill*         0x08007636        0x2
 .text.USBD_CDC_GetFSCfgDesc
                0x08007638       0x70 ./Middlewares/ST/STM32_USB_Device_Library/Class/CDC/Src/usbd_cdc.o
 .text.USBD_CDC_GetHSCfgDesc
                0x080076a8       0x70 ./Middlewares/ST/STM32_USB_Device_Library/Class/CDC/Src/usbd_cdc.o
 .text.USBD_CDC_GetOtherSpeedCfgDesc
                0x08007718       0x70 ./Middlewares/ST/STM32_USB_Device_Library/Class/CDC/Src/usbd_cdc.o
 .text.USBD_CDC_GetDeviceQualifierDescriptor
                0x08007788       0x20 ./Middlewares/ST/STM32_USB_Device_Library/Class/CDC/Src/usbd_cdc.o
                0x08007788                USBD_CDC_GetDeviceQualifierDescriptor
 .text.USBD_CDC_RegisterInterface
                0x080077a8       0x34 ./Middlewares/ST/STM32_USB_Device_Library/Class/CDC/Src/usbd_cdc.o
                0x080077a8                USBD_CDC_RegisterInterface
 .text.USBD_CDC_SetTxBuffer
                0x080077dc       0x44 ./Middlewares/ST/STM32_USB_Device_Library/Class/CDC/Src/usbd_cdc.o
                0x080077dc                USBD_CDC_SetTxBuffer
 .text.USBD_CDC_SetRxBuffer
                0x08007820       0x3a ./Middlewares/ST/STM32_USB_Device_Library/Class/CDC/Src/usbd_cdc.o
                0x08007820                USBD_CDC_SetRxBuffer
 *fill*         0x0800785a        0x2
 .text.USBD_CDC_TransmitPacket
                0x0800785c       0x80 ./Middlewares/ST/STM32_USB_Device_Library/Class/CDC/Src/usbd_cdc.o
                0x0800785c                USBD_CDC_TransmitPacket
 .text.USBD_CDC_ReceivePacket
                0x080078dc       0x6c ./Middlewares/ST/STM32_USB_Device_Library/Class/CDC/Src/usbd_cdc.o
                0x080078dc                USBD_CDC_ReceivePacket
 .text.USBD_Init
                0x08007948       0x60 ./Middlewares/ST/STM32_USB_Device_Library/Core/Src/usbd_core.o
                0x08007948                USBD_Init
 .text.USBD_RegisterClass
                0x080079a8       0x6c ./Middlewares/ST/STM32_USB_Device_Library/Core/Src/usbd_core.o
                0x080079a8                USBD_RegisterClass
 .text.USBD_Start
                0x08007a14       0x18 ./Middlewares/ST/STM32_USB_Device_Library/Core/Src/usbd_core.o
                0x08007a14                USBD_Start
 .text.USBD_RunTestMode
                0x08007a2c       0x16 ./Middlewares/ST/STM32_USB_Device_Library/Core/Src/usbd_core.o
                0x08007a2c                USBD_RunTestMode
 .text.USBD_SetClassConfig
                0x08007a42       0x38 ./Middlewares/ST/STM32_USB_Device_Library/Core/Src/usbd_core.o
                0x08007a42                USBD_SetClassConfig
 .text.USBD_ClrClassConfig
                0x08007a7a       0x34 ./Middlewares/ST/STM32_USB_Device_Library/Core/Src/usbd_core.o
                0x08007a7a                USBD_ClrClassConfig
 .text.USBD_LL_SetupStage
                0x08007aae       0xaa ./Middlewares/ST/STM32_USB_Device_Library/Core/Src/usbd_core.o
                0x08007aae                USBD_LL_SetupStage
 .text.USBD_LL_DataOutStage
                0x08007b58      0x178 ./Middlewares/ST/STM32_USB_Device_Library/Core/Src/usbd_core.o
                0x08007b58                USBD_LL_DataOutStage
 .text.USBD_LL_DataInStage
                0x08007cd0      0x176 ./Middlewares/ST/STM32_USB_Device_Library/Core/Src/usbd_core.o
                0x08007cd0                USBD_LL_DataInStage
 .text.USBD_LL_Reset
                0x08007e46       0xa6 ./Middlewares/ST/STM32_USB_Device_Library/Core/Src/usbd_core.o
                0x08007e46                USBD_LL_Reset
 .text.USBD_LL_SetSpeed
                0x08007eec       0x20 ./Middlewares/ST/STM32_USB_Device_Library/Core/Src/usbd_core.o
                0x08007eec                USBD_LL_SetSpeed
 .text.USBD_LL_Suspend
                0x08007f0c       0x38 ./Middlewares/ST/STM32_USB_Device_Library/Core/Src/usbd_core.o
                0x08007f0c                USBD_LL_Suspend
 .text.USBD_LL_Resume
                0x08007f44       0x30 ./Middlewares/ST/STM32_USB_Device_Library/Core/Src/usbd_core.o
                0x08007f44                USBD_LL_Resume
 .text.USBD_LL_SOF
                0x08007f74       0x40 ./Middlewares/ST/STM32_USB_Device_Library/Core/Src/usbd_core.o
                0x08007f74                USBD_LL_SOF
 .text.USBD_LL_IsoINIncomplete
                0x08007fb4       0x64 ./Middlewares/ST/STM32_USB_Device_Library/Core/Src/usbd_core.o
                0x08007fb4                USBD_LL_IsoINIncomplete
 .text.USBD_LL_IsoOUTIncomplete
                0x08008018       0x64 ./Middlewares/ST/STM32_USB_Device_Library/Core/Src/usbd_core.o
                0x08008018                USBD_LL_IsoOUTIncomplete
 .text.USBD_LL_DevConnected
                0x0800807c       0x16 ./Middlewares/ST/STM32_USB_Device_Library/Core/Src/usbd_core.o
                0x0800807c                USBD_LL_DevConnected
 .text.USBD_LL_DevDisconnected
                0x08008092       0x46 ./Middlewares/ST/STM32_USB_Device_Library/Core/Src/usbd_core.o
                0x08008092                USBD_LL_DevDisconnected
 .text.USBD_CoreFindIF
                0x080080d8       0x1a ./Middlewares/ST/STM32_USB_Device_Library/Core/Src/usbd_core.o
                0x080080d8                USBD_CoreFindIF
 .text.USBD_CoreFindEP
                0x080080f2       0x1a ./Middlewares/ST/STM32_USB_Device_Library/Core/Src/usbd_core.o
                0x080080f2                USBD_CoreFindEP
 .text.USBD_GetEpDesc
                0x0800810c       0x70 ./Middlewares/ST/STM32_USB_Device_Library/Core/Src/usbd_core.o
                0x0800810c                USBD_GetEpDesc
 .text.USBD_GetNextDesc
                0x0800817c       0x38 ./Middlewares/ST/STM32_USB_Device_Library/Core/Src/usbd_core.o
                0x0800817c                USBD_GetNextDesc
 .text.SWAPBYTE
                0x080081b4       0x3e ./Middlewares/ST/STM32_USB_Device_Library/Core/Src/usbd_ctlreq.o
 *fill*         0x080081f2        0x2
 .text.USBD_StdDevReq
                0x080081f4       0xe4 ./Middlewares/ST/STM32_USB_Device_Library/Core/Src/usbd_ctlreq.o
                0x080081f4                USBD_StdDevReq
 .text.USBD_StdItfReq
                0x080082d8       0xd8 ./Middlewares/ST/STM32_USB_Device_Library/Core/Src/usbd_ctlreq.o
                0x080082d8                USBD_StdItfReq
 .text.USBD_StdEPReq
                0x080083b0      0x33e ./Middlewares/ST/STM32_USB_Device_Library/Core/Src/usbd_ctlreq.o
                0x080083b0                USBD_StdEPReq
 *fill*         0x080086ee        0x2
 .text.USBD_GetDescriptor
                0x080086f0      0x2d4 ./Middlewares/ST/STM32_USB_Device_Library/Core/Src/usbd_ctlreq.o
 .text.USBD_SetAddress
                0x080089c4       0x88 ./Middlewares/ST/STM32_USB_Device_Library/Core/Src/usbd_ctlreq.o
 .text.USBD_SetConfig
                0x08008a4c      0x154 ./Middlewares/ST/STM32_USB_Device_Library/Core/Src/usbd_ctlreq.o
 .text.USBD_GetConfig
                0x08008ba0       0x6c ./Middlewares/ST/STM32_USB_Device_Library/Core/Src/usbd_ctlreq.o
 .text.USBD_GetStatus
                0x08008c0c       0x68 ./Middlewares/ST/STM32_USB_Device_Library/Core/Src/usbd_ctlreq.o
 .text.USBD_SetFeature
                0x08008c74       0x52 ./Middlewares/ST/STM32_USB_Device_Library/Core/Src/usbd_ctlreq.o
 .text.USBD_ClrFeature
                0x08008cc6       0x44 ./Middlewares/ST/STM32_USB_Device_Library/Core/Src/usbd_ctlreq.o
 .text.USBD_ParseSetupRequest
                0x08008d0a       0x74 ./Middlewares/ST/STM32_USB_Device_Library/Core/Src/usbd_ctlreq.o
                0x08008d0a                USBD_ParseSetupRequest
 .text.USBD_CtlError
                0x08008d7e       0x22 ./Middlewares/ST/STM32_USB_Device_Library/Core/Src/usbd_ctlreq.o
                0x08008d7e                USBD_CtlError
 .text.USBD_GetString
                0x08008da0       0xa4 ./Middlewares/ST/STM32_USB_Device_Library/Core/Src/usbd_ctlreq.o
                0x08008da0                USBD_GetString
 .text.USBD_GetLen
                0x08008e44       0x34 ./Middlewares/ST/STM32_USB_Device_Library/Core/Src/usbd_ctlreq.o
 .text.USBD_CtlSendData
                0x08008e78       0x3c ./Middlewares/ST/STM32_USB_Device_Library/Core/Src/usbd_ioreq.o
                0x08008e78                USBD_CtlSendData
 .text.USBD_CtlContinueSendData
                0x08008eb4       0x22 ./Middlewares/ST/STM32_USB_Device_Library/Core/Src/usbd_ioreq.o
                0x08008eb4                USBD_CtlContinueSendData
 .text.USBD_CtlPrepareRx
                0x08008ed6       0x42 ./Middlewares/ST/STM32_USB_Device_Library/Core/Src/usbd_ioreq.o
                0x08008ed6                USBD_CtlPrepareRx
 .text.USBD_CtlContinueRx
                0x08008f18       0x22 ./Middlewares/ST/STM32_USB_Device_Library/Core/Src/usbd_ioreq.o
                0x08008f18                USBD_CtlContinueRx
 .text.USBD_CtlSendStatus
                0x08008f3a       0x26 ./Middlewares/ST/STM32_USB_Device_Library/Core/Src/usbd_ioreq.o
                0x08008f3a                USBD_CtlSendStatus
 .text.USBD_CtlReceiveStatus
                0x08008f60       0x26 ./Middlewares/ST/STM32_USB_Device_Library/Core/Src/usbd_ioreq.o
                0x08008f60                USBD_CtlReceiveStatus
 *fill*         0x08008f86        0x2
 .text.board_io_update_gear
                0x08008f88       0x38 ./Src/board_io.o
 .text.board_io_update_hardware_estop
                0x08008fc0       0x34 ./Src/board_io.o
 .text.board_io_update_adc
                0x08008ff4       0x98 ./Src/board_io.o
 .text.board_io_init
                0x0800908c       0x40 ./Src/board_io.o
                0x0800908c                board_io_init
 .text.board_io_process
                0x080090cc       0x38 ./Src/board_io.o
                0x080090cc                board_io_process
 .text.board_io_get
                0x08009104       0x14 ./Src/board_io.o
                0x08009104                board_io_get
 .text.board_io_gear_name
                0x08009118       0x2c ./Src/board_io.o
                0x08009118                board_io_gear_name
 .text.find_slot
                0x08009144       0xd0 ./Src/can_transport.o
 .text.slot_capture_error_state
                0x08009214       0x60 ./Src/can_transport.o
 .text.slot_mark_fault
                0x08009274       0x42 ./Src/can_transport.o
 .text.slot_reset_queue
                0x080092b6       0x52 ./Src/can_transport.o
 .text.slot_push_result
                0x08009308       0x7c ./Src/can_transport.o
 .text.slot_enqueue_request
                0x08009384       0xc6 ./Src/can_transport.o
 .text.slot_pop_front_request
                0x0800944a       0x80 ./Src/can_transport.o
 .text.slot_read_matches
                0x080094ca       0xa8 ./Src/can_transport.o
 .text.can_transport_record_rx
                0x08009572      0x1ee ./Src/can_transport.o
 .text.slot_request_recovery
                0x08009760       0x20 ./Src/can_transport.o
 .text.slot_handle_timeout
                0x08009780       0x9e ./Src/can_transport.o
 .text.slot_send_request
                0x0800981e      0x10c ./Src/can_transport.o
 .text.slot_perform_recovery
                0x0800992a       0xd2 ./Src/can_transport.o
 .text.can_transport_process_slot
                0x080099fc       0x96 ./Src/can_transport.o
 .text.can_transport_start
                0x08009a92      0x124 ./Src/can_transport.o
                0x08009a92                can_transport_start
 *fill*         0x08009bb6        0x2
 .text.can_transport_process
                0x08009bb8       0x3c ./Src/can_transport.o
                0x08009bb8                can_transport_process
 .text.can_transport_queue_write_std
                0x08009bf4       0x90 ./Src/can_transport.o
                0x08009bf4                can_transport_queue_write_std
 .text.can_transport_queue_read_std
                0x08009c84       0xc8 ./Src/can_transport.o
                0x08009c84                can_transport_queue_read_std
 .text.can_transport_get_bus_state
                0x08009d4c       0x48 ./Src/can_transport.o
                0x08009d4c                can_transport_get_bus_state
 .text.can_transport_take_read_result
                0x08009d94      0x114 ./Src/can_transport.o
                0x08009d94                can_transport_take_read_result
 .text.HAL_CAN_RxFifo0MsgPendingCallback
                0x08009ea8       0x16 ./Src/can_transport.o
                0x08009ea8                HAL_CAN_RxFifo0MsgPendingCallback
 .text.HAL_CAN_RxFifo0FullCallback
                0x08009ebe       0x16 ./Src/can_transport.o
                0x08009ebe                HAL_CAN_RxFifo0FullCallback
 .text.HAL_CAN_ErrorCallback
                0x08009ed4       0x7c ./Src/can_transport.o
                0x08009ed4                HAL_CAN_ErrorCallback
 .text.ascii_stricmp
                0x08009f50       0x98 ./Src/chassis_app.o
 .text.json_get_uint32
                0x08009fe8       0x8a ./Src/chassis_app.o
 .text.json_get_int32
                0x0800a072       0x8a ./Src/chassis_app.o
 .text.json_get_bool
                0x0800a0fc      0x200 ./Src/chassis_app.o
 .text.json_get_string
                0x0800a2fc       0xba ./Src/chassis_app.o
 .text.json_escape_string
                0x0800a3b6       0xf2 ./Src/chassis_app.o
 .text.command_is
                0x0800a4a8       0x4c ./Src/chassis_app.o
 .text.clamp_int32
                0x0800a4f4       0x32 ./Src/chassis_app.o
 .text.clamp_float
                0x0800a526       0x52 ./Src/chassis_app.o
 .text.float_to_int32
                0x0800a578       0x4a ./Src/chassis_app.o
 *fill*         0x0800a5c2        0x2
 .text.reply_write
                0x0800a5c4       0x40 ./Src/chassis_app.o
 .text.reply_printf
                0x0800a604       0x4e ./Src/chassis_app.o
 *fill*         0x0800a652        0x2
 .text.chassis_fault_code_name
                0x0800a654       0x74 ./Src/chassis_app.o
 .text.chassis_fault_domain_name
                0x0800a6c8       0x48 ./Src/chassis_app.o
 .text.chassis_fault_message_zh
                0x0800a710       0x74 ./Src/chassis_app.o
 .text.steering_side_raw_per_10deg
                0x0800a784       0x54 ./Src/chassis_app.o
 .text.steering_raw_to_angle_deg
                0x0800a7d8       0xb0 ./Src/chassis_app.o
 .text.steering_target_raw_from_norm
                0x0800a888       0xa8 ./Src/chassis_app.o
 .text.steering_target_rpm_from_feedback
                0x0800a930       0xf4 ./Src/chassis_app.o
 .text.control_reset_targets
                0x0800aa24       0x88 ./Src/chassis_app.o
 .text.control_stop_outputs
                0x0800aaac       0x48 ./Src/chassis_app.o
 .text.control_set_enabled
                0x0800aaf4       0x40 ./Src/chassis_app.o
 .text.control_outputs_allowed
                0x0800ab34       0x34 ./Src/chassis_app.o
 .text.int32_abs_exceeds
                0x0800ab68       0x34 ./Src/chassis_app.o
 .text.drive_direction_apply_output_rpm
                0x0800ab9c       0x26 ./Src/chassis_app.o
 .text.drive_direction_normalize_feedback_rpm
                0x0800abc2       0x26 ./Src/chassis_app.o
 .text.drive_direction_apply_right_output_rpm
                0x0800abe8       0x36 ./Src/chassis_app.o
 .text.drive_direction_apply_left_output_rpm
                0x0800ac1e       0x36 ./Src/chassis_app.o
 .text.drive_direction_normalize_right_feedback_rpm
                0x0800ac54       0x36 ./Src/chassis_app.o
 .text.drive_direction_normalize_left_feedback_rpm
                0x0800ac8a       0x36 ./Src/chassis_app.o
 .text.control_drive_max_rpm
                0x0800acc0       0x46 ./Src/chassis_app.o
 *fill*         0x0800ad06        0x2
 .text.pedal_raw_to_normalized
                0x0800ad08       0x94 ./Src/chassis_app.o
 .text.calibration_override_active
                0x0800ad9c       0x30 ./Src/chassis_app.o
 .text.drive_feedback_available
                0x0800adcc       0x34 ./Src/chassis_app.o
 .text.preferred_vehicle_motion_state
                0x0800ae00       0x24 ./Src/chassis_app.o
 .text.remote_command_is_fresh
                0x0800ae24       0x40 ./Src/chassis_app.o
 .text.remote_drive_authority_active
                0x0800ae64       0x38 ./Src/chassis_app.o
 .text.remote_control_mode_name
                0x0800ae9c       0x2c ./Src/chassis_app.o
 .text.control_owner_name
                0x0800aec8       0x30 ./Src/chassis_app.o
 .text.chassis_service_actions_locked
                0x0800aef8       0x28 ./Src/chassis_app.o
 .text.controllers_bind_from_config
                0x0800af20       0x80 ./Src/chassis_app.o
 .text.linear_steering_detected
                0x0800afa0       0x5c ./Src/chassis_app.o
 .text.steering_feedback_get
                0x0800affc       0x24 ./Src/chassis_app.o
 .text.steering_feedback_is_recent
                0x0800b020       0x3e ./Src/chassis_app.o
 *fill*         0x0800b05e        0x2
 .text.steering_feedback_update
                0x0800b060       0x4c ./Src/chassis_app.o
 .text.handwheel_feedback_get
                0x0800b0ac       0x24 ./Src/chassis_app.o
 .text.handwheel_feedback_update
                0x0800b0d0       0x4c ./Src/chassis_app.o
 .text.drive_feedback_update
                0x0800b11c      0x1dc ./Src/chassis_app.o
 .text.fault_state_refresh
                0x0800b2f8      0x350 ./Src/chassis_app.o
 .text.drive_controller_apply_outputs
                0x0800b648       0x94 ./Src/chassis_app.o
 .text.control_compute_mode_split
                0x0800b6dc      0x148 ./Src/chassis_app.o
 .text.calibration_runtime_update
                0x0800b824       0x10 ./Src/chassis_app.o
 .text.control_update_targets
                0x0800b834      0x5d4 ./Src/chassis_app.o
 .text.control_process
                0x0800be08       0xbc ./Src/chassis_app.o
 .text.calibration_process
                0x0800bec4       0x5c ./Src/chassis_app.o
 .text.publish_remote_status_if_needed
                0x0800bf20      0x650 ./Src/chassis_app.o
 .text.reply_capabilities
                0x0800c570       0x5c ./Src/chassis_app.o
 .text.reply_linear_steering_status
                0x0800c5cc      0x100 ./Src/chassis_app.o
 .text.reply_config
                0x0800c6cc      0x100 ./Src/chassis_app.o
 .text.reply_calibration_status
                0x0800c7cc       0xc4 ./Src/chassis_app.o
 .text.reply_status
                0x0800c890      0x754 ./Src/chassis_app.o
 .text.parse_pedal_name
                0x0800cfe4       0x80 ./Src/chassis_app.o
 .text.parse_remote_control_mode
                0x0800d064       0xb8 ./Src/chassis_app.o
 .text.parse_calibration_axis
                0x0800d11c       0x80 ./Src/chassis_app.o
 .text.resolve_calibration_field
                0x0800d19c      0x190 ./Src/chassis_app.o
 .text.handle_set_config
                0x0800d32c      0x28c ./Src/chassis_app.o
 .text.handle_save_config
                0x0800d5b8       0x48 ./Src/chassis_app.o
 .text.handle_load_config
                0x0800d600       0x3c ./Src/chassis_app.o
 .text.handle_set_control_enable
                0x0800d63c       0x48 ./Src/chassis_app.o
 .text.handle_set_steer_input
                0x0800d684       0x5c ./Src/chassis_app.o
 .text.handle_ewm22_send_at
                0x0800d6e0       0x64 ./Src/chassis_app.o
 .text.handle_drive_test
                0x0800d744      0x15c ./Src/chassis_app.o
 .text.handle_steer_test
                0x0800d8a0       0x9c ./Src/chassis_app.o
 .text.handle_stop_all
                0x0800d93c       0xe0 ./Src/chassis_app.o
 .text.handle_query_linear_steering
                0x0800da1c        0xc ./Src/chassis_app.o
 .text.handle_set_remote_mode
                0x0800da28       0x90 ./Src/chassis_app.o
 .text.handle_set_remote_stop_state
                0x0800dab8       0xe0 ./Src/chassis_app.o
 .text.handle_get_calibration
                0x0800db98       0x10 ./Src/chassis_app.o
 .text.handle_get_capabilities
                0x0800dba8        0xc ./Src/chassis_app.o
 .text.handle_steering_jog
                0x0800dbb4      0x1b0 ./Src/chassis_app.o
 .text.handle_set_calibration_point
                0x0800dd64      0x11c ./Src/chassis_app.o
 .text.handle_capture_pedal_sample
                0x0800de80      0x274 ./Src/chassis_app.o
 .text.handle_save_calibration
                0x0800e0f4       0x48 ./Src/chassis_app.o
 .text.handle_help
                0x0800e13c       0x14 ./Src/chassis_app.o
 .text.process_line_with_reply_target
                0x0800e150      0x28c ./Src/chassis_app.o
 .text.chassis_app_init
                0x0800e3dc      0x13c ./Src/chassis_app.o
                0x0800e3dc                chassis_app_init
 .text.chassis_app_process
                0x0800e518       0x78 ./Src/chassis_app.o
                0x0800e518                chassis_app_process
 .text.chassis_app_usb_rx
                0x0800e590       0x1a ./Src/chassis_app.o
                0x0800e590                chassis_app_usb_rx
 .text.mssd_build_write32
                0x0800e5aa       0x86 ./Src/drive_controller_mssd.o
 .text.mssd_build_write16
                0x0800e630       0x72 ./Src/drive_controller_mssd.o
 .text.mssd_build_read16
                0x0800e6a2       0x66 ./Src/drive_controller_mssd.o
 .text.mssd_feedback_reg_by_index
                0x0800e708       0x38 ./Src/drive_controller_mssd.o
 .text.mssd_feedback_cookie
                0x0800e740       0x34 ./Src/drive_controller_mssd.o
 .text.mssd_invalidate_feedback_cache
                0x0800e774       0x5c ./Src/drive_controller_mssd.o
 .text.mssd_consume_feedback_result
                0x0800e7d0      0x198 ./Src/drive_controller_mssd.o
 .text.mssd_drain_feedback_results
                0x0800e968       0x90 ./Src/drive_controller_mssd.o
 .text.mssd_sync_recovery_state
                0x0800e9f8       0x94 ./Src/drive_controller_mssd.o
 .text.mssd_queue_read16
                0x0800ea8c       0x7c ./Src/drive_controller_mssd.o
 .text.mssd_drive_controller_bind
                0x0800eb08       0xb2 ./Src/drive_controller_mssd.o
                0x0800eb08                mssd_drive_controller_bind
 .text.mssd_drive_controller_set_wheel_rpm_priority
                0x0800ebba       0x86 ./Src/drive_controller_mssd.o
                0x0800ebba                mssd_drive_controller_set_wheel_rpm_priority
 .text.mssd_drive_controller_set_wheel_rpm
                0x0800ec40       0x22 ./Src/drive_controller_mssd.o
                0x0800ec40                mssd_drive_controller_set_wheel_rpm
 .text.mssd_drive_controller_set_stop_mode_priority
                0x0800ec62       0x96 ./Src/drive_controller_mssd.o
                0x0800ec62                mssd_drive_controller_set_stop_mode_priority
 .text.mssd_drive_controller_apply_stop_mode_priority
                0x0800ecf8       0x26 ./Src/drive_controller_mssd.o
                0x0800ecf8                mssd_drive_controller_apply_stop_mode_priority
 .text.mssd_drive_controller_stop_priority
                0x0800ed1e       0x3e ./Src/drive_controller_mssd.o
                0x0800ed1e                mssd_drive_controller_stop_priority
 .text.mssd_drive_controller_stop
                0x0800ed5c       0x1a ./Src/drive_controller_mssd.o
                0x0800ed5c                mssd_drive_controller_stop
 .text.mssd_drive_controller_feedback_process
                0x0800ed76       0xb2 ./Src/drive_controller_mssd.o
                0x0800ed76                mssd_drive_controller_feedback_process
 .text.mssd_drive_controller_get_feedback
                0x0800ee28       0xaa ./Src/drive_controller_mssd.o
                0x0800ee28                mssd_drive_controller_get_feedback
 .text.mssd_drive_controller_feedback_fault_active
                0x0800eed2       0x30 ./Src/drive_controller_mssd.o
                0x0800eed2                mssd_drive_controller_feedback_fault_active
 *fill*         0x0800ef02        0x2
 .text.ewm22_link_start_rx
                0x0800ef04       0x40 ./Src/ewm22_link.o
 .text.ascii_stricmp
                0x0800ef44       0x98 ./Src/ewm22_link.o
 .text.clamp_int32
                0x0800efdc       0x32 ./Src/ewm22_link.o
 .text.hex_nibble
                0x0800f00e       0x54 ./Src/ewm22_link.o
 .text.checksum_xor
                0x0800f062       0x34 ./Src/ewm22_link.o
 *fill*         0x0800f096        0x2
 .text.ewm22_link_store_text_line
                0x0800f098       0x4c ./Src/ewm22_link.o
 .text.ewm22_link_parse_gear_string
                0x0800f0e4       0xd0 ./Src/ewm22_link.o
 .text.ewm22_link_default_gear_from_throttle
                0x0800f1b4       0x2a ./Src/ewm22_link.o
 *fill*         0x0800f1de        0x2
 .text.ewm22_link_accept_remote_command
                0x0800f1e0       0xa8 ./Src/ewm22_link.o
 .text.parse_int32_token
                0x0800f288       0x9c ./Src/ewm22_link.o
 .text.parse_uint32_token
                0x0800f324       0x9c ./Src/ewm22_link.o
 .text.json_find_value
                0x0800f3c0       0x5a ./Src/ewm22_link.o
 .text.json_get_int32
                0x0800f41a       0x6e ./Src/ewm22_link.o
 .text.json_get_uint32
                0x0800f488       0x6e ./Src/ewm22_link.o
 .text.json_get_string
                0x0800f4f6       0x94 ./Src/ewm22_link.o
 *fill*         0x0800f58a        0x2
 .text.ewm22_link_store_app_command_line
                0x0800f58c       0xc0 ./Src/ewm22_link.o
 .text.ewm22_link_parse_remote_frame
                0x0800f64c      0x1f8 ./Src/ewm22_link.o
 .text.ewm22_link_parse_app_control_json
                0x0800f844      0x1bc ./Src/ewm22_link.o
 .text.ewm22_link_parse_status_line
                0x0800fa00      0x1d0 ./Src/ewm22_link.o
 .text.ewm22_link_process_line
                0x0800fbd0       0x54 ./Src/ewm22_link.o
 .text.ewm22_link_process_byte
                0x0800fc24       0xac ./Src/ewm22_link.o
 .text.ewm22_link_init
                0x0800fcd0       0x74 ./Src/ewm22_link.o
                0x0800fcd0                ewm22_link_init
 .text.ewm22_link_send_text
                0x0800fd44       0x54 ./Src/ewm22_link.o
                0x0800fd44                ewm22_link_send_text
 .text.ewm22_link_pop_app_command_line
                0x0800fd98       0x70 ./Src/ewm22_link.o
                0x0800fd98                ewm22_link_pop_app_command_line
 .text.ewm22_link_get_state
                0x0800fe08       0x14 ./Src/ewm22_link.o
                0x0800fe08                ewm22_link_get_state
 .text.ewm22_link_remote_source_name
                0x0800fe1c       0x38 ./Src/ewm22_link.o
                0x0800fe1c                ewm22_link_remote_source_name
 .text.ewm22_link_remote_gear_name
                0x0800fe54       0x5c ./Src/ewm22_link.o
                0x0800fe54                ewm22_link_remote_gear_name
 .text.HAL_UART_RxCpltCallback
                0x0800feb0       0x3c ./Src/ewm22_link.o
                0x0800feb0                HAL_UART_RxCpltCallback
 .text.HAL_UART_ErrorCallback
                0x0800feec       0x38 ./Src/ewm22_link.o
                0x0800feec                HAL_UART_ErrorCallback
 .text.main     0x0800ff24       0x4c ./Src/main.o
                0x0800ff24                main
 .text.SystemClock_Config
                0x0800ff70       0xd4 ./Src/main.o
                0x0800ff70                SystemClock_Config
 .text.MX_ADC1_Init
                0x08010044       0xc0 ./Src/main.o
 .text.MX_CAN1_Init
                0x08010104       0x6c ./Src/main.o
 .text.MX_CAN2_Init
                0x08010170       0x6c ./Src/main.o
 .text.MX_USART1_UART_Init
                0x080101dc       0x54 ./Src/main.o
 .text.MX_USART2_UART_Init
                0x08010230       0x54 ./Src/main.o
 .text.MX_GPIO_Init
                0x08010284       0xb0 ./Src/main.o
 .text.Error_Handler
                0x08010334        0xc ./Src/main.o
                0x08010334                Error_Handler
 .text.mssc_build_write16
                0x08010340       0x76 ./Src/steering_controller_mssc.o
 .text.mssc_build_read16
                0x080103b6       0x66 ./Src/steering_controller_mssc.o
 .text.mssc_feedback_cookie
                0x0801041c       0x34 ./Src/steering_controller_mssc.o
 .text.mssc_invalidate_feedback_cache
                0x08010450       0x36 ./Src/steering_controller_mssc.o
 .text.mssc_queue_write16
                0x08010486       0x5e ./Src/steering_controller_mssc.o
 .text.mssc_queue_read16
                0x080104e4       0x7c ./Src/steering_controller_mssc.o
 .text.mssc_consume_feedback_result
                0x08010560       0xfa ./Src/steering_controller_mssc.o
 *fill*         0x0801065a        0x2
 .text.mssc_drain_feedback_results
                0x0801065c       0x90 ./Src/steering_controller_mssc.o
 .text.mssc_sync_recovery_state
                0x080106ec       0x94 ./Src/steering_controller_mssc.o
 .text.mssc_steering_controller_bind
                0x08010780       0x94 ./Src/steering_controller_mssc.o
                0x08010780                mssc_steering_controller_bind
 .text.mssc_steering_controller_prepare_for_can_control
                0x08010814       0x70 ./Src/steering_controller_mssc.o
                0x08010814                mssc_steering_controller_prepare_for_can_control
 .text.mssc_steering_controller_set_speed_rpm_priority
                0x08010884       0x7a ./Src/steering_controller_mssc.o
                0x08010884                mssc_steering_controller_set_speed_rpm_priority
 .text.mssc_steering_controller_set_speed_rpm
                0x080108fe       0x24 ./Src/steering_controller_mssc.o
                0x080108fe                mssc_steering_controller_set_speed_rpm
 .text.mssc_steering_controller_stop_priority
                0x08010922       0x50 ./Src/steering_controller_mssc.o
                0x08010922                mssc_steering_controller_stop_priority
 .text.mssc_steering_controller_stop
                0x08010972       0x1a ./Src/steering_controller_mssc.o
                0x08010972                mssc_steering_controller_stop
 .text.mssc_steering_controller_feedback_process
                0x0801098c       0xa0 ./Src/steering_controller_mssc.o
                0x0801098c                mssc_steering_controller_feedback_process
 .text.mssc_steering_controller_get_position_raw
                0x08010a2c       0x4c ./Src/steering_controller_mssc.o
                0x08010a2c                mssc_steering_controller_get_position_raw
 .text.mssc_steering_controller_feedback_fault_active
                0x08010a78       0x2e ./Src/steering_controller_mssc.o
                0x08010a78                mssc_steering_controller_feedback_fault_active
 .text.mssc_steering_controller_last_feedback_ok_age_ms
                0x08010aa6       0x30 ./Src/steering_controller_mssc.o
                0x08010aa6                mssc_steering_controller_last_feedback_ok_age_ms
 .text.mssc_steering_controller_invalidate_can_control_mode
                0x08010ad6       0x22 ./Src/steering_controller_mssc.o
                0x08010ad6                mssc_steering_controller_invalidate_can_control_mode
 .text.HAL_MspInit
                0x08010af8       0x50 ./Src/stm32f4xx_hal_msp.o
                0x08010af8                HAL_MspInit
 .text.HAL_ADC_MspInit
                0x08010b48       0x88 ./Src/stm32f4xx_hal_msp.o
                0x08010b48                HAL_ADC_MspInit
 .text.HAL_CAN_MspInit
                0x08010bd0      0x160 ./Src/stm32f4xx_hal_msp.o
                0x08010bd0                HAL_CAN_MspInit
 .text.HAL_UART_MspInit
                0x08010d30      0x108 ./Src/stm32f4xx_hal_msp.o
                0x08010d30                HAL_UART_MspInit
 .text.NMI_Handler
                0x08010e38        0x8 ./Src/stm32f4xx_it.o
                0x08010e38                NMI_Handler
 .text.HardFault_Handler
                0x08010e40        0x8 ./Src/stm32f4xx_it.o
                0x08010e40                HardFault_Handler
 .text.MemManage_Handler
                0x08010e48        0x8 ./Src/stm32f4xx_it.o
                0x08010e48                MemManage_Handler
 .text.BusFault_Handler
                0x08010e50        0x8 ./Src/stm32f4xx_it.o
                0x08010e50                BusFault_Handler
 .text.UsageFault_Handler
                0x08010e58        0x8 ./Src/stm32f4xx_it.o
                0x08010e58                UsageFault_Handler
 .text.SVC_Handler
                0x08010e60        0xe ./Src/stm32f4xx_it.o
                0x08010e60                SVC_Handler
 .text.DebugMon_Handler
                0x08010e6e        0xe ./Src/stm32f4xx_it.o
                0x08010e6e                DebugMon_Handler
 .text.PendSV_Handler
                0x08010e7c        0xe ./Src/stm32f4xx_it.o
                0x08010e7c                PendSV_Handler
 .text.SysTick_Handler
                0x08010e8a        0xc ./Src/stm32f4xx_it.o
                0x08010e8a                SysTick_Handler
 *fill*         0x08010e96        0x2
 .text.OTG_FS_IRQHandler
                0x08010e98       0x14 ./Src/stm32f4xx_it.o
                0x08010e98                OTG_FS_IRQHandler
 .text.CAN1_RX0_IRQHandler
                0x08010eac       0x14 ./Src/stm32f4xx_it.o
                0x08010eac                CAN1_RX0_IRQHandler
 .text.CAN2_RX0_IRQHandler
                0x08010ec0       0x14 ./Src/stm32f4xx_it.o
                0x08010ec0                CAN2_RX0_IRQHandler
 .text.CAN1_SCE_IRQHandler
                0x08010ed4       0x14 ./Src/stm32f4xx_it.o
                0x08010ed4                CAN1_SCE_IRQHandler
 .text.CAN2_SCE_IRQHandler
                0x08010ee8       0x14 ./Src/stm32f4xx_it.o
                0x08010ee8                CAN2_SCE_IRQHandler
 .text.USART1_IRQHandler
                0x08010efc       0x14 ./Src/stm32f4xx_it.o
                0x08010efc                USART1_IRQHandler
 .text._sbrk    0x08010f10       0x6c ./Src/sysmem.o
                0x08010f10                _sbrk
 .text.SystemInit
                0x08010f7c       0x24 ./Src/system_stm32f4xx.o
                0x08010f7c                SystemInit
 .text.usb_cdc_shell_init
                0x08010fa0       0x38 ./Src/usb_cdc_shell.o
                0x08010fa0                usb_cdc_shell_init
 .text.usb_cdc_shell_feed_bytes
                0x08010fd8       0xac ./Src/usb_cdc_shell.o
                0x08010fd8                usb_cdc_shell_feed_bytes
 .text.usb_cdc_shell_get_line
                0x08011084       0x68 ./Src/usb_cdc_shell.o
                0x08011084                usb_cdc_shell_get_line
 .text.usb_cdc_shell_write
                0x080110ec       0x64 ./Src/usb_cdc_shell.o
                0x080110ec                usb_cdc_shell_write
 .text.MX_USB_DEVICE_Init
                0x08011150       0x60 ./Src/usb_device.o
                0x08011150                MX_USB_DEVICE_Init
 .text.CDC_Init_FS
                0x080111b0       0x28 ./Src/usbd_cdc_if.o
 .text.CDC_DeInit_FS
                0x080111d8       0x10 ./Src/usbd_cdc_if.o
 .text.CDC_Control_FS
                0x080111e8       0xbc ./Src/usbd_cdc_if.o
 .text.CDC_Receive_FS
                0x080112a4       0x34 ./Src/usbd_cdc_if.o
 .text.CDC_Transmit_FS
                0x080112d8       0x54 ./Src/usbd_cdc_if.o
                0x080112d8                CDC_Transmit_FS
 .text.CDC_TransmitCplt_FS
                0x0801132c       0x22 ./Src/usbd_cdc_if.o
 *fill*         0x0801134e        0x2
 .text.HAL_PCD_MspInit
                0x08011350       0xa8 ./Src/usbd_conf.o
                0x08011350                HAL_PCD_MspInit
 .text.HAL_PCD_SetupStageCallback
                0x080113f8       0x24 ./Src/usbd_conf.o
                0x080113f8                HAL_PCD_SetupStageCallback
 .text.HAL_PCD_DataOutStageCallback
                0x0801141c       0x36 ./Src/usbd_conf.o
                0x0801141c                HAL_PCD_DataOutStageCallback
 .text.HAL_PCD_DataInStageCallback
                0x08011452       0x34 ./Src/usbd_conf.o
                0x08011452                HAL_PCD_DataInStageCallback
 .text.HAL_PCD_SOFCallback
                0x08011486       0x1c ./Src/usbd_conf.o
                0x08011486                HAL_PCD_SOFCallback
 .text.HAL_PCD_ResetCallback
                0x080114a2       0x50 ./Src/usbd_conf.o
                0x080114a2                HAL_PCD_ResetCallback
 *fill*         0x080114f2        0x2
 .text.HAL_PCD_SuspendCallback
                0x080114f4       0x4c ./Src/usbd_conf.o
                0x080114f4                HAL_PCD_SuspendCallback
 .text.HAL_PCD_ResumeCallback
                0x08011540       0x1c ./Src/usbd_conf.o
                0x08011540                HAL_PCD_ResumeCallback
 .text.HAL_PCD_ISOOUTIncompleteCallback
                0x0801155c       0x24 ./Src/usbd_conf.o
                0x0801155c                HAL_PCD_ISOOUTIncompleteCallback
 .text.HAL_PCD_ISOINIncompleteCallback
                0x08011580       0x24 ./Src/usbd_conf.o
                0x08011580                HAL_PCD_ISOINIncompleteCallback
 .text.HAL_PCD_ConnectCallback
                0x080115a4       0x1c ./Src/usbd_conf.o
                0x080115a4                HAL_PCD_ConnectCallback
 .text.HAL_PCD_DisconnectCallback
                0x080115c0       0x1c ./Src/usbd_conf.o
                0x080115c0                HAL_PCD_DisconnectCallback
 .text.USBD_LL_Init
                0x080115dc       0x98 ./Src/usbd_conf.o
                0x080115dc                USBD_LL_Init
 .text.USBD_LL_Start
                0x08011674       0x36 ./Src/usbd_conf.o
                0x08011674                USBD_LL_Start
 .text.USBD_LL_OpenEP
                0x080116aa       0x4c ./Src/usbd_conf.o
                0x080116aa                USBD_LL_OpenEP
 .text.USBD_LL_CloseEP
                0x080116f6       0x3e ./Src/usbd_conf.o
                0x080116f6                USBD_LL_CloseEP
 .text.USBD_LL_StallEP
                0x08011734       0x3e ./Src/usbd_conf.o
                0x08011734                USBD_LL_StallEP
 .text.USBD_LL_ClearStallEP
                0x08011772       0x3e ./Src/usbd_conf.o
                0x08011772                USBD_LL_ClearStallEP
 .text.USBD_LL_IsStallEP
                0x080117b0       0x58 ./Src/usbd_conf.o
                0x080117b0                USBD_LL_IsStallEP
 .text.USBD_LL_SetUSBAddress
                0x08011808       0x3e ./Src/usbd_conf.o
                0x08011808                USBD_LL_SetUSBAddress
 .text.USBD_LL_Transmit
                0x08011846       0x42 ./Src/usbd_conf.o
                0x08011846                USBD_LL_Transmit
 .text.USBD_LL_PrepareReceive
                0x08011888       0x42 ./Src/usbd_conf.o
                0x08011888                USBD_LL_PrepareReceive
 .text.USBD_LL_GetRxDataSize
                0x080118ca       0x26 ./Src/usbd_conf.o
                0x080118ca                USBD_LL_GetRxDataSize
 .text.USBD_static_malloc
                0x080118f0       0x1c ./Src/usbd_conf.o
                0x080118f0                USBD_static_malloc
 .text.USBD_static_free
                0x0801190c       0x14 ./Src/usbd_conf.o
                0x0801190c                USBD_static_free
 .text.USBD_Get_USB_Status
                0x08011920       0x58 ./Src/usbd_conf.o
                0x08011920                USBD_Get_USB_Status
 .text.USBD_FS_DeviceDescriptor
                0x08011978       0x24 ./Src/usbd_desc.o
                0x08011978                USBD_FS_DeviceDescriptor
 .text.USBD_FS_LangIDStrDescriptor
                0x0801199c       0x24 ./Src/usbd_desc.o
                0x0801199c                USBD_FS_LangIDStrDescriptor
 .text.USBD_FS_ProductStrDescriptor
                0x080119c0       0x3c ./Src/usbd_desc.o
                0x080119c0                USBD_FS_ProductStrDescriptor
 .text.USBD_FS_ManufacturerStrDescriptor
                0x080119fc       0x28 ./Src/usbd_desc.o
                0x080119fc                USBD_FS_ManufacturerStrDescriptor
 .text.USBD_FS_SerialStrDescriptor
                0x08011a24       0x24 ./Src/usbd_desc.o
                0x08011a24                USBD_FS_SerialStrDescriptor
 .text.USBD_FS_ConfigStrDescriptor
                0x08011a48       0x3c ./Src/usbd_desc.o
                0x08011a48                USBD_FS_ConfigStrDescriptor
 .text.USBD_FS_InterfaceStrDescriptor
                0x08011a84       0x3c ./Src/usbd_desc.o
                0x08011a84                USBD_FS_InterfaceStrDescriptor
 .text.Get_SerialNum
                0x08011ac0       0x58 ./Src/usbd_desc.o
 .text.IntToUnicode
                0x08011b18       0x7e ./Src/usbd_desc.o
 *fill*         0x08011b96        0x2
 .text.ascii_stricmp
                0x08011b98       0x98 ./Src/vehicle_config.o
 .text.vehicle_config_checksum_bytes
                0x08011c30       0x58 ./Src/vehicle_config.o
 .text.vehicle_config_set_defaults
                0x08011c88       0xe2 ./Src/vehicle_config.o
 .text.vehicle_config_fix_u16_range
                0x08011d6a       0x7c ./Src/vehicle_config.o
 .text.vehicle_config_fix_can_node_id
                0x08011de6       0x38 ./Src/vehicle_config.o
 .text.vehicle_config_fix_drive_max_rpm
                0x08011e1e       0x50 ./Src/vehicle_config.o
 .text.vehicle_config_sanitize
                0x08011e6e      0x104 ./Src/vehicle_config.o
 *fill*         0x08011f72        0x2
 .text.vehicle_config_validate_image
                0x08011f74       0x5c ./Src/vehicle_config.o
 .text.vehicle_config_validate_image_v3
                0x08011fd0       0x5c ./Src/vehicle_config.o
 .text.vehicle_config_import_v3
                0x0801202c      0x126 ./Src/vehicle_config.o
 *fill*         0x08012152        0x2
 .text.vehicle_config_init
                0x08012154       0x24 ./Src/vehicle_config.o
                0x08012154                vehicle_config_init
 .text.vehicle_config_get
                0x08012178       0x14 ./Src/vehicle_config.o
                0x08012178                vehicle_config_get
 .text.vehicle_config_set
                0x0801218c       0x34 ./Src/vehicle_config.o
                0x0801218c                vehicle_config_set
 .text.vehicle_config_save
                0x080121c0      0x144 ./Src/vehicle_config.o
                0x080121c0                vehicle_config_save
 .text.vehicle_config_load
                0x08012304       0x80 ./Src/vehicle_config.o
                0x08012304                vehicle_config_load
 .text.vehicle_config_runtime_drive_mode
                0x08012384       0x38 ./Src/vehicle_config.o
                0x08012384                vehicle_config_runtime_drive_mode
 .text.vehicle_config_drive_mode_name
                0x080123bc       0x5c ./Src/vehicle_config.o
                0x080123bc                vehicle_config_drive_mode_name
 .text.vehicle_config_parse_drive_mode
                0x08012418       0xb8 ./Src/vehicle_config.o
                0x08012418                vehicle_config_parse_drive_mode
 .text.vehicle_config_chassis_type_name
                0x080124d0       0x38 ./Src/vehicle_config.o
                0x080124d0                vehicle_config_chassis_type_name
 .text.vehicle_config_parse_chassis_type
                0x08012508       0x94 ./Src/vehicle_config.o
                0x08012508                vehicle_config_parse_chassis_type
 .text.vehicle_config_drive_axle_name
                0x0801259c       0x38 ./Src/vehicle_config.o
                0x0801259c                vehicle_config_drive_axle_name
 .text.vehicle_config_parse_drive_axle
                0x080125d4       0x80 ./Src/vehicle_config.o
                0x080125d4                vehicle_config_parse_drive_axle
 .text.vehicle_config_pedal_config_name
                0x08012654       0x38 ./Src/vehicle_config.o
                0x08012654                vehicle_config_pedal_config_name
 .text.vehicle_config_parse_pedal_config
                0x0801268c       0x80 ./Src/vehicle_config.o
                0x0801268c                vehicle_config_parse_pedal_config
 .text.vehicle_config_drive_controller_name
                0x0801270c       0x2c ./Src/vehicle_config.o
                0x0801270c                vehicle_config_drive_controller_name
 .text.vehicle_config_steering_controller_name
                0x08012738       0x2c ./Src/vehicle_config.o
                0x08012738                vehicle_config_steering_controller_name
 .text.Reset_Handler
                0x08012764       0x50 ./Startup/startup_stm32f407zgtx.o
                0x08012764                Reset_Handler
 .text.Default_Handler
                0x080127b4        0x2 ./Startup/startup_stm32f407zgtx.o
                0x080127b4                RTC_Alarm_IRQHandler
                0x080127b4                HASH_RNG_IRQHandler
                0x080127b4                EXTI2_IRQHandler
                0x080127b4                TIM8_CC_IRQHandler
                0x080127b4                TIM1_CC_IRQHandler
                0x080127b4                DMA2_Stream5_IRQHandler
                0x080127b4                DMA1_Stream5_IRQHandler
                0x080127b4                PVD_IRQHandler
                0x080127b4                SDIO_IRQHandler
                0x080127b4                TAMP_STAMP_IRQHandler
                0x080127b4                CAN2_RX1_IRQHandler
                0x080127b4                EXTI3_IRQHandler
                0x080127b4                TIM8_TRG_COM_TIM14_IRQHandler
                0x080127b4                TIM1_UP_TIM10_IRQHandler
                0x080127b4                TIM8_UP_TIM13_IRQHandler
                0x080127b4                I2C3_ER_IRQHandler
                0x080127b4                EXTI0_IRQHandler
                0x080127b4                I2C2_EV_IRQHandler
                0x080127b4                DMA1_Stream2_IRQHandler
                0x080127b4                FPU_IRQHandler
                0x080127b4                OTG_HS_WKUP_IRQHandler
                0x080127b4                DMA2_Stream2_IRQHandler
                0x080127b4                SPI1_IRQHandler
                0x080127b4                TIM6_DAC_IRQHandler
                0x080127b4                TIM1_BRK_TIM9_IRQHandler
                0x080127b4                DCMI_IRQHandler
                0x080127b4                DMA2_Stream3_IRQHandler
                0x080127b4                USART6_IRQHandler
                0x080127b4                USART3_IRQHandler
                0x080127b4                CAN1_RX1_IRQHandler
                0x080127b4                UART5_IRQHandler
                0x080127b4                DMA2_Stream0_IRQHandler
                0x080127b4                TIM4_IRQHandler
                0x080127b4                I2C1_EV_IRQHandler
                0x080127b4                DMA1_Stream6_IRQHandler
                0x080127b4                DMA1_Stream1_IRQHandler
                0x080127b4                UART4_IRQHandler
                0x080127b4                TIM3_IRQHandler
                0x080127b4                RCC_IRQHandler
                0x080127b4                TIM8_BRK_TIM12_IRQHandler
                0x080127b4                Default_Handler
                0x080127b4                EXTI15_10_IRQHandler
                0x080127b4                ADC_IRQHandler
                0x080127b4                DMA1_Stream7_IRQHandler
                0x080127b4                TIM7_IRQHandler
                0x080127b4                CAN2_TX_IRQHandler
                0x080127b4                TIM5_IRQHandler
                0x080127b4                DMA2_Stream7_IRQHandler
                0x080127b4                I2C3_EV_IRQHandler
                0x080127b4                EXTI9_5_IRQHandler
                0x080127b4                RTC_WKUP_IRQHandler
                0x080127b4                ETH_WKUP_IRQHandler
                0x080127b4                SPI2_IRQHandler
                0x080127b4                OTG_HS_EP1_IN_IRQHandler
                0x080127b4                DMA1_Stream0_IRQHandler
                0x080127b4                CAN1_TX_IRQHandler
                0x080127b4                EXTI4_IRQHandler
                0x080127b4                FSMC_IRQHandler
                0x080127b4                ETH_IRQHandler
                0x080127b4                OTG_HS_EP1_OUT_IRQHandler
                0x080127b4                WWDG_IRQHandler
                0x080127b4                TIM2_IRQHandler
                0x080127b4                OTG_FS_WKUP_IRQHandler
                0x080127b4                TIM1_TRG_COM_TIM11_IRQHandler
                0x080127b4                OTG_HS_IRQHandler
                0x080127b4                EXTI1_IRQHandler
                0x080127b4                USART2_IRQHandler
                0x080127b4                I2C2_ER_IRQHandler
                0x080127b4                DMA2_Stream1_IRQHandler
                0x080127b4                FLASH_IRQHandler
                0x080127b4                DMA2_Stream4_IRQHandler
                0x080127b4                SPI3_IRQHandler
                0x080127b4                DMA1_Stream4_IRQHandler
                0x080127b4                I2C1_ER_IRQHandler
                0x080127b4                DMA2_Stream6_IRQHandler
                0x080127b4                DMA1_Stream3_IRQHandler
 *fill*         0x080127b6        0x2
 .text._strtol_l.isra.0
                0x080127b8       0xf4 D:/cubeide/STM32CubeIDE_2.1.1/STM32CubeIDE/plugins/com.st.stm32cube.ide.mcu.externaltools.gnu-tools-for-stm32.14.3.rel1.win32_1.0.100.202602081740/tools/bin/../lib/gcc/arm-none-eabi/14.3.1/../../../../arm-none-eabi/lib/thumb/v7e-m+fp/hard\libc_nano.a(libc_a-strtol.o)
 .text.strtol   0x080128ac       0x14 D:/cubeide/STM32CubeIDE_2.1.1/STM32CubeIDE/plugins/com.st.stm32cube.ide.mcu.externaltools.gnu-tools-for-stm32.14.3.rel1.win32_1.0.100.202602081740/tools/bin/../lib/gcc/arm-none-eabi/14.3.1/../../../../arm-none-eabi/lib/thumb/v7e-m+fp/hard\libc_nano.a(libc_a-strtol.o)
                0x080128ac                strtol
 .text._strtoul_l.isra.0
                0x080128c0       0xdc D:/cubeide/STM32CubeIDE_2.1.1/STM32CubeIDE/plugins/com.st.stm32cube.ide.mcu.externaltools.gnu-tools-for-stm32.14.3.rel1.win32_1.0.100.202602081740/tools/bin/../lib/gcc/arm-none-eabi/14.3.1/../../../../arm-none-eabi/lib/thumb/v7e-m+fp/hard\libc_nano.a(libc_a-strtoul.o)
 .text.strtoul  0x0801299c       0x14 D:/cubeide/STM32CubeIDE_2.1.1/STM32CubeIDE/plugins/com.st.stm32cube.ide.mcu.externaltools.gnu-tools-for-stm32.14.3.rel1.win32_1.0.100.202602081740/tools/bin/../lib/gcc/arm-none-eabi/14.3.1/../../../../arm-none-eabi/lib/thumb/v7e-m+fp/hard\libc_nano.a(libc_a-strtoul.o)
                0x0801299c                strtoul
 .text.snprintf
                0x080129b0       0x6c D:/cubeide/STM32CubeIDE_2.1.1/STM32CubeIDE/plugins/com.st.stm32cube.ide.mcu.externaltools.gnu-tools-for-stm32.14.3.rel1.win32_1.0.100.202602081740/tools/bin/../lib/gcc/arm-none-eabi/14.3.1/../../../../arm-none-eabi/lib/thumb/v7e-m+fp/hard\libc_nano.a(libc_a-snprintf.o)
                0x080129b0                sniprintf
                0x080129b0                snprintf
 .text._vsnprintf_r
                0x08012a1c       0x5c D:/cubeide/STM32CubeIDE_2.1.1/STM32CubeIDE/plugins/com.st.stm32cube.ide.mcu.externaltools.gnu-tools-for-stm32.14.3.rel1.win32_1.0.100.202602081740/tools/bin/../lib/gcc/arm-none-eabi/14.3.1/../../../../arm-none-eabi/lib/thumb/v7e-m+fp/hard\libc_nano.a(libc_a-vsnprintf.o)
                0x08012a1c                _vsniprintf_r
                0x08012a1c                _vsnprintf_r
 .text.vsnprintf
                0x08012a78       0x1c D:/cubeide/STM32CubeIDE_2.1.1/STM32CubeIDE/plugins/com.st.stm32cube.ide.mcu.externaltools.gnu-tools-for-stm32.14.3.rel1.win32_1.0.100.202602081740/tools/bin/../lib/gcc/arm-none-eabi/14.3.1/../../../../arm-none-eabi/lib/thumb/v7e-m+fp/hard\libc_nano.a(libc_a-vsnprintf.o)
                0x08012a78                vsniprintf
                0x08012a78                vsnprintf
 .text.memmove  0x08012a94       0x32 D:/cubeide/STM32CubeIDE_2.1.1/STM32CubeIDE/plugins/com.st.stm32cube.ide.mcu.externaltools.gnu-tools-for-stm32.14.3.rel1.win32_1.0.100.202602081740/tools/bin/../lib/gcc/arm-none-eabi/14.3.1/../../../../arm-none-eabi/lib/thumb/v7e-m+fp/hard\libc_nano.a(libc_a-memmove.o)
                0x08012a94                memmove
 .text.memset   0x08012ac6       0x10 D:/cubeide/STM32CubeIDE_2.1.1/STM32CubeIDE/plugins/com.st.stm32cube.ide.mcu.externaltools.gnu-tools-for-stm32.14.3.rel1.win32_1.0.100.202602081740/tools/bin/../lib/gcc/arm-none-eabi/14.3.1/../../../../arm-none-eabi/lib/thumb/v7e-m+fp/hard\libc_nano.a(libc_a-memset.o)
                0x08012ac6                memset
 .text.strchr   0x08012ad6       0x1a D:/cubeide/STM32CubeIDE_2.1.1/STM32CubeIDE/plugins/com.st.stm32cube.ide.mcu.externaltools.gnu-tools-for-stm32.14.3.rel1.win32_1.0.100.202602081740/tools/bin/../lib/gcc/arm-none-eabi/14.3.1/../../../../arm-none-eabi/lib/thumb/v7e-m+fp/hard\libc_nano.a(libc_a-strchr.o)
                0x08012ad6                strchr
 .text.strncmp  0x08012af0       0x24 D:/cubeide/STM32CubeIDE_2.1.1/STM32CubeIDE/plugins/com.st.stm32cube.ide.mcu.externaltools.gnu-tools-for-stm32.14.3.rel1.win32_1.0.100.202602081740/tools/bin/../lib/gcc/arm-none-eabi/14.3.1/../../../../arm-none-eabi/lib/thumb/v7e-m+fp/hard\libc_nano.a(libc_a-strncmp.o)
                0x08012af0                strncmp
 .text.strstr   0x08012b14       0x2c D:/cubeide/STM32CubeIDE_2.1.1/STM32CubeIDE/plugins/com.st.stm32cube.ide.mcu.externaltools.gnu-tools-for-stm32.14.3.rel1.win32_1.0.100.202602081740/tools/bin/../lib/gcc/arm-none-eabi/14.3.1/../../../../arm-none-eabi/lib/thumb/v7e-m+fp/hard\libc_nano.a(libc_a-strstr.o)
                0x08012b14                strstr
 .text.__errno  0x08012b40        0xc D:/cubeide/STM32CubeIDE_2.1.1/STM32CubeIDE/plugins/com.st.stm32cube.ide.mcu.externaltools.gnu-tools-for-stm32.14.3.rel1.win32_1.0.100.202602081740/tools/bin/../lib/gcc/arm-none-eabi/14.3.1/../../../../arm-none-eabi/lib/thumb/v7e-m+fp/hard\libc_nano.a(libc_a-errno.o)
                0x08012b40                __errno
 .text.__libc_init_array
                0x08012b4c       0x48 D:/cubeide/STM32CubeIDE_2.1.1/STM32CubeIDE/plugins/com.st.stm32cube.ide.mcu.externaltools.gnu-tools-for-stm32.14.3.rel1.win32_1.0.100.202602081740/tools/bin/../lib/gcc/arm-none-eabi/14.3.1/../../../../arm-none-eabi/lib/thumb/v7e-m+fp/hard\libc_nano.a(libc_a-init.o)
                0x08012b4c                __libc_init_array
 .text.__retarget_lock_acquire_recursive
                0x08012b94        0x2 D:/cubeide/STM32CubeIDE_2.1.1/STM32CubeIDE/plugins/com.st.stm32cube.ide.mcu.externaltools.gnu-tools-for-stm32.14.3.rel1.win32_1.0.100.202602081740/tools/bin/../lib/gcc/arm-none-eabi/14.3.1/../../../../arm-none-eabi/lib/thumb/v7e-m+fp/hard\libc_nano.a(libc_a-lock.o)
                0x08012b94                __retarget_lock_acquire_recursive
 .text.__retarget_lock_release_recursive
                0x08012b96        0x2 D:/cubeide/STM32CubeIDE_2.1.1/STM32CubeIDE/plugins/com.st.stm32cube.ide.mcu.externaltools.gnu-tools-for-stm32.14.3.rel1.win32_1.0.100.202602081740/tools/bin/../lib/gcc/arm-none-eabi/14.3.1/../../../../arm-none-eabi/lib/thumb/v7e-m+fp/hard\libc_nano.a(libc_a-lock.o)
                0x08012b96                __retarget_lock_release_recursive
 .text.memcpy   0x08012b98       0x1c D:/cubeide/STM32CubeIDE_2.1.1/STM32CubeIDE/plugins/com.st.stm32cube.ide.mcu.externaltools.gnu-tools-for-stm32.14.3.rel1.win32_1.0.100.202602081740/tools/bin/../lib/gcc/arm-none-eabi/14.3.1/../../../../arm-none-eabi/lib/thumb/v7e-m+fp/hard\libc_nano.a(libc_a-memcpy-stub.o)
                0x08012b98                memcpy
 .text._free_r  0x08012bb4       0x94 D:/cubeide/STM32CubeIDE_2.1.1/STM32CubeIDE/plugins/com.st.stm32cube.ide.mcu.externaltools.gnu-tools-for-stm32.14.3.rel1.win32_1.0.100.202602081740/tools/bin/../lib/gcc/arm-none-eabi/14.3.1/../../../../arm-none-eabi/lib/thumb/v7e-m+fp/hard\libc_nano.a(libc_a-freer.o)
                0x08012bb4                _free_r
 .text.sbrk_aligned
                0x08012c48       0x44 D:/cubeide/STM32CubeIDE_2.1.1/STM32CubeIDE/plugins/com.st.stm32cube.ide.mcu.externaltools.gnu-tools-for-stm32.14.3.rel1.win32_1.0.100.202602081740/tools/bin/../lib/gcc/arm-none-eabi/14.3.1/../../../../arm-none-eabi/lib/thumb/v7e-m+fp/hard\libc_nano.a(libc_a-mallocr.o)
 .text._malloc_r
                0x08012c8c      0x100 D:/cubeide/STM32CubeIDE_2.1.1/STM32CubeIDE/plugins/com.st.stm32cube.ide.mcu.externaltools.gnu-tools-for-stm32.14.3.rel1.win32_1.0.100.202602081740/tools/bin/../lib/gcc/arm-none-eabi/14.3.1/../../../../arm-none-eabi/lib/thumb/v7e-m+fp/hard\libc_nano.a(libc_a-mallocr.o)
                0x08012c8c                _malloc_r
 .text.__malloc_lock
                0x08012d8c        0xc D:/cubeide/STM32CubeIDE_2.1.1/STM32CubeIDE/plugins/com.st.stm32cube.ide.mcu.externaltools.gnu-tools-for-stm32.14.3.rel1.win32_1.0.100.202602081740/tools/bin/../lib/gcc/arm-none-eabi/14.3.1/../../../../arm-none-eabi/lib/thumb/v7e-m+fp/hard\libc_nano.a(libc_a-mlock.o)
                0x08012d8c                __malloc_lock
 .text.__malloc_unlock
                0x08012d98        0xc D:/cubeide/STM32CubeIDE_2.1.1/STM32CubeIDE/plugins/com.st.stm32cube.ide.mcu.externaltools.gnu-tools-for-stm32.14.3.rel1.win32_1.0.100.202602081740/tools/bin/../lib/gcc/arm-none-eabi/14.3.1/../../../../arm-none-eabi/lib/thumb/v7e-m+fp/hard\libc_nano.a(libc_a-mlock.o)
                0x08012d98                __malloc_unlock
 .text.__ssputs_r
                0x08012da4       0xc0 D:/cubeide/STM32CubeIDE_2.1.1/STM32CubeIDE/plugins/com.st.stm32cube.ide.mcu.externaltools.gnu-tools-for-stm32.14.3.rel1.win32_1.0.100.202602081740/tools/bin/../lib/gcc/arm-none-eabi/14.3.1/../../../../arm-none-eabi/lib/thumb/v7e-m+fp/hard\libc_nano.a(libc_a-nano-svfprintf.o)
                0x08012da4                __ssputs_r
 .text._svfprintf_r
                0x08012e64      0x1f0 D:/cubeide/STM32CubeIDE_2.1.1/STM32CubeIDE/plugins/com.st.stm32cube.ide.mcu.externaltools.gnu-tools-for-stm32.14.3.rel1.win32_1.0.100.202602081740/tools/bin/../lib/gcc/arm-none-eabi/14.3.1/../../../../arm-none-eabi/lib/thumb/v7e-m+fp/hard\libc_nano.a(libc_a-nano-svfprintf.o)
                0x08012e64                _svfiprintf_r
                0x08012e64                _svfprintf_r
 .text._printf_common
                0x08013054       0xda D:/cubeide/STM32CubeIDE_2.1.1/STM32CubeIDE/plugins/com.st.stm32cube.ide.mcu.externaltools.gnu-tools-for-stm32.14.3.rel1.win32_1.0.100.202602081740/tools/bin/../lib/gcc/arm-none-eabi/14.3.1/../../../../arm-none-eabi/lib/thumb/v7e-m+fp/hard\libc_nano.a(libc_a-nano-vfprintf_i.o)
                0x08013054                _printf_common
 *fill*         0x0801312e        0x2
 .text._printf_i
                0x08013130      0x24c D:/cubeide/STM32CubeIDE_2.1.1/STM32CubeIDE/plugins/com.st.stm32cube.ide.mcu.externaltools.gnu-tools-for-stm32.14.3.rel1.win32_1.0.100.202602081740/tools/bin/../lib/gcc/arm-none-eabi/14.3.1/../../../../arm-none-eabi/lib/thumb/v7e-m+fp/hard\libc_nano.a(libc_a-nano-vfprintf_i.o)
                0x08013130                _printf_i
 .text._sbrk_r  0x0801337c       0x20 D:/cubeide/STM32CubeIDE_2.1.1/STM32CubeIDE/plugins/com.st.stm32cube.ide.mcu.externaltools.gnu-tools-for-stm32.14.3.rel1.win32_1.0.100.202602081740/tools/bin/../lib/gcc/arm-none-eabi/14.3.1/../../../../arm-none-eabi/lib/thumb/v7e-m+fp/hard\libc_nano.a(libc_a-sbrkr.o)
                0x0801337c                _sbrk_r
 .text._realloc_r
                0x0801339c       0x5c D:/cubeide/STM32CubeIDE_2.1.1/STM32CubeIDE/plugins/com.st.stm32cube.ide.mcu.externaltools.gnu-tools-for-stm32.14.3.rel1.win32_1.0.100.202602081740/tools/bin/../lib/gcc/arm-none-eabi/14.3.1/../../../../arm-none-eabi/lib/thumb/v7e-m+fp/hard\libc_nano.a(libc_a-reallocr.o)
                0x0801339c                _realloc_r
 .text._malloc_usable_size_r
                0x080133f8       0x10 D:/cubeide/STM32CubeIDE_2.1.1/STM32CubeIDE/plugins/com.st.stm32cube.ide.mcu.externaltools.gnu-tools-for-stm32.14.3.rel1.win32_1.0.100.202602081740/tools/bin/../lib/gcc/arm-none-eabi/14.3.1/../../../../arm-none-eabi/lib/thumb/v7e-m+fp/hard\libc_nano.a(libc_a-msizer.o)
                0x080133f8                _malloc_usable_size_r
 .text.tanf     0x08013408       0x50 D:/cubeide/STM32CubeIDE_2.1.1/STM32CubeIDE/plugins/com.st.stm32cube.ide.mcu.externaltools.gnu-tools-for-stm32.14.3.rel1.win32_1.0.100.202602081740/tools/bin/../lib/gcc/arm-none-eabi/14.3.1/../../../../arm-none-eabi/lib/thumb/v7e-m+fp/hard\libm.a(libm_a-sf_tan.o)
                0x08013408                tanf
 .text.__kernel_tanf
                0x08013458      0x1bc D:/cubeide/STM32CubeIDE_2.1.1/STM32CubeIDE/plugins/com.st.stm32cube.ide.mcu.externaltools.gnu-tools-for-stm32.14.3.rel1.win32_1.0.100.202602081740/tools/bin/../lib/gcc/arm-none-eabi/14.3.1/../../../../arm-none-eabi/lib/thumb/v7e-m+fp/hard\libm.a(libm_a-kf_tan.o)
                0x08013458                __kernel_tanf
 .text.__ieee754_rem_pio2f
                0x08013614      0x26c D:/cubeide/STM32CubeIDE_2.1.1/STM32CubeIDE/plugins/com.st.stm32cube.ide.mcu.externaltools.gnu-tools-for-stm32.14.3.rel1.win32_1.0.100.202602081740/tools/bin/../lib/gcc/arm-none-eabi/14.3.1/../../../../arm-none-eabi/lib/thumb/v7e-m+fp/hard\libm.a(libm_a-ef_rem_pio2.o)
                0x08013614                __ieee754_rem_pio2f
 .text.fabsf    0x08013880       0x10 D:/cubeide/STM32CubeIDE_2.1.1/STM32CubeIDE/plugins/com.st.stm32cube.ide.mcu.externaltools.gnu-tools-for-stm32.14.3.rel1.win32_1.0.100.202602081740/tools/bin/../lib/gcc/arm-none-eabi/14.3.1/../../../../arm-none-eabi/lib/thumb/v7e-m+fp/hard\libm.a(libm_a-sf_fabs.o)
                0x08013880                fabsf
 .text.__kernel_rem_pio2f
                0x08013890      0x68c D:/cubeide/STM32CubeIDE_2.1.1/STM32CubeIDE/plugins/com.st.stm32cube.ide.mcu.externaltools.gnu-tools-for-stm32.14.3.rel1.win32_1.0.100.202602081740/tools/bin/../lib/gcc/arm-none-eabi/14.3.1/../../../../arm-none-eabi/lib/thumb/v7e-m+fp/hard\libm.a(libm_a-kf_rem_pio2.o)
                0x08013890                __kernel_rem_pio2f
 .text.scalbnf  0x08013f1c       0xdc D:/cubeide/STM32CubeIDE_2.1.1/STM32CubeIDE/plugins/com.st.stm32cube.ide.mcu.externaltools.gnu-tools-for-stm32.14.3.rel1.win32_1.0.100.202602081740/tools/bin/../lib/gcc/arm-none-eabi/14.3.1/../../../../arm-none-eabi/lib/thumb/v7e-m+fp/hard\libm.a(libm_a-sf_scalbn.o)
                0x08013f1c                scalbnf
 .text.floorf   0x08013ff8       0x94 D:/cubeide/STM32CubeIDE_2.1.1/STM32CubeIDE/plugins/com.st.stm32cube.ide.mcu.externaltools.gnu-tools-for-stm32.14.3.rel1.win32_1.0.100.202602081740/tools/bin/../lib/gcc/arm-none-eabi/14.3.1/../../../../arm-none-eabi/lib/thumb/v7e-m+fp/hard\libm.a(libm_a-sf_floor.o)
                0x08013ff8                floorf
 *(.glue_7)
 .glue_7        0x0801408c        0x0 linker stubs
 *(.glue_7t)
 .glue_7t       0x0801408c        0x0 linker stubs
 *(.eh_frame)