Archive member included to satisfy reference by file (symbol)

D:/cubeide/STM32CubeIDE_2.1.1/STM32CubeIDE/plugins/com.st.stm32cube.ide.mcu.externaltools.gnu-tools-for-stm32.14.3.rel1.win32_1.0.100.202602081740/tools/bin/../lib/gcc/arm-none-eabi/14.3.1/../../../../arm-none-eabi/lib/thumb/v7e-m+fp/hard\libc_nano.a(libc_a-exit.o)
                              D:/cubeide/STM32CubeIDE_2.1.1/STM32CubeIDE/plugins/com.st.stm32cube.ide.mcu.externaltools.gnu-tools-for-stm32.14.3.rel1.win32_1.0.100.202602081740/tools/bin/../lib/gcc/arm-none-eabi/14.3.1/../../../../arm-none-eabi/lib/thumb/v7e-m+fp/hard/crt0.o (exit)
D:/cubeide/STM32CubeIDE_2.1.1/STM32CubeIDE/plugins/com.st.stm32cube.ide.mcu.externaltools.gnu-tools-for-stm32.14.3.rel1.win32_1.0.100.202602081740/tools/bin/../lib/gcc/arm-none-eabi/14.3.1/../../../../arm-none-eabi/lib/thumb/v7e-m+fp/hard\libc_nano.a(libc_a-strtol.o)
                              ./Src/chassis_app.o (strtol)
D:/cubeide/STM32CubeIDE_2.1.1/STM32CubeIDE/plugins/com.st.stm32cube.ide.mcu.externaltools.gnu-tools-for-stm32.14.3.rel1.win32_1.0.100.202602081740/tools/bin/../lib/gcc/arm-none-eabi/14.3.1/../../../../arm-none-eabi/lib/thumb/v7e-m+fp/hard\libc_nano.a(libc_a-strtoul.o)
                              ./Src/chassis_app.o (strtoul)
D:/cubeide/STM32CubeIDE_2.1.1/STM32CubeIDE/plugins/com.st.stm32cube.ide.mcu.externaltools.gnu-tools-for-stm32.14.3.rel1.win32_1.0.100.202602081740/tools/bin/../lib/gcc/arm-none-eabi/14.3.1/../../../../arm-none-eabi/lib/thumb/v7e-m+fp/hard\libc_nano.a(libc_a-ctype_.o)
                              ./Src/chassis_app.o (_ctype_)
D:/cubeide/STM32CubeIDE_2.1.1/STM32CubeIDE/plugins/com.st.stm32cube.ide.mcu.externaltools.gnu-tools-for-stm32.14.3.rel1.win32_1.0.100.202602081740/tools/bin/../lib/gcc/arm-none-eabi/14.3.1/../../../../arm-none-eabi/lib/thumb/v7e-m+fp/hard\libc_nano.a(libc_a-findfp.o)
                              D:/cubeide/STM32CubeIDE_2.1.1/STM32CubeIDE/plugins/com.st.stm32cube.ide.mcu.externaltools.gnu-tools-for-stm32.14.3.rel1.win32_1.0.100.202602081740/tools/bin/../lib/gcc/arm-none-eabi/14.3.1/../../../../arm-none-eabi/lib/thumb/v7e-m+fp/hard\libc_nano.a(libc_a-exit.o) (__stdio_exit_handler)
D:/cubeide/STM32CubeIDE_2.1.1/STM32CubeIDE/plugins/com.st.stm32cube.ide.mcu.externaltools.gnu-tools-for-stm32.14.3.rel1.win32_1.0.100.202602081740/tools/bin/../lib/gcc/arm-none-eabi/14.3.1/../../../../arm-none-eabi/lib/thumb/v7e-m+fp/hard\libc_nano.a(libc_a-fwalk.o)
                              D:/cubeide/STM32CubeIDE_2.1.1/STM32CubeIDE/plugins/com.st.stm32cube.ide.mcu.externaltools.gnu-tools-for-stm32.14.3.rel1.win32_1.0.100.202602081740/tools/bin/../lib/gcc/arm-none-eabi/14.3.1/../../../../arm-none-eabi/lib/thumb/v7e-m+fp/hard\libc_nano.a(libc_a-findfp.o) (_fwalk_sglue)
D:/cubeide/STM32CubeIDE_2.1.1/STM32CubeIDE/plugins/com.st.stm32cube.ide.mcu.externaltools.gnu-tools-for-stm32.14.3.rel1.win32_1.0.100.202602081740/tools/bin/../lib/gcc/arm-none-eabi/14.3.1/../../../../arm-none-eabi/lib/thumb/v7e-m+fp/hard\libc_nano.a(libc_a-snprintf.o)
                              ./Src/chassis_app.o (snprintf)
D:/cubeide/STM32CubeIDE_2.1.1/STM32CubeIDE/plugins/com.st.stm32cube.ide.mcu.externaltools.gnu-tools-for-stm32.14.3.rel1.win32_1.0.100.202602081740/tools/bin/../lib/gcc/arm-none-eabi/14.3.1/../../../../arm-none-eabi/lib/thumb/v7e-m+fp/hard\libc_nano.a(libc_a-stdio.o)
                              D:/cubeide/STM32CubeIDE_2.1.1/STM32CubeIDE/plugins/com.st.stm32cube.ide.mcu.externaltools.gnu-tools-for-stm32.14.3.rel1.win32_1.0.100.202602081740/tools/bin/../lib/gcc/arm-none-eabi/14.3.1/../../../../arm-none-eabi/lib/thumb/v7e-m+fp/hard\libc_nano.a(libc_a-findfp.o) (__sread)
D:/cubeide/STM32CubeIDE_2.1.1/STM32CubeIDE/plugins/com.st.stm32cube.ide.mcu.externaltools.gnu-tools-for-stm32.14.3.rel1.win32_1.0.100.202602081740/tools/bin/../lib/gcc/arm-none-eabi/14.3.1/../../../../arm-none-eabi/lib/thumb/v7e-m+fp/hard\libc_nano.a(libc_a-vsnprintf.o)
                              ./Src/chassis_app.o (vsnprintf)
D:/cubeide/STM32CubeIDE_2.1.1/STM32CubeIDE/plugins/com.st.stm32cube.ide.mcu.externaltools.gnu-tools-for-stm32.14.3.rel1.win32_1.0.100.202602081740/tools/bin/../lib/gcc/arm-none-eabi/14.3.1/../../../../arm-none-eabi/lib/thumb/v7e-m+fp/hard\libc_nano.a(libc_a-memset.o)
                              D:/cubeide/STM32CubeIDE_2.1.1/STM32CubeIDE/plugins/com.st.stm32cube.ide.mcu.externaltools.gnu-tools-for-stm32.14.3.rel1.win32_1.0.100.202602081740/tools/bin/../lib/gcc/arm-none-eabi/14.3.1/../../../../arm-none-eabi/lib/thumb/v7e-m+fp/hard/crt0.o (memset)
D:/cubeide/STM32CubeIDE_2.1.1/STM32CubeIDE/plugins/com.st.stm32cube.ide.mcu.externaltools.gnu-tools-for-stm32.14.3.rel1.win32_1.0.100.202602081740/tools/bin/../lib/gcc/arm-none-eabi/14.3.1/../../../../arm-none-eabi/lib/thumb/v7e-m+fp/hard\libc_nano.a(libc_a-strchr.o)
                              ./Src/chassis_app.o (strchr)
[...]
Memory Configuration

Name             Origin             Length             Attributes
CCMRAM           0x10000000         0x00010000         xrw
RAM              0x20000000         0x00020000         xrw
FLASH            0x08000000         0x000e0000         xr
*default*        0x00000000         0xffffffff

Linker script and memory map

LOAD D:/cubeide/STM32CubeIDE_2.1.1/STM32CubeIDE/plugins/com.st.stm32cube.ide.mcu.externaltools.gnu-tools-for-stm32.14.3.rel1.win32_1.0.100.202602081740/tools/bin/../lib/gcc/arm-none-eabi/14.3.1/thumb/v7e-m+fp/hard/crti.o
LOAD D:/cubeide/STM32CubeIDE_2.1.1/STM32CubeIDE/plugins/com.st.stm32cube.ide.mcu.externaltools.gnu-tools-for-stm32.14.3.rel1.win32_1.0.100.202602081740/tools/bin/../lib/gcc/arm-none-eabi/14.3.1/thumb/v7e-m+fp/hard/crtbegin.o
LOAD D:/cubeide/STM32CubeIDE_2.1.1/STM32CubeIDE/plugins/com.st.stm32cube.ide.mcu.externaltools.gnu-tools-for-stm32.14.3.rel1.win32_1.0.100.202602081740/tools/bin/../lib/gcc/arm-none-eabi/14.3.1/../../../../arm-none-eabi/lib/thumb/v7e-m+fp/hard/crt0.o
LOAD ./Drivers/STM32F4xx_HAL_Driver/Src/stm32f4xx_hal.o
LOAD ./Drivers/STM32F4xx_HAL_Driver/Src/stm32f4xx_hal_adc.o
LOAD ./Drivers/STM32F4xx_HAL_Driver/Src/stm32f4xx_hal_adc_ex.o
LOAD ./Drivers/STM32F4xx_HAL_Driver/Src/stm32f4xx_hal_can.o
LOAD ./Drivers/STM32F4xx_HAL_Driver/Src/stm32f4xx_hal_cortex.o
LOAD ./Drivers/STM32F4xx_HAL_Driver/Src/stm32f4xx_hal_dma.o
LOAD ./Drivers/STM32F4xx_HAL_Driver/Src/stm32f4xx_hal_dma_ex.o
LOAD ./Drivers/STM32F4xx_HAL_Driver/Src/stm32f4xx_hal_exti.o
LOAD ./Drivers/STM32F4xx_HAL_Driver/Src/stm32f4xx_hal_flash.o
LOAD ./Drivers/STM32F4xx_HAL_Driver/Src/stm32f4xx_hal_flash_ex.o
LOAD ./Drivers/STM32F4xx_HAL_Driver/Src/stm32f4xx_hal_flash_ramfunc.o
LOAD ./Drivers/STM32F4xx_HAL_Driver/Src/stm32f4xx_hal_gpio.o
LOAD ./Drivers/STM32F4xx_HAL_Driver/Src/stm32f4xx_hal_pcd.o
LOAD ./Drivers/STM32F4xx_HAL_Driver/Src/stm32f4xx_hal_pcd_ex.o
LOAD ./Drivers/STM32F4xx_HAL_Driver/Src/stm32f4xx_hal_pwr.o
LOAD ./Drivers/STM32F4xx_HAL_Driver/Src/stm32f4xx_hal_pwr_ex.o
LOAD ./Drivers/STM32F4xx_HAL_Driver/Src/stm32f4xx_hal_rcc.o
LOAD ./Drivers/STM32F4xx_HAL_Driver/Src/stm32f4xx_hal_rcc_ex.o
LOAD ./Drivers/STM32F4xx_HAL_Driver/Src/stm32f4xx_hal_uart.o
LOAD ./Drivers/STM32F4xx_HAL_Driver/Src/stm32f4xx_ll_usb.o
LOAD ./Middlewares/ST/STM32_USB_Device_Library/Class/CDC/Src/usbd_cdc.o
LOAD ./Middlewares/ST/STM32_USB_Device_Library/Core/Src/usbd_core.o
LOAD ./Middlewares/ST/STM32_USB_Device_Library/Core/Src/usbd_ctlreq.o
LOAD ./Middlewares/ST/STM32_USB_Device_Library/Core/Src/usbd_ioreq.o
LOAD ./Src/board_io.o
LOAD ./Src/can_transport.o
LOAD ./Src/chassis_app.o
LOAD ./Src/drive_controller_mssd.o
LOAD ./Src/ewm22_link.o
LOAD ./Src/main.o
LOAD ./Src/steering_controller_mssc.o
LOAD ./Src/stm32f4xx_hal_msp.o
LOAD ./Src/stm32f4xx_it.o
LOAD ./Src/syscalls.o
LOAD ./Src/sysmem.o
LOAD ./Src/system_stm32f4xx.o
LOAD ./Src/usb_cdc_shell.o
LOAD ./Src/usb_device.o
LOAD ./Src/usbd_cdc_if.o
LOAD ./Src/usbd_conf.o
LOAD ./Src/usbd_desc.o
LOAD ./Src/vehicle_config.o
LOAD ./Startup/startup_stm32f407zgtx.o
START GROUP
LOAD D:/cubeide/STM32CubeIDE_2.1.1/STM32CubeIDE/plugins/com.st.stm32cube.ide.mcu.externaltools.gnu-tools-for-stm32.14.3.rel1.win32_1.0.100.202602081740/tools/bin/../lib/gcc/arm-none-eabi/14.3.1/../../../../arm-none-eabi/lib/thumb/v7e-m+fp/hard\libc_nano.a
LOAD D:/cubeide/STM32CubeIDE_2.1.1/STM32CubeIDE/plugins/com.st.stm32cube.ide.mcu.externaltools.gnu-tools-for-stm32.14.3.rel1.win32_1.0.100.202602081740/tools/bin/../lib/gcc/arm-none-eabi/14.3.1/../../../../arm-none-eabi/lib/thumb/v7e-m+fp/hard\libm.a
END GROUP
START GROUP
LOAD D:/cubeide/STM32CubeIDE_2.1.1/STM32CubeIDE/plugins/com.st.stm32cube.ide.mcu.externaltools.gnu-tools-for-stm32.14.3.rel1.win32_1.0.100.202602081740/tools/bin/../lib/gcc/arm-none-eabi/14.3.1/thumb/v7e-m+fp/hard\libgcc.a
LOAD D:/cubeide/STM32CubeIDE_2.1.1/STM32CubeIDE/plugins/com.st.stm32cube.ide.mcu.externaltools.gnu-tools-for-stm32.14.3.rel1.win32_1.0.100.202602081740/tools/bin/../lib/gcc/arm-none-eabi/14.3.1/../../../../arm-none-eabi/lib/thumb/v7e-m+fp/hard\libc_nano.a
END GROUP
START GROUP
LOAD D:/cubeide/STM32CubeIDE_2.1.1/STM32CubeIDE/plugins/com.st.stm32cube.ide.mcu.externaltools.gnu-tools-for-stm32.14.3.rel1.win32_1.0.100.202602081740/tools/bin/../lib/gcc/arm-none-eabi/14.3.1/thumb/v7e-m+fp/hard\libgcc.a
LOAD D:/cubeide/STM32CubeIDE_2.1.1/STM32CubeIDE/plugins/com.st.stm32cube.ide.mcu.externaltools.gnu-tools-for-stm32.14.3.rel1.win32_1.0.100.202602081740/tools/bin/../lib/gcc/arm-none-eabi/14.3.1/../../../../arm-none-eabi/lib/thumb/v7e-m+fp/hard\libc_nano.a
LOAD D:/cubeide/STM32CubeIDE_2.1.1/STM32CubeIDE/plugins/com.st.stm32cube.ide.mcu.externaltools.gnu-tools-for-stm32.14.3.rel1.win32_1.0.100.202602081740/tools/bin/../lib/gcc/arm-none-eabi/14.3.1/../../../../arm-none-eabi/lib/thumb/v7e-m+fp/hard\libnosys.a
END GROUP
START GROUP
LOAD D:/cubeide/STM32CubeIDE_2.1.1/STM32CubeIDE/plugins/com.st.stm32cube.ide.mcu.externaltools.gnu-tools-for-stm32.14.3.rel1.win32_1.0.100.202602081740/tools/bin/../lib/gcc/arm-none-eabi/14.3.1/thumb/v7e-m+fp/hard\libgcc.a
LOAD D:/cubeide/STM32CubeIDE_2.1.1/STM32CubeIDE/plugins/com.st.stm32cube.ide.mcu.externaltools.gnu-tools-for-stm32.14.3.rel1.win32_1.0.100.202602081740/tools/bin/../lib/gcc/arm-none-eabi/14.3.1/../../../../arm-none-eabi/lib/thumb/v7e-m+fp/hard\libc_nano.a
LOAD D:/cubeide/STM32CubeIDE_2.1.1/STM32CubeIDE/plugins/com.st.stm32cube.ide.mcu.externaltools.gnu-tools-for-stm32.14.3.rel1.win32_1.0.100.202602081740/tools/bin/../lib/gcc/arm-none-eabi/14.3.1/../../../../arm-none-eabi/lib/thumb/v7e-m+fp/hard\libnosys.a
END GROUP
LOAD D:/cubeide/STM32CubeIDE_2.1.1/STM32CubeIDE/plugins/com.st.stm32cube.ide.mcu.externaltools.gnu-tools-for-stm32.14.3.rel1.win32_1.0.100.202602081740/tools/bin/../lib/gcc/arm-none-eabi/14.3.1/thumb/v7e-m+fp/hard/crtend.o
LOAD D:/cubeide/STM32CubeIDE_2.1.1/STM32CubeIDE/plugins/com.st.stm32cube.ide.mcu.externaltools.gnu-tools-for-stm32.14.3.rel1.win32_1.0.100.202602081740/tools/bin/../lib/gcc/arm-none-eabi/14.3.1/thumb/v7e-m+fp/hard/crtn.o
                0x20020000                        _estack = (ORIGIN (RAM) + LENGTH (RAM))
                0x00000200                        _Min_Heap_Size = 0x200
                0x00000400                        _Min_Stack_Size = 0x400

.isr_vector     0x08000000      0x188
                0x08000000                        . = ALIGN (0x4)
 *(.isr_vector)
 .isr_vector    0x08000000      0x188 ./Startup/startup_stm32f407zgtx.o
                0x08000000                g_pfnVectors
                0x08000188                        . = ALIGN (0x4)

.text           0x08000190    0x11738
                0x08000190                        . = ALIGN (0x4)
 *(.text)
 .text          0x08000190       0x40 D:/cubeide/STM32CubeIDE_2.1.1/STM32CubeIDE/plugins/com.st.stm32cube.ide.mcu.externaltools.gnu-tools-for-stm32.14.3.rel1.win32_1.0.100.202602081740/tools/bin/../lib/gcc/arm-none-eabi/14.3.1/thumb/v7e-m+fp/hard/crtbegin.o
 .text          0x080001d0       0x10 D:/cubeide/STM32CubeIDE_2.1.1/STM32CubeIDE/plugins/com.st.stm32cube.ide.mcu.externaltools.gnu-tools-for-stm32.14.3.rel1.win32_1.0.100.202602081740/tools/bin/../lib/gcc/arm-none-eabi/14.3.1/../../../../arm-none-eabi/lib/thumb/v7e-m+fp/hard\libc_nano.a(libc_a-strlen.o)
                0x080001d0                strlen
 .text          0x080001e0       0xa0 D:/cubeide/STM32CubeIDE_2.1.1/STM32CubeIDE/plugins/com.st.stm32cube.ide.mcu.externaltools.gnu-tools-for-stm32.14.3.rel1.win32_1.0.100.202602081740/tools/bin/../lib/gcc/arm-none-eabi/14.3.1/../../../../arm-none-eabi/lib/thumb/v7e-m+fp/hard\libc_nano.a(libc_a-memchr.o)
                0x080001e0                memchr
 .text          0x08000280       0x30 D:/cubeide/STM32CubeIDE_2.1.1/STM32CubeIDE/plugins/com.st.stm32cube.ide.mcu.externaltools.gnu-tools-for-stm32.14.3.rel1.win32_1.0.100.202602081740/tools/bin/../lib/gcc/arm-none-eabi/14.3.1/thumb/v7e-m+fp/hard\libgcc.a(_aeabi_uldivmod.o)
                0x08000280                __aeabi_uldivmod
 .text          0x080002b0      0x2f8 D:/cubeide/STM32CubeIDE_2.1.1/STM32CubeIDE/plugins/com.st.stm32cube.ide.mcu.externaltools.gnu-tools-for-stm32.14.3.rel1.win32_1.0.100.202602081740/tools/bin/../lib/gcc/arm-none-eabi/14.3.1/thumb/v7e-m+fp/hard\libgcc.a(_udivmoddi4.o)
                0x080002b0                __udivmoddi4
 .text          0x080005a8        0x4 D:/cubeide/STM32CubeIDE_2.1.1/STM32CubeIDE/plugins/com.st.stm32cube.ide.mcu.externaltools.gnu-tools-for-stm32.14.3.rel1.win32_1.0.100.202602081740/tools/bin/../lib/gcc/arm-none-eabi/14.3.1/thumb/v7e-m+fp/hard\libgcc.a(_dvmd_tls.o)
                0x080005a8                __aeabi_idiv0
                0x080005a8                __aeabi_ldiv0
 *(.text*)
 .text.HAL_Init
                0x080005ac       0x44 ./Drivers/STM32F4xx_HAL_Driver/Src/stm32f4xx_hal.o
                0x080005ac                HAL_Init
 .text.HAL_InitTick
                0x080005f0       0x60 ./Drivers/STM32F4xx_HAL_Driver/Src/stm32f4xx_hal.o
                0x080005f0                HAL_InitTick
 .text.HAL_IncTick
                0x08000650       0x28 ./Drivers/STM32F4xx_HAL_Driver/Src/stm32f4xx_hal.o
                0x08000650                HAL_IncTick
 .text.HAL_GetTick
                0x08000678       0x18 ./Drivers/STM32F4xx_HAL_Driver/Src/stm32f4xx_hal.o
                0x08000678                HAL_GetTick
 .text.HAL_Delay
                0x08000690       0x48 ./Drivers/STM32F4xx_HAL_Driver/Src/stm32f4xx_hal.o
                0x08000690                HAL_Delay
 .text.HAL_ADC_Init
                0x080006d8       0x86 ./Drivers/STM32F4xx_HAL_Driver/Src/stm32f4xx_hal_adc.o
                0x080006d8                HAL_ADC_Init
 *fill*         0x0800075e        0x2 
 .text.HAL_ADC_Start
                0x08000760      0x1a4 ./Drivers/STM32F4xx_HAL_Driver/Src/stm32f4xx_hal_adc.o
                0x08000760                HAL_ADC_Start
 .text.HAL_ADC_Stop
                0x08000904       0x66 ./Drivers/STM32F4xx_HAL_Driver/Src/stm32f4xx_hal_adc.o
                0x08000904                HAL_ADC_Stop
 .text.HAL_ADC_PollForConversion
                0x0800096a      0x116 ./Drivers/STM32F4xx_HAL_Driver/Src/stm32f4xx_hal_adc.o
                0x0800096a                HAL_ADC_PollForConversion
 .text.HAL_ADC_GetValue
                0x08000a80       0x1a ./Drivers/STM32F4xx_HAL_Driver/Src/stm32f4xx_hal_adc.o
                0x08000a80                HAL_ADC_GetValue
 *fill*         0x08000a9a        0x2 
 .text.HAL_ADC_ConfigChannel
                0x08000a9c      0x244 ./Drivers/STM32F4xx_HAL_Driver/Src/stm32f4xx_hal_adc.o
                0x08000a9c                HAL_ADC_ConfigChannel
 .text.ADC_Init
                0x08000ce0      0x1f8 ./Drivers/STM32F4xx_HAL_Driver/Src/stm32f4xx_hal_adc.o
 .text.HAL_CAN_Init
                0x08000ed8      0x1f6 ./Drivers/STM32F4xx_HAL_Driver/Src/stm32f4xx_hal_can.o
                0x08000ed8                HAL_CAN_Init
 *fill*         0x080010ce        0x2 
 .text.HAL_CAN_ConfigFilter
                0x080010d0      0x1bc ./Drivers/STM32F4xx_HAL_Driver/Src/stm32f4xx_hal_can.o
                0x080010d0                HAL_CAN_ConfigFilter
 .text.HAL_CAN_Start
                0x0800128c       0x88 ./Drivers/STM32F4xx_HAL_Driver/Src/stm32f4xx_hal_can.o
                0x0800128c                HAL_CAN_Start
 .text.HAL_CAN_AddTxMessage
                0x08001314      0x1a0 ./Drivers/STM32F4xx_HAL_Driver/Src/stm32f4xx_hal_can.o
                0x08001314                HAL_CAN_AddTxMessage
 .text.HAL_CAN_GetRxMessage
                0x080014b4      0x244 ./Drivers/STM32F4xx_HAL_Driver/Src/stm32f4xx_hal_can.o
                0x080014b4                HAL_CAN_GetRxMessage
 .text.HAL_CAN_GetRxFifoFillLevel
                0x080016f8       0x50 ./Drivers/STM32F4xx_HAL_Driver/Src/stm32f4xx_hal_can.o
                0x080016f8                HAL_CAN_GetRxFifoFillLevel
 .text.HAL_CAN_ActivateNotification
                0x08001748       0x4c ./Drivers/STM32F4xx_HAL_Driver/Src/stm32f4xx_hal_can.o
                0x08001748                HAL_CAN_ActivateNotification
 .text.HAL_CAN_IRQHandler
                0x08001794      0x36e ./Drivers/STM32F4xx_HAL_Driver/Src/stm32f4xx_hal_can.o
                0x08001794                HAL_CAN_IRQHandler
 .text.HAL_CAN_TxMailbox0CompleteCallback
                0x08001b02       0x14 ./Drivers/STM32F4xx_HAL_Driver/Src/stm32f4xx_hal_can.o
                0x08001b02                HAL_CAN_TxMailbox0CompleteCallback
 .text.HAL_CAN_TxMailbox1CompleteCallback
                0x08001b16       0x14 ./Drivers/STM32F4xx_HAL_Driver/Src/stm32f4xx_hal_can.o
                0x08001b16                HAL_CAN_TxMailbox1CompleteCallback
 .text.HAL_CAN_TxMailbox2CompleteCallback
                0x08001b2a       0x14 ./Drivers/STM32F4xx_HAL_Driver/Src/stm32f4xx_hal_can.o
                0x08001b2a                HAL_CAN_TxMailbox2CompleteCallback
 .text.HAL_CAN_TxMailbox0AbortCallback
                0x08001b3e       0x14 ./Drivers/STM32F4xx_HAL_Driver/Src/stm32f4xx_hal_can.o
                0x08001b3e                HAL_CAN_TxMailbox0AbortCallback
 .text.HAL_CAN_TxMailbox1AbortCallback
                0x08001b52       0x14 ./Drivers/STM32F4xx_HAL_Driver/Src/stm32f4xx_hal_can.o
                0x08001b52                HAL_CAN_TxMailbox1AbortCallback
 .text.HAL_CAN_TxMailbox2AbortCallback
                0x08001b66       0x14 ./Drivers/STM32F4xx_HAL_Driver/Src/stm32f4xx_hal_can.o
                0x08001b66                HAL_CAN_TxMailbox2AbortCallback
 .text.HAL_CAN_RxFifo1MsgPendingCallback
                0x08001b7a       0x14 ./Drivers/STM32F4xx_HAL_Driver/Src/stm32f4xx_hal_can.o
                0x08001b7a                HAL_CAN_RxFifo1MsgPendingCallback
 .text.HAL_CAN_RxFifo1FullCallback
                0x08001b8e       0x14 ./Drivers/STM32F4xx_HAL_Driver/Src/stm32f4xx_hal_can.o
                0x08001b8e                HAL_CAN_RxFifo1FullCallback
 .text.HAL_CAN_SleepCallback
                0x08001ba2       0x14 ./Drivers/STM32F4xx_HAL_Driver/Src/stm32f4xx_hal_can.o
                0x08001ba2                HAL_CAN_SleepCallback
 .text.HAL_CAN_WakeUpFromRxMsgCallback
                0x08001bb6       0x14 ./Drivers/STM32F4xx_HAL_Driver/Src/stm32f4xx_hal_can.o
                0x08001bb6                HAL_CAN_WakeUpFromRxMsgCallback
 .text.HAL_CAN_ErrorCallback
                0x08001bca       0x14 ./Drivers/STM32F4xx_HAL_Driver/Src/stm32f4xx_hal_can.o
                0x08001bca                HAL_CAN_ErrorCallback
 *fill*         0x08001bde        0x2 
 .text.__NVIC_SetPriorityGrouping
                0x08001be0       0x48 ./Drivers/STM32F4xx_HAL_Driver/Src/stm32f4xx_hal_cortex.o
 .text.__NVIC_GetPriorityGrouping
                0x08001c28       0x1c ./Drivers/STM32F4xx_HAL_Driver/Src/stm32f4xx_hal_cortex.o
 .text.__NVIC_EnableIRQ
                0x08001c44       0x3c ./Drivers/STM32F4xx_HAL_Driver/Src/stm32f4xx_hal_cortex.o
 .text.__NVIC_SetPriority
                0x08001c80       0x54 ./Drivers/STM32F4xx_HAL_Driver/Src/stm32f4xx_hal_cortex.o
 .text.NVIC_EncodePriority
                0x08001cd4       0x66 ./Drivers/STM32F4xx_HAL_Driver/Src/stm32f4xx_hal_cortex.o
 *fill*         0x08001d3a        0x2 
 .text.SysTick_Config
                0x08001d3c       0x44 ./Drivers/STM32F4xx_HAL_Driver/Src/stm32f4xx_hal_cortex.o
 .text.HAL_NVIC_SetPriorityGrouping
                0x08001d80       0x16 ./Drivers/STM32F4xx_HAL_Driver/Src/stm32f4xx_hal_cortex.o
                0x08001d80                HAL_NVIC_SetPriorityGrouping
 .text.HAL_NVIC_SetPriority
                0x08001d96       0x38 ./Drivers/STM32F4xx_HAL_Driver/Src/stm32f4xx_hal_cortex.o
                0x08001d96                HAL_NVIC_SetPriority
 .text.HAL_NVIC_EnableIRQ
                0x08001dce       0x1c ./Drivers/STM32F4xx_HAL_Driver/Src/stm32f4xx_hal_cortex.o
                0x08001dce                HAL_NVIC_EnableIRQ
 .text.HAL_SYSTICK_Config
                0x08001dea       0x18 ./Drivers/STM32F4xx_HAL_Driver/Src/stm32f4xx_hal_cortex.o
                0x08001dea                HAL_SYSTICK_Config
 .text.HAL_DMA_Abort
                0x08001e02       0xe0 ./Drivers/STM32F4xx_HAL_Driver/Src/stm32f4xx_hal_dma.o
                0x08001e02                HAL_DMA_Abort
 .text.HAL_DMA_Abort_IT
                0x08001ee2       0x44 ./Drivers/STM32F4xx_HAL_Driver/Src/stm32f4xx_hal_dma.o
                0x08001ee2                HAL_DMA_Abort_IT
 *fill*         0x08001f26        0x2 
 .text.HAL_FLASH_Program
                0x08001f28       0xa4 ./Drivers/STM32F4xx_HAL_Driver/Src/stm32f4xx_hal_flash.o
                0x08001f28                HAL_FLASH_Program
 .text.HAL_FLASH_Unlock
                0x08001fcc       0x44 ./Drivers/STM32F4xx_HAL_Driver/Src/stm32f4xx_hal_flash.o
                0x08001fcc                HAL_FLASH_Unlock
 .text.HAL_FLASH_Lock
                0x08002010       0x20 ./Drivers/STM32F4xx_HAL_Driver/Src/stm32f4xx_hal_flash.o
                0x08002010                HAL_FLASH_Lock
 .text.FLASH_WaitForLastOperation
                0x08002030       0x80 ./Drivers/STM32F4xx_HAL_Driver/Src/stm32f4xx_hal_flash.o
                0x08002030                FLASH_WaitForLastOperation
 .text.FLASH_Program_DoubleWord
                0x080020b0       0x64 ./Drivers/STM32F4xx_HAL_Driver/Src/stm32f4xx_hal_flash.o
 .text.FLASH_Program_Word
                0x08002114       0x44 ./Drivers/STM32F4xx_HAL_Driver/Src/stm32f4xx_hal_flash.o
 .text.FLASH_Program_HalfWord
                0x08002158       0x48 ./Drivers/STM32F4xx_HAL_Driver/Src/stm32f4xx_hal_flash.o
 .text.FLASH_Program_Byte
                0x080021a0       0x44 ./Drivers/STM32F4xx_HAL_Driver/Src/stm32f4xx_hal_flash.o
 .text.FLASH_SetErrorCode
                0x080021e4       0xac ./Drivers/STM32F4xx_HAL_Driver/Src/stm32f4xx_hal_flash.o
 .text.HAL_FLASHEx_Erase
                0x08002290       0xdc ./Drivers/STM32F4xx_HAL_Driver/Src/stm32f4xx_hal_flash_ex.o
                0x08002290                HAL_FLASHEx_Erase
 .text.FLASH_MassErase
                0x0800236c       0x48 ./Drivers/STM32F4xx_HAL_Driver/Src/stm32f4xx_hal_flash_ex.o
 .text.FLASH_Erase_Sector
                0x080023b4       0x90 ./Drivers/STM32F4xx_HAL_Driver/Src/stm32f4xx_hal_flash_ex.o
                0x080023b4                FLASH_Erase_Sector
 .text.FLASH_FlushCaches
                0x08002444       0x8c ./Drivers/STM32F4xx_HAL_Driver/Src/stm32f4xx_hal_flash_ex.o
                0x08002444                FLASH_FlushCaches
 .text.HAL_GPIO_Init
                0x080024d0      0x338 ./Drivers/STM32F4xx_HAL_Driver/Src/stm32f4xx_hal_gpio.o
                0x080024d0                HAL_GPIO_Init
 .text.HAL_GPIO_ReadPin
                0x08002808       0x30 ./Drivers/STM32F4xx_HAL_Driver/Src/stm32f4xx_hal_gpio.o
                0x08002808                HAL_GPIO_ReadPin
 .text.HAL_PCD_Init
                0x08002838      0x21e ./Drivers/STM32F4xx_HAL_Driver/Src/stm32f4xx_hal_pcd.o
                0x08002838                HAL_PCD_Init
 .text.HAL_PCD_Start
                0x08002a56       0x6a ./Drivers/STM32F4xx_HAL_Driver/Src/stm32f4xx_hal_pcd.o
                0x08002a56                HAL_PCD_Start
 .text.HAL_PCD_IRQHandler
                0x08002ac0      0x942 ./Drivers/STM32F4xx_HAL_Driver/Src/stm32f4xx_hal_pcd.o
                0x08002ac0                HAL_PCD_IRQHandler
 .text.HAL_PCD_SetAddress
                0x08003402       0x48 ./Drivers/STM32F4xx_HAL_Driver/Src/stm32f4xx_hal_pcd.o
                0x08003402                HAL_PCD_SetAddress
 .text.HAL_PCD_EP_Open
                0x0800344a       0xd4 ./Drivers/STM32F4xx_HAL_Driver/Src/stm32f4xx_hal_pcd.o
                0x0800344a                HAL_PCD_EP_Open
 .text.HAL_PCD_EP_Close
                0x0800351e       0x94 ./Drivers/STM32F4xx_HAL_Driver/Src/stm32f4xx_hal_pcd.o
                0x0800351e                HAL_PCD_EP_Close
 .text.HAL_PCD_EP_Receive
                0x080035b2       0x76 ./Drivers/STM32F4xx_HAL_Driver/Src/stm32f4xx_hal_pcd.o
                0x080035b2                HAL_PCD_EP_Receive
 .text.HAL_PCD_EP_GetRxCount
                0x08003628       0x30 ./Drivers/STM32F4xx_HAL_Driver/Src/stm32f4xx_hal_pcd.o
                0x08003628                HAL_PCD_EP_GetRxCount
 .text.HAL_PCD_EP_Transmit
                0x08003658       0x74 ./Drivers/STM32F4xx_HAL_Driver/Src/stm32f4xx_hal_pcd.o
                0x08003658                HAL_PCD_EP_Transmit
 .text.HAL_PCD_EP_SetStall
                0x080036cc       0xc6 ./Drivers/STM32F4xx_HAL_Driver/Src/stm32f4xx_hal_pcd.o
                0x080036cc                HAL_PCD_EP_SetStall
 .text.HAL_PCD_EP_ClrStall
                0x08003792       0xac ./Drivers/STM32F4xx_HAL_Driver/Src/stm32f4xx_hal_pcd.o
                0x08003792                HAL_PCD_EP_ClrStall
 .text.HAL_PCD_EP_Abort
                0x0800383e       0x62 ./Drivers/STM32F4xx_HAL_Driver/Src/stm32f4xx_hal_pcd.o
                0x0800383e                HAL_PCD_EP_Abort
 .text.PCD_WriteEmptyTxFifo
                0x080038a0      0x118 ./Drivers/STM32F4xx_HAL_Driver/Src/stm32f4xx_hal_pcd.o
 .text.PCD_EP_OutXfrComplete_int
                0x080039b8      0x1d0 ./Drivers/STM32F4xx_HAL_Driver/Src/stm32f4xx_hal_pcd.o
 .text.PCD_EP_OutSetupPacket_int
                0x08003b88       0x8c ./Drivers/STM32F4xx_HAL_Driver/Src/stm32f4xx_hal_pcd.o
 .text.HAL_PCDEx_SetTxFiFo
                0x08003c14       0x8e ./Drivers/STM32F4xx_HAL_Driver/Src/stm32f4xx_hal_pcd_ex.o
                0x08003c14                HAL_PCDEx_SetTxFiFo
 .text.HAL_PCDEx_SetRxFiFo
                0x08003ca2       0x22 ./Drivers/STM32F4xx_HAL_Driver/Src/stm32f4xx_hal_pcd_ex.o
                0x08003ca2                HAL_PCDEx_SetRxFiFo
 .text.HAL_PCDEx_LPM_Callback
                0x08003cc4       0x18 ./Drivers/STM32F4xx_HAL_Driver/Src/stm32f4xx_hal_pcd_ex.o
                0x08003cc4                HAL_PCDEx_LPM_Callback
 .text.HAL_RCC_OscConfig
                0x08003cdc      0x4f0 ./Drivers/STM32F4xx_HAL_Driver/Src/stm32f4xx_hal_rcc.o
                0x08003cdc                HAL_RCC_OscConfig
 .text.HAL_RCC_ClockConfig
                0x080041cc      0x1cc ./Drivers/STM32F4xx_HAL_Driver/Src/stm32f4xx_hal_rcc.o
                0x080041cc                HAL_RCC_ClockConfig
 .text.HAL_RCC_GetSysClockFreq
                0x08004398      0x20c ./Drivers/STM32F4xx_HAL_Driver/Src/stm32f4xx_hal_rcc.o
                0x08004398                HAL_RCC_GetSysClockFreq
 .text.HAL_RCC_GetHCLKFreq
                0x080045a4       0x18 ./Drivers/STM32F4xx_HAL_Driver/Src/stm32f4xx_hal_rcc.o
                0x080045a4                HAL_RCC_GetHCLKFreq
 .text.HAL_RCC_GetPCLK1Freq
                0x080045bc       0x28 ./Drivers/STM32F4xx_HAL_Driver/Src/stm32f4xx_hal_rcc.o
                0x080045bc                HAL_RCC_GetPCLK1Freq
 .text.HAL_RCC_GetPCLK2Freq
                0x080045e4       0x28 ./Drivers/STM32F4xx_HAL_Driver/Src/stm32f4xx_hal_rcc.o
                0x080045e4                HAL_RCC_GetPCLK2Freq
 .text.HAL_UART_Init
                0x0800460c       0xa0 ./Drivers/STM32F4xx_HAL_Driver/Src/stm32f4xx_hal_uart.o
                0x0800460c                HAL_UART_Init
 .text.HAL_UART_Transmit
                0x080046ac      0x116 ./Drivers/STM32F4xx_HAL_Driver/Src/stm32f4xx_hal_uart.o
                0x080046ac                HAL_UART_Transmit
 .text.HAL_UART_Receive_IT
                0x080047c2       0x4a ./Drivers/STM32F4xx_HAL_Driver/Src/stm32f4xx_hal_uart.o
                0x080047c2                HAL_UART_Receive_IT
 .text.HAL_UART_AbortReceive_IT
                0x0800480c      0x164 ./Drivers/STM32F4xx_HAL_Driver/Src/stm32f4xx_hal_uart.o
                0x0800480c                HAL_UART_AbortReceive_IT
 .text.HAL_UART_IRQHandler
                0x08004970      0x554 ./Drivers/STM32F4xx_HAL_Driver/Src/stm32f4xx_hal_uart.o
                0x08004970                HAL_UART_IRQHandler
 .text.HAL_UART_TxCpltCallback
                0x08004ec4       0x14 ./Drivers/STM32F4xx_HAL_Driver/Src/stm32f4xx_hal_uart.o
                0x08004ec4                HAL_UART_TxCpltCallback
 .text.HAL_UART_AbortReceiveCpltCallback
                0x08004ed8       0x14 ./Drivers/STM32F4xx_HAL_Driver/Src/stm32f4xx_hal_uart.o
                0x08004ed8                HAL_UART_AbortReceiveCpltCallback
 .text.HAL_UARTEx_RxEventCallback
                0x08004eec       0x18 ./Drivers/STM32F4xx_HAL_Driver/Src/stm32f4xx_hal_uart.o
                0x08004eec                HAL_UARTEx_RxEventCallback
 .text.UART_WaitOnFlagUntilTimeout
                0x08004f04       0xb2 ./Drivers/STM32F4xx_HAL_Driver/Src/stm32f4xx_hal_uart.o
 .text.UART_Start_Receive_IT
                0x08004fb6       0x74 ./Drivers/STM32F4xx_HAL_Driver/Src/stm32f4xx_hal_uart.o
                0x08004fb6                UART_Start_Receive_IT
 .text.UART_EndRxTransfer
                0x0800502a       0xc6 ./Drivers/STM32F4xx_HAL_Driver/Src/stm32f4xx_hal_uart.o
 .text.UART_DMAAbortOnError
                0x080050f0       0x22 ./Drivers/STM32F4xx_HAL_Driver/Src/stm32f4xx_hal_uart.o
 .text.UART_DMARxOnlyAbortCallback
                0x08005112       0x30 ./Drivers/STM32F4xx_HAL_Driver/Src/stm32f4xx_hal_uart.o
 .text.UART_Transmit_IT
                0x08005142       0xa0 ./Drivers/STM32F4xx_HAL_Driver/Src/stm32f4xx_hal_uart.o
 .text.UART_EndTransmit_IT
                0x080051e2       0x30 ./Drivers/STM32F4xx_HAL_Driver/Src/stm32f4xx_hal_uart.o
 .text.UART_Receive_IT
                0x08005212      0x17c ./Drivers/STM32F4xx_HAL_Driver/Src/stm32f4xx_hal_uart.o
 *fill*         0x0800538e        0x2 
 .text.UART_SetConfig
                0x08005390      0x4e8 ./Drivers/STM32F4xx_HAL_Driver/Src/stm32f4xx_hal_uart.o
 .text.USB_CoreInit
                0x08005878       0xc8 ./Drivers/STM32F4xx_HAL_Driver/Src/stm32f4xx_ll_usb.o
                0x08005878                USB_CoreInit
 .text.USB_SetTurnaroundTime
                0x08005940      0x144 ./Drivers/STM32F4xx_HAL_Driver/Src/stm32f4xx_ll_usb.o
                0x08005940                USB_SetTurnaroundTime
 .text.USB_EnableGlobalInt
                0x08005a84       0x22 ./Drivers/STM32F4xx_HAL_Driver/Src/stm32f4xx_ll_usb.o
                0x08005a84                USB_EnableGlobalInt
 .text.USB_DisableGlobalInt
                0x08005aa6       0x22 ./Drivers/STM32F4xx_HAL_Driver/Src/stm32f4xx_ll_usb.o
                0x08005aa6                USB_DisableGlobalInt
 .text.USB_SetCurrentMode
                0x08005ac8       0x98 ./Drivers/STM32F4xx_HAL_Driver/Src/stm32f4xx_ll_usb.o
                0x08005ac8                USB_SetCurrentMode
 .text.USB_DevInit
                0x08005b60      0x2c8 ./Drivers/STM32F4xx_HAL_Driver/Src/stm32f4xx_ll_usb.o
                0x08005b60                USB_DevInit
 .text.USB_FlushTxFifo
                0x08005e28       0x64 ./Drivers/STM32F4xx_HAL_Driver/Src/stm32f4xx_ll_usb.o
                0x08005e28                USB_FlushTxFifo
 .text.USB_FlushRxFifo
                0x08005e8c       0x5c ./Drivers/STM32F4xx_HAL_Driver/Src/stm32f4xx_ll_usb.o
                0x08005e8c                USB_FlushRxFifo
 .text.USB_SetDevSpeed
                0x08005ee8       0x32 ./Drivers/STM32F4xx_HAL_Driver/Src/stm32f4xx_ll_usb.o
                0x08005ee8                USB_SetDevSpeed
 .text.USB_GetDevSpeed
                0x08005f1a       0x4a ./Drivers/STM32F4xx_HAL_Driver/Src/stm32f4xx_ll_usb.o
                0x08005f1a                USB_GetDevSpeed
 .text.USB_ActivateEndpoint
                0x08005f64      0x10e ./Drivers/STM32F4xx_HAL_Driver/Src/stm32f4xx_ll_usb.o
                0x08005f64                USB_ActivateEndpoint
 *fill*         0x08006072        0x2 
 .text.USB_DeactivateEndpoint
                0x08006074      0x1b8 ./Drivers/STM32F4xx_HAL_Driver/Src/stm32f4xx_ll_usb.o
                0x08006074                USB_DeactivateEndpoint
 .text.USB_EPStartXfer
                0x0800622c      0x53c ./Drivers/STM32F4xx_HAL_Driver/Src/stm32f4xx_ll_usb.o
                0x0800622c                USB_EPStartXfer
 .text.USB_EPStopXfer
                0x08006768      0x154 ./Drivers/STM32F4xx_HAL_Driver/Src/stm32f4xx_ll_usb.o
                0x08006768                USB_EPStopXfer
 .text.USB_WritePacket
                0x080068bc       0x7c ./Drivers/STM32F4xx_HAL_Driver/Src/stm32f4xx_ll_usb.o
                0x080068bc                USB_WritePacket
 .text.USB_ReadPacket
                0x08006938       0xb0 ./Drivers/STM32F4xx_HAL_Driver/Src/stm32f4xx_ll_usb.o
                0x08006938                USB_ReadPacket
 .text.USB_EPSetStall
                0x080069e8       0xdc ./Drivers/STM32F4xx_HAL_Driver/Src/stm32f4xx_ll_usb.o
                0x080069e8                USB_EPSetStall
 .text.USB_EPClearStall
                0x08006ac4       0xcc ./Drivers/STM32F4xx_HAL_Driver/Src/stm32f4xx_ll_usb.o
                0x08006ac4                USB_EPClearStall
 .text.USB_SetDevAddress
                0x08006b90       0x4c ./Drivers/STM32F4xx_HAL_Driver/Src/stm32f4xx_ll_usb.o
                0x08006b90                USB_SetDevAddress
 .text.USB_DevConnect
                0x08006bdc       0x42 ./Drivers/STM32F4xx_HAL_Driver/Src/stm32f4xx_ll_usb.o
                0x08006bdc                USB_DevConnect
 .text.USB_DevDisconnect
                0x08006c1e       0x42 ./Drivers/STM32F4xx_HAL_Driver/Src/stm32f4xx_ll_usb.o
                0x08006c1e                USB_DevDisconnect
 .text.USB_ReadInterrupts
                0x08006c60       0x26 ./Drivers/STM32F4xx_HAL_Driver/Src/stm32f4xx_ll_usb.o
                0x08006c60                USB_ReadInterrupts
 .text.USB_ReadDevAllOutEpInterrupt
                0x08006c86       0x34 ./Drivers/STM32F4xx_HAL_Driver/Src/stm32f4xx_ll_usb.o
                0x08006c86                USB_ReadDevAllOutEpInterrupt
 .text.USB_ReadDevAllInEpInterrupt
                0x08006cba       0x34 ./Drivers/STM32F4xx_HAL_Driver/Src/stm32f4xx_ll_usb.o
                0x08006cba                USB_ReadDevAllInEpInterrupt
 .text.USB_ReadDevOutEPInterrupt
                0x08006cee       0x3c ./Drivers/STM32F4xx_HAL_Driver/Src/stm32f4xx_ll_usb.o
                0x08006cee                USB_ReadDevOutEPInterrupt
 .text.USB_ReadDevInEPInterrupt
                0x08006d2a       0x5c ./Drivers/STM32F4xx_HAL_Driver/Src/stm32f4xx_ll_usb.o
                0x08006d2a                USB_ReadDevInEPInterrupt
 .text.USB_GetMode
                0x08006d86       0x1c ./Drivers/STM32F4xx_HAL_Driver/Src/stm32f4xx_ll_usb.o
                0x08006d86                USB_GetMode
 .text.USB_ActivateSetup
                0x08006da2       0x46 ./Drivers/STM32F4xx_HAL_Driver/Src/stm32f4xx_ll_usb.o
                0x08006da2                USB_ActivateSetup
 .text.USB_EP0_OutStart
                0x08006de8       0xbc ./Drivers/STM32F4xx_HAL_Driver/Src/stm32f4xx_ll_usb.o
                0x08006de8                USB_EP0_OutStart
 .text.USB_CoreReset
                0x08006ea4       0x70 ./Drivers/STM32F4xx_HAL_Driver/Src/stm32f4xx_ll_usb.o
 .text.USBD_CDC_Init
                0x08006f14      0x1f0 ./Middlewares/ST/STM32_USB_Device_Library/Class/CDC/Src/usbd_cdc.o
 .text.USBD_CDC_DeInit
                0x08007104      0x104 ./Middlewares/ST/STM32_USB_Device_Library/Class/CDC/Src/usbd_cdc.o
 .text.USBD_CDC_Setup
                0x08007208      0x1b8 ./Middlewares/ST/STM32_USB_Device_Library/Class/CDC/Src/usbd_cdc.o
 .text.USBD_CDC_DataIn
                0x080073c0       0xfe ./Middlewares/ST/STM32_USB_Device_Library/Class/CDC/Src/usbd_cdc.o
 .text.USBD_CDC_DataOut
                0x080074be       0x70 ./Middlewares/ST/STM32_USB_Device_Library/Class/CDC/Src/usbd_cdc.o
 .text.USBD_CDC_EP0_RxReady
                0x0800752e       0x74 ./Middlewares/ST/STM32_USB_Device_Library/Class/CDC/Src/usbd_cdc.o
 *fill*         0x080075a2        0x2 
 .text.USBD_CDC_GetFSCfgDesc
                0x080075a4       0x70 ./Middlewares/ST/STM32_USB_Device_Library/Class/CDC/Src/usbd_cdc.o
 .text.USBD_CDC_GetHSCfgDesc
                0x08007614       0x70 ./Middlewares/ST/STM32_USB_Device_Library/Class/CDC/Src/usbd_cdc.o
 .text.USBD_CDC_GetOtherSpeedCfgDesc
                0x08007684       0x70 ./Middlewares/ST/STM32_USB_Device_Library/Class/CDC/Src/usbd_cdc.o
 .text.USBD_CDC_GetDeviceQualifierDescriptor
                0x080076f4       0x20 ./Middlewares/ST/STM32_USB_Device_Library/Class/CDC/Src/usbd_cdc.o
                0x080076f4                USBD_CDC_GetDeviceQualifierDescriptor
 .text.USBD_CDC_RegisterInterface
                0x08007714       0x34 ./Middlewares/ST/STM32_USB_Device_Library/Class/CDC/Src/usbd_cdc.o
                0x08007714                USBD_CDC_RegisterInterface
 .text.USBD_CDC_SetTxBuffer
                0x08007748       0x44 ./Middlewares/ST/STM32_USB_Device_Library/Class/CDC/Src/usbd_cdc.o
                0x08007748                USBD_CDC_SetTxBuffer
 .text.USBD_CDC_SetRxBuffer
                0x0800778c       0x3a ./Middlewares/ST/STM32_USB_Device_Library/Class/CDC/Src/usbd_cdc.o
                0x0800778c                USBD_CDC_SetRxBuffer
 *fill*         0x080077c6        0x2 
 .text.USBD_CDC_TransmitPacket
                0x080077c8       0x80 ./Middlewares/ST/STM32_USB_Device_Library/Class/CDC/Src/usbd_cdc.o
                0x080077c8                USBD_CDC_TransmitPacket
 .text.USBD_CDC_ReceivePacket
                0x08007848       0x6c ./Middlewares/ST/STM32_USB_Device_Library/Class/CDC/Src/usbd_cdc.o
                0x08007848                USBD_CDC_ReceivePacket
 .text.USBD_Init
                0x080078b4       0x60 ./Middlewares/ST/STM32_USB_Device_Library/Core/Src/usbd_core.o
                0x080078b4                USBD_Init
 .text.USBD_RegisterClass
                0x08007914       0x6c ./Middlewares/ST/STM32_USB_Device_Library/Core/Src/usbd_core.o
                0x08007914                USBD_RegisterClass
 .text.USBD_Start
                0x08007980       0x18 ./Middlewares/ST/STM32_USB_Device_Library/Core/Src/usbd_core.o
                0x08007980                USBD_Start
 .text.USBD_RunTestMode
                0x08007998       0x16 ./Middlewares/ST/STM32_USB_Device_Library/Core/Src/usbd_core.o
                0x08007998                USBD_RunTestMode
 .text.USBD_SetClassConfig
                0x080079ae       0x38 ./Middlewares/ST/STM32_USB_Device_Library/Core/Src/usbd_core.o
                0x080079ae                USBD_SetClassConfig
 .text.USBD_ClrClassConfig
                0x080079e6       0x34 ./Middlewares/ST/STM32_USB_Device_Library/Core/Src/usbd_core.o
                0x080079e6                USBD_ClrClassConfig
 .text.USBD_LL_SetupStage
                0x08007a1a       0xaa ./Middlewares/ST/STM32_USB_Device_Library/Core/Src/usbd_core.o
                0x08007a1a                USBD_LL_SetupStage
 .text.USBD_LL_DataOutStage
                0x08007ac4      0x178 ./Middlewares/ST/STM32_USB_Device_Library/Core/Src/usbd_core.o
                0x08007ac4                USBD_LL_DataOutStage
 .text.USBD_LL_DataInStage
                0x08007c3c      0x176 ./Middlewares/ST/STM32_USB_Device_Library/Core/Src/usbd_core.o
                0x08007c3c                USBD_LL_DataInStage
 .text.USBD_LL_Reset
                0x08007db2       0xa6 ./Middlewares/ST/STM32_USB_Device_Library/Core/Src/usbd_core.o
                0x08007db2                USBD_LL_Reset
 .text.USBD_LL_SetSpeed
                0x08007e58       0x20 ./Middlewares/ST/STM32_USB_Device_Library/Core/Src/usbd_core.o
                0x08007e58                USBD_LL_SetSpeed
 .text.USBD_LL_Suspend
                0x08007e78       0x38 ./Middlewares/ST/STM32_USB_Device_Library/Core/Src/usbd_core.o
                0x08007e78                USBD_LL_Suspend
 .text.USBD_LL_Resume
                0x08007eb0       0x30 ./Middlewares/ST/STM32_USB_Device_Library/Core/Src/usbd_core.o
                0x08007eb0                USBD_LL_Resume
 .text.USBD_LL_SOF
                0x08007ee0       0x40 ./Middlewares/ST/STM32_USB_Device_Library/Core/Src/usbd_core.o
                0x08007ee0                USBD_LL_SOF
 .text.USBD_LL_IsoINIncomplete
                0x08007f20       0x64 ./Middlewares/ST/STM32_USB_Device_Library/Core/Src/usbd_core.o
                0x08007f20                USBD_LL_IsoINIncomplete
 .text.USBD_LL_IsoOUTIncomplete
                0x08007f84       0x64 ./Middlewares/ST/STM32_USB_Device_Library/Core/Src/usbd_core.o
                0x08007f84                USBD_LL_IsoOUTIncomplete
 .text.USBD_LL_DevConnected
                0x08007fe8       0x16 ./Middlewares/ST/STM32_USB_Device_Library/Core/Src/usbd_core.o
                0x08007fe8                USBD_LL_DevConnected
 .text.USBD_LL_DevDisconnected
                0x08007ffe       0x46 ./Middlewares/ST/STM32_USB_Device_Library/Core/Src/usbd_core.o
                0x08007ffe                USBD_LL_DevDisconnected
 .text.USBD_CoreFindIF
                0x08008044       0x1a ./Middlewares/ST/STM32_USB_Device_Library/Core/Src/usbd_core.o
                0x08008044                USBD_CoreFindIF
 .text.USBD_CoreFindEP
                0x0800805e       0x1a ./Middlewares/ST/STM32_USB_Device_Library/Core/Src/usbd_core.o
                0x0800805e                USBD_CoreFindEP
 .text.USBD_GetEpDesc
                0x08008078       0x70 ./Middlewares/ST/STM32_USB_Device_Library/Core/Src/usbd_core.o
                0x08008078                USBD_GetEpDesc
 .text.USBD_GetNextDesc
                0x080080e8       0x38 ./Middlewares/ST/STM32_USB_Device_Library/Core/Src/usbd_core.o
                0x080080e8                USBD_GetNextDesc
 .text.SWAPBYTE
                0x08008120       0x3e ./Middlewares/ST/STM32_USB_Device_Library/Core/Src/usbd_ctlreq.o
 *fill*         0x0800815e        0x2 
 .text.USBD_StdDevReq
                0x08008160       0xe4 ./Middlewares/ST/STM32_USB_Device_Library/Core/Src/usbd_ctlreq.o
                0x08008160                USBD_StdDevReq
 .text.USBD_StdItfReq
                0x08008244       0xd8 ./Middlewares/ST/STM32_USB_Device_Library/Core/Src/usbd_ctlreq.o
                0x08008244                USBD_StdItfReq
 .text.USBD_StdEPReq
                0x0800831c      0x33e ./Middlewares/ST/STM32_USB_Device_Library/Core/Src/usbd_ctlreq.o
                0x0800831c                USBD_StdEPReq
 *fill*         0x0800865a        0x2 
 .text.USBD_GetDescriptor
                0x0800865c      0x2d4 ./Middlewares/ST/STM32_USB_Device_Library/Core/Src/usbd_ctlreq.o
 .text.USBD_SetAddress
                0x08008930       0x88 ./Middlewares/ST/STM32_USB_Device_Library/Core/Src/usbd_ctlreq.o
 .text.USBD_SetConfig
                0x080089b8      0x154 ./Middlewares/ST/STM32_USB_Device_Library/Core/Src/usbd_ctlreq.o
 .text.USBD_GetConfig
                0x08008b0c       0x6c ./Middlewares/ST/STM32_USB_Device_Library/Core/Src/usbd_ctlreq.o
 .text.USBD_GetStatus
                0x08008b78       0x68 ./Middlewares/ST/STM32_USB_Device_Library/Core/Src/usbd_ctlreq.o
 .text.USBD_SetFeature
                0x08008be0       0x52 ./Middlewares/ST/STM32_USB_Device_Library/Core/Src/usbd_ctlreq.o
 .text.USBD_ClrFeature
                0x08008c32       0x44 ./Middlewares/ST/STM32_USB_Device_Library/Core/Src/usbd_ctlreq.o
 .text.USBD_ParseSetupRequest
                0x08008c76       0x74 ./Middlewares/ST/STM32_USB_Device_Library/Core/Src/usbd_ctlreq.o
                0x08008c76                USBD_ParseSetupRequest
 .text.USBD_CtlError
                0x08008cea       0x22 ./Middlewares/ST/STM32_USB_Device_Library/Core/Src/usbd_ctlreq.o
                0x08008cea                USBD_CtlError
 .text.USBD_GetString
                0x08008d0c       0xa4 ./Middlewares/ST/STM32_USB_Device_Library/Core/Src/usbd_ctlreq.o
                0x08008d0c                USBD_GetString
 .text.USBD_GetLen
                0x08008db0       0x34 ./Middlewares/ST/STM32_USB_Device_Library/Core/Src/usbd_ctlreq.o
 .text.USBD_CtlSendData
                0x08008de4       0x3c ./Middlewares/ST/STM32_USB_Device_Library/Core/Src/usbd_ioreq.o
                0x08008de4                USBD_CtlSendData
 .text.USBD_CtlContinueSendData
                0x08008e20       0x22 ./Middlewares/ST/STM32_USB_Device_Library/Core/Src/usbd_ioreq.o
                0x08008e20                USBD_CtlContinueSendData
 .text.USBD_CtlPrepareRx
                0x08008e42       0x42 ./Middlewares/ST/STM32_USB_Device_Library/Core/Src/usbd_ioreq.o
                0x08008e42                USBD_CtlPrepareRx
 .text.USBD_CtlContinueRx
                0x08008e84       0x22 ./Middlewares/ST/STM32_USB_Device_Library/Core/Src/usbd_ioreq.o
                0x08008e84                USBD_CtlContinueRx
 .text.USBD_CtlSendStatus
                0x08008ea6       0x26 ./Middlewares/ST/STM32_USB_Device_Library/Core/Src/usbd_ioreq.o
                0x08008ea6                USBD_CtlSendStatus
 .text.USBD_CtlReceiveStatus
                0x08008ecc       0x26 ./Middlewares/ST/STM32_USB_Device_Library/Core/Src/usbd_ioreq.o
                0x08008ecc                USBD_CtlReceiveStatus
 *fill*         0x08008ef2        0x2 
 .text.board_io_update_gear
                0x08008ef4       0x38 ./Src/board_io.o
 .text.board_io_update_hardware_estop
                0x08008f2c       0x34 ./Src/board_io.o
 .text.board_io_update_adc
                0x08008f60       0x98 ./Src/board_io.o
 .text.board_io_init
                0x08008ff8       0x40 ./Src/board_io.o
                0x08008ff8                board_io_init
 .text.board_io_process
                0x08009038       0x38 ./Src/board_io.o
                0x08009038                board_io_process
 .text.board_io_get
                0x08009070       0x14 ./Src/board_io.o
                0x08009070                board_io_get
 .text.board_io_gear_name
                0x08009084       0x2c ./Src/board_io.o
                0x08009084                board_io_gear_name
 .text.find_slot
                0x080090b0       0xbc ./Src/can_transport.o
 .text.can_transport_record_rx
                0x0800916c      0x116 ./Src/can_transport.o
 .text.can_transport_start
                0x08009282       0xbc ./Src/can_transport.o
                0x08009282                can_transport_start
 .text.can_transport_send_std
                0x0800933e       0x7c ./Src/can_transport.o
                0x0800933e                can_transport_send_std
 .text.can_transport_get_bus_state
                0x080093ba       0x40 ./Src/can_transport.o
                0x080093ba                can_transport_get_bus_state
 .text.can_transport_get_frame_by_rx_count
                0x080093fa       0xae ./Src/can_transport.o
                0x080093fa                can_transport_get_frame_by_rx_count
 .text.HAL_CAN_RxFifo0MsgPendingCallback
                0x080094a8       0x16 ./Src/can_transport.o
                0x080094a8                HAL_CAN_RxFifo0MsgPendingCallback
 .text.HAL_CAN_RxFifo0FullCallback
                0x080094be       0x16 ./Src/can_transport.o
                0x080094be                HAL_CAN_RxFifo0FullCallback
 .text.ascii_stricmp
                0x080094d4       0x98 ./Src/chassis_app.o
 .text.json_get_uint32
                0x0800956c       0x8a ./Src/chassis_app.o
 .text.json_get_int32
                0x080095f6       0x8a ./Src/chassis_app.o
 .text.json_get_bool
                0x08009680      0x200 ./Src/chassis_app.o
 .text.json_get_string
                0x08009880       0xba ./Src/chassis_app.o
 .text.json_escape_string
                0x0800993a       0xf2 ./Src/chassis_app.o
 .text.command_is
                0x08009a2c       0x4c ./Src/chassis_app.o
 .text.clamp_int32
                0x08009a78       0x32 ./Src/chassis_app.o
 .text.clamp_float
                0x08009aaa       0x52 ./Src/chassis_app.o
 .text.float_to_int32
                0x08009afc       0x4a ./Src/chassis_app.o
 *fill*         0x08009b46        0x2 
 .text.reply_write
                0x08009b48       0x40 ./Src/chassis_app.o
 .text.reply_printf
                0x08009b88       0x4e ./Src/chassis_app.o
 *fill*         0x08009bd6        0x2 
 .text.control_reset_targets
                0x08009bd8       0x74 ./Src/chassis_app.o
 .text.control_stop_outputs
                0x08009c4c       0x44 ./Src/chassis_app.o
 .text.control_set_enabled
                0x08009c90       0x40 ./Src/chassis_app.o
 .text.control_outputs_allowed
                0x08009cd0       0x18 ./Src/chassis_app.o
 .text.int32_abs_exceeds
                0x08009ce8       0x34 ./Src/chassis_app.o
 .text.drive_direction_apply_output_rpm
                0x08009d1c       0x26 ./Src/chassis_app.o
 .text.drive_direction_normalize_feedback_rpm
                0x08009d42       0x26 ./Src/chassis_app.o
 .text.drive_direction_apply_right_output_rpm
                0x08009d68       0x36 ./Src/chassis_app.o
 .text.drive_direction_apply_left_output_rpm
                0x08009d9e       0x36 ./Src/chassis_app.o
 .text.drive_direction_normalize_right_feedback_rpm
                0x08009dd4       0x36 ./Src/chassis_app.o
 .text.drive_direction_normalize_left_feedback_rpm
                0x08009e0a       0x36 ./Src/chassis_app.o
 .text.control_drive_max_rpm
                0x08009e40       0x46 ./Src/chassis_app.o
 *fill*         0x08009e86        0x2 
 .text.pedal_raw_to_normalized
                0x08009e88       0x94 ./Src/chassis_app.o
 .text.calibration_override_active
                0x08009f1c       0x30 ./Src/chassis_app.o
 .text.drive_feedback_available
                0x08009f4c       0x34 ./Src/chassis_app.o
 .text.preferred_vehicle_motion_state
                0x08009f80       0x24 ./Src/chassis_app.o
 .text.remote_command_is_fresh
                0x08009fa4       0x40 ./Src/chassis_app.o
 .text.remote_drive_authority_active
                0x08009fe4       0x38 ./Src/chassis_app.o
 .text.remote_control_mode_name
                0x0800a01c       0x2c ./Src/chassis_app.o
 .text.control_owner_name
                0x0800a048       0x30 ./Src/chassis_app.o
 .text.chassis_service_actions_locked
                0x0800a078       0x28 ./Src/chassis_app.o
 .text.controllers_bind_from_config
                0x0800a0a0       0x80 ./Src/chassis_app.o
 .text.linear_steering_detected
                0x0800a120       0x5c ./Src/chassis_app.o
 .text.steering_feedback_get
                0x0800a17c       0x24 ./Src/chassis_app.o
 .text.steering_feedback_is_recent
                0x0800a1a0       0x3e ./Src/chassis_app.o
 *fill*         0x0800a1de        0x2 
 .text.steering_feedback_update
                0x0800a1e0       0x4c ./Src/chassis_app.o
 .text.handwheel_feedback_get
                0x0800a22c       0x24 ./Src/chassis_app.o
 .text.handwheel_feedback_update
                0x0800a250       0x4c ./Src/chassis_app.o
 .text.drive_feedback_update
                0x0800a29c      0x1dc ./Src/chassis_app.o
 .text.drive_controller_apply_outputs
                0x0800a478       0x8c ./Src/chassis_app.o
 .text.control_compute_mode_split
                0x0800a504      0x148 ./Src/chassis_app.o
 .text.calibration_runtime_update
                0x0800a64c       0x10 ./Src/chassis_app.o
 .text.control_update_targets
                0x0800a65c      0x568 ./Src/chassis_app.o
 .text.control_process
                0x0800abc4       0xb8 ./Src/chassis_app.o
 .text.calibration_process
                0x0800ac7c       0x58 ./Src/chassis_app.o
 .text.publish_remote_status_if_needed
                0x0800acd4      0x510 ./Src/chassis_app.o
 .text.reply_capabilities
                0x0800b1e4       0x5c ./Src/chassis_app.o
 .text.reply_linear_steering_status
                0x0800b240      0x100 ./Src/chassis_app.o
 .text.reply_config
                0x0800b340      0x100 ./Src/chassis_app.o
 .text.reply_calibration_status
                0x0800b440       0xc4 ./Src/chassis_app.o
 .text.reply_status
                0x0800b504      0x5e8 ./Src/chassis_app.o
 .text.parse_pedal_name
                0x0800baec       0x80 ./Src/chassis_app.o
 .text.parse_remote_control_mode
                0x0800bb6c       0xb8 ./Src/chassis_app.o
 .text.parse_calibration_axis
                0x0800bc24       0x80 ./Src/chassis_app.o
 .text.resolve_calibration_field
                0x0800bca4      0x190 ./Src/chassis_app.o
 .text.handle_set_config
                0x0800be34      0x28c ./Src/chassis_app.o
 .text.handle_save_config
                0x0800c0c0       0x48 ./Src/chassis_app.o
 .text.handle_load_config
                0x0800c108       0x3c ./Src/chassis_app.o
 .text.handle_set_control_enable
                0x0800c144       0x48 ./Src/chassis_app.o
 .text.handle_set_steer_input
                0x0800c18c       0x5c ./Src/chassis_app.o
 .text.handle_ewm22_send_at
                0x0800c1e8       0x64 ./Src/chassis_app.o
 .text.handle_drive_test
                0x0800c24c      0x15c ./Src/chassis_app.o
 .text.handle_steer_test
                0x0800c3a8       0x9c ./Src/chassis_app.o
 .text.handle_stop_all
                0x0800c444       0xe0 ./Src/chassis_app.o
 .text.handle_query_linear_steering
                0x0800c524        0xc ./Src/chassis_app.o
 .text.handle_set_remote_mode
                0x0800c530       0x90 ./Src/chassis_app.o
 .text.handle_set_remote_stop_state
                0x0800c5c0       0xe0 ./Src/chassis_app.o
 .text.handle_get_calibration
                0x0800c6a0       0x10 ./Src/chassis_app.o
 .text.handle_get_capabilities
                0x0800c6b0        0xc ./Src/chassis_app.o
 .text.handle_steering_jog
                0x0800c6bc      0x1b0 ./Src/chassis_app.o
 .text.handle_set_calibration_point
                0x0800c86c      0x11c ./Src/chassis_app.o
 .text.handle_capture_pedal_sample
                0x0800c988      0x274 ./Src/chassis_app.o
 .text.handle_save_calibration
                0x0800cbfc       0x48 ./Src/chassis_app.o
 .text.handle_help
                0x0800cc44       0x14 ./Src/chassis_app.o
 .text.process_line_with_reply_target
                0x0800cc58      0x28c ./Src/chassis_app.o
 .text.chassis_app_init
                0x0800cee4      0x128 ./Src/chassis_app.o
                0x0800cee4                chassis_app_init
 .text.chassis_app_process
                0x0800d00c       0x60 ./Src/chassis_app.o
                0x0800d00c                chassis_app_process
 .text.chassis_app_usb_rx
                0x0800d06c       0x1a ./Src/chassis_app.o
                0x0800d06c                chassis_app_usb_rx
 .text.mssd_build_write32
                0x0800d086       0x86 ./Src/drive_controller_mssd.o
 .text.mssd_build_write16
                0x0800d10c       0x72 ./Src/drive_controller_mssd.o
 .text.mssd_build_read16
                0x0800d17e       0x66 ./Src/drive_controller_mssd.o
 .text.mssd_send_read16
                0x0800d1e4       0x4a ./Src/drive_controller_mssd.o
 .text.mssd_consume_feedback_frame
                0x0800d22e      0x15e ./Src/drive_controller_mssd.o
 .text.mssd_drive_controller_bind
                0x0800d38c       0x7c ./Src/drive_controller_mssd.o
                0x0800d38c                mssd_drive_controller_bind
 .text.mssd_drive_controller_set_wheel_rpm
                0x0800d408       0x7c ./Src/drive_controller_mssd.o
                0x0800d408                mssd_drive_controller_set_wheel_rpm
 .text.mssd_drive_controller_set_stop_mode
                0x0800d484       0x84 ./Src/drive_controller_mssd.o
                0x0800d484                mssd_drive_controller_set_stop_mode
 .text.mssd_drive_controller_apply_stop_mode
                0x0800d508       0x22 ./Src/drive_controller_mssd.o
                0x0800d508                mssd_drive_controller_apply_stop_mode
 .text.mssd_drive_controller_stop
                0x0800d52a       0x34 ./Src/drive_controller_mssd.o
                0x0800d52a                mssd_drive_controller_stop
 .text.mssd_drive_controller_feedback_process
                0x0800d55e       0xe4 ./Src/drive_controller_mssd.o
                0x0800d55e                mssd_drive_controller_feedback_process
 .text.mssd_drive_controller_get_feedback
                0x0800d642       0xaa ./Src/drive_controller_mssd.o
                0x0800d642                mssd_drive_controller_get_feedback
 .text.ewm22_link_start_rx
                0x0800d6ec       0x40 ./Src/ewm22_link.o
 .text.ascii_stricmp
                0x0800d72c       0x98 ./Src/ewm22_link.o
 .text.clamp_int32
                0x0800d7c4       0x32 ./Src/ewm22_link.o
 .text.hex_nibble
                0x0800d7f6       0x54 ./Src/ewm22_link.o
 .text.checksum_xor
                0x0800d84a       0x34 ./Src/ewm22_link.o
 *fill*         0x0800d87e        0x2 
 .text.ewm22_link_store_text_line
                0x0800d880       0x4c ./Src/ewm22_link.o
 .text.ewm22_link_parse_gear_string
                0x0800d8cc       0xd0 ./Src/ewm22_link.o
 .text.ewm22_link_default_gear_from_throttle
                0x0800d99c       0x2a ./Src/ewm22_link.o
 *fill*         0x0800d9c6        0x2 
 .text.ewm22_link_accept_remote_command
                0x0800d9c8       0xa8 ./Src/ewm22_link.o
 .text.parse_int32_token
                0x0800da70       0x9c ./Src/ewm22_link.o
 .text.parse_uint32_token
                0x0800db0c       0x9c ./Src/ewm22_link.o
 .text.json_find_value
                0x0800dba8       0x5a ./Src/ewm22_link.o
 .text.json_get_int32
                0x0800dc02       0x6e ./Src/ewm22_link.o
 .text.json_get_uint32
                0x0800dc70       0x6e ./Src/ewm22_link.o
 .text.json_get_string
                0x0800dcde       0x94 ./Src/ewm22_link.o
 *fill*         0x0800dd72        0x2 
 .text.ewm22_link_store_app_command_line
                0x0800dd74       0xc0 ./Src/ewm22_link.o
 .text.ewm22_link_parse_remote_frame
                0x0800de34      0x1f8 ./Src/ewm22_link.o
 .text.ewm22_link_parse_app_control_json
                0x0800e02c      0x1bc ./Src/ewm22_link.o
 .text.ewm22_link_parse_status_line
                0x0800e1e8      0x1d0 ./Src/ewm22_link.o
 .text.ewm22_link_process_line
                0x0800e3b8       0x54 ./Src/ewm22_link.o
 .text.ewm22_link_process_byte
                0x0800e40c       0xac ./Src/ewm22_link.o
 .text.ewm22_link_init
                0x0800e4b8       0x74 ./Src/ewm22_link.o
                0x0800e4b8                ewm22_link_init
 .text.ewm22_link_send_text
                0x0800e52c       0x54 ./Src/ewm22_link.o
                0x0800e52c                ewm22_link_send_text
 .text.ewm22_link_pop_app_command_line
                0x0800e580       0x70 ./Src/ewm22_link.o
                0x0800e580                ewm22_link_pop_app_command_line
 .text.ewm22_link_get_state
                0x0800e5f0       0x14 ./Src/ewm22_link.o
                0x0800e5f0                ewm22_link_get_state
 .text.ewm22_link_remote_source_name
                0x0800e604       0x38 ./Src/ewm22_link.o
                0x0800e604                ewm22_link_remote_source_name
 .text.ewm22_link_remote_gear_name
                0x0800e63c       0x5c ./Src/ewm22_link.o
                0x0800e63c                ewm22_link_remote_gear_name
 .text.HAL_UART_RxCpltCallback
                0x0800e698       0x3c ./Src/ewm22_link.o
                0x0800e698                HAL_UART_RxCpltCallback
 .text.HAL_UART_ErrorCallback
                0x0800e6d4       0x38 ./Src/ewm22_link.o
                0x0800e6d4                HAL_UART_ErrorCallback
 .text.main     0x0800e70c       0x4c ./Src/main.o
                0x0800e70c                main
 .text.SystemClock_Config
                0x0800e758       0xd4 ./Src/main.o
                0x0800e758                SystemClock_Config
 .text.MX_ADC1_Init
                0x0800e82c       0xc0 ./Src/main.o
 .text.MX_CAN1_Init
                0x0800e8ec       0x6c ./Src/main.o
 .text.MX_CAN2_Init
                0x0800e958       0x6c ./Src/main.o
 .text.MX_USART1_UART_Init
                0x0800e9c4       0x54 ./Src/main.o
 .text.MX_USART2_UART_Init
                0x0800ea18       0x54 ./Src/main.o
 .text.MX_GPIO_Init
                0x0800ea6c       0xb0 ./Src/main.o
 .text.Error_Handler
                0x0800eb1c        0xc ./Src/main.o
                0x0800eb1c                Error_Handler
 .text.mssc_build_write16
                0x0800eb28       0x76 ./Src/steering_controller_mssc.o
 .text.mssc_build_read16
                0x0800eb9e       0x66 ./Src/steering_controller_mssc.o
 .text.mssc_send_write16
                0x0800ec04       0x3e ./Src/steering_controller_mssc.o
 .text.mssc_send_read16
                0x0800ec42       0x38 ./Src/steering_controller_mssc.o
 .text.mssc_consume_feedback_frame
                0x0800ec7a       0xec ./Src/steering_controller_mssc.o
 .text.mssc_steering_controller_bind
                0x0800ed66       0x64 ./Src/steering_controller_mssc.o
                0x0800ed66                mssc_steering_controller_bind
 .text.mssc_steering_controller_prepare_for_can_control
                0x0800edca       0x4e ./Src/steering_controller_mssc.o
                0x0800edca                mssc_steering_controller_prepare_for_can_control
 .text.mssc_steering_controller_set_speed_rpm
                0x0800ee18       0x54 ./Src/steering_controller_mssc.o
                0x0800ee18                mssc_steering_controller_set_speed_rpm
 .text.mssc_steering_controller_stop
                0x0800ee6c       0x48 ./Src/steering_controller_mssc.o
                0x0800ee6c                mssc_steering_controller_stop
 .text.mssc_steering_controller_feedback_process
                0x0800eeb4       0xc2 ./Src/steering_controller_mssc.o
                0x0800eeb4                mssc_steering_controller_feedback_process
 .text.mssc_steering_controller_get_position_raw
                0x0800ef76       0x4c ./Src/steering_controller_mssc.o
                0x0800ef76                mssc_steering_controller_get_position_raw
 *fill*         0x0800efc2        0x2 
 .text.HAL_MspInit
                0x0800efc4       0x50 ./Src/stm32f4xx_hal_msp.o
                0x0800efc4                HAL_MspInit
 .text.HAL_ADC_MspInit
                0x0800f014       0x88 ./Src/stm32f4xx_hal_msp.o
                0x0800f014                HAL_ADC_MspInit
 .text.HAL_CAN_MspInit
                0x0800f09c      0x160 ./Src/stm32f4xx_hal_msp.o
                0x0800f09c                HAL_CAN_MspInit
 .text.HAL_UART_MspInit
                0x0800f1fc      0x108 ./Src/stm32f4xx_hal_msp.o
                0x0800f1fc                HAL_UART_MspInit
 .text.NMI_Handler
                0x0800f304        0x8 ./Src/stm32f4xx_it.o
                0x0800f304                NMI_Handler
 .text.HardFault_Handler
                0x0800f30c        0x8 ./Src/stm32f4xx_it.o
                0x0800f30c                HardFault_Handler
 .text.MemManage_Handler
                0x0800f314        0x8 ./Src/stm32f4xx_it.o
                0x0800f314                MemManage_Handler
 .text.BusFault_Handler
                0x0800f31c        0x8 ./Src/stm32f4xx_it.o
                0x0800f31c                BusFault_Handler
 .text.UsageFault_Handler
                0x0800f324        0x8 ./Src/stm32f4xx_it.o
                0x0800f324                UsageFault_Handler
 .text.SVC_Handler
                0x0800f32c        0xe ./Src/stm32f4xx_it.o
                0x0800f32c                SVC_Handler
 .text.DebugMon_Handler
                0x0800f33a        0xe ./Src/stm32f4xx_it.o
                0x0800f33a                DebugMon_Handler
 .text.PendSV_Handler
                0x0800f348        0xe ./Src/stm32f4xx_it.o
                0x0800f348                PendSV_Handler
 .text.SysTick_Handler
                0x0800f356        0xc ./Src/stm32f4xx_it.o
                0x0800f356                SysTick_Handler
 *fill*         0x0800f362        0x2 
 .text.OTG_FS_IRQHandler
                0x0800f364       0x14 ./Src/stm32f4xx_it.o
                0x0800f364                OTG_FS_IRQHandler
 .text.CAN1_RX0_IRQHandler
                0x0800f378       0x14 ./Src/stm32f4xx_it.o
                0x0800f378                CAN1_RX0_IRQHandler
 .text.CAN2_RX0_IRQHandler
                0x0800f38c       0x14 ./Src/stm32f4xx_it.o
                0x0800f38c                CAN2_RX0_IRQHandler
 .text.USART1_IRQHandler
                0x0800f3a0       0x14 ./Src/stm32f4xx_it.o
                0x0800f3a0                USART1_IRQHandler
 .text._sbrk    0x0800f3b4       0x6c ./Src/sysmem.o
                0x0800f3b4                _sbrk
 .text.SystemInit
                0x0800f420       0x24 ./Src/system_stm32f4xx.o
                0x0800f420                SystemInit
 .text.usb_cdc_shell_init
                0x0800f444       0x38 ./Src/usb_cdc_shell.o
                0x0800f444                usb_cdc_shell_init
 .text.usb_cdc_shell_feed_bytes
                0x0800f47c       0xac ./Src/usb_cdc_shell.o
                0x0800f47c                usb_cdc_shell_feed_bytes
 .text.usb_cdc_shell_get_line
                0x0800f528       0x68 ./Src/usb_cdc_shell.o
                0x0800f528                usb_cdc_shell_get_line
 .text.usb_cdc_shell_write
                0x0800f590       0x64 ./Src/usb_cdc_shell.o
                0x0800f590                usb_cdc_shell_write
 .text.MX_USB_DEVICE_Init
                0x0800f5f4       0x60 ./Src/usb_device.o
                0x0800f5f4                MX_USB_DEVICE_Init
 .text.CDC_Init_FS
                0x0800f654       0x28 ./Src/usbd_cdc_if.o
 .text.CDC_DeInit_FS
                0x0800f67c       0x10 ./Src/usbd_cdc_if.o
 .text.CDC_Control_FS
                0x0800f68c       0xbc ./Src/usbd_cdc_if.o
 .text.CDC_Receive_FS
                0x0800f748       0x34 ./Src/usbd_cdc_if.o
 .text.CDC_Transmit_FS
                0x0800f77c       0x54 ./Src/usbd_cdc_if.o
                0x0800f77c                CDC_Transmit_FS
 .text.CDC_TransmitCplt_FS
                0x0800f7d0       0x22 ./Src/usbd_cdc_if.o
 *fill*         0x0800f7f2        0x2 
 .text.HAL_PCD_MspInit
                0x0800f7f4       0xa8 ./Src/usbd_conf.o
                0x0800f7f4                HAL_PCD_MspInit
 .text.HAL_PCD_SetupStageCallback
                0x0800f89c       0x24 ./Src/usbd_conf.o
                0x0800f89c                HAL_PCD_SetupStageCallback
 .text.HAL_PCD_DataOutStageCallback
                0x0800f8c0       0x36 ./Src/usbd_conf.o
                0x0800f8c0                HAL_PCD_DataOutStageCallback
 .text.HAL_PCD_DataInStageCallback
                0x0800f8f6       0x34 ./Src/usbd_conf.o
                0x0800f8f6                HAL_PCD_DataInStageCallback
 .text.HAL_PCD_SOFCallback
                0x0800f92a       0x1c ./Src/usbd_conf.o
                0x0800f92a                HAL_PCD_SOFCallback
 .text.HAL_PCD_ResetCallback
                0x0800f946       0x50 ./Src/usbd_conf.o
                0x0800f946                HAL_PCD_ResetCallback
 *fill*         0x0800f996        0x2 
 .text.HAL_PCD_SuspendCallback
                0x0800f998       0x4c ./Src/usbd_conf.o
                0x0800f998                HAL_PCD_SuspendCallback
 .text.HAL_PCD_ResumeCallback
                0x0800f9e4       0x1c ./Src/usbd_conf.o
                0x0800f9e4                HAL_PCD_ResumeCallback
 .text.HAL_PCD_ISOOUTIncompleteCallback
                0x0800fa00       0x24 ./Src/usbd_conf.o
                0x0800fa00                HAL_PCD_ISOOUTIncompleteCallback
 .text.HAL_PCD_ISOINIncompleteCallback
                0x0800fa24       0x24 ./Src/usbd_conf.o
                0x0800fa24                HAL_PCD_ISOINIncompleteCallback
 .text.HAL_PCD_ConnectCallback
                0x0800fa48       0x1c ./Src/usbd_conf.o
                0x0800fa48                HAL_PCD_ConnectCallback
 .text.HAL_PCD_DisconnectCallback
                0x0800fa64       0x1c ./Src/usbd_conf.o
                0x0800fa64                HAL_PCD_DisconnectCallback
 .text.USBD_LL_Init
                0x0800fa80       0x98 ./Src/usbd_conf.o
                0x0800fa80                USBD_LL_Init
 .text.USBD_LL_Start
                0x0800fb18       0x36 ./Src/usbd_conf.o
                0x0800fb18                USBD_LL_Start
 .text.USBD_LL_OpenEP
                0x0800fb4e       0x4c ./Src/usbd_conf.o
                0x0800fb4e                USBD_LL_OpenEP
 .text.USBD_LL_CloseEP
                0x0800fb9a       0x3e ./Src/usbd_conf.o
                0x0800fb9a                USBD_LL_CloseEP
 .text.USBD_LL_StallEP
                0x0800fbd8       0x3e ./Src/usbd_conf.o
                0x0800fbd8                USBD_LL_StallEP
 .text.USBD_LL_ClearStallEP
                0x0800fc16       0x3e ./Src/usbd_conf.o
                0x0800fc16                USBD_LL_ClearStallEP
 .text.USBD_LL_IsStallEP
                0x0800fc54       0x58 ./Src/usbd_conf.o
                0x0800fc54                USBD_LL_IsStallEP
 .text.USBD_LL_SetUSBAddress
                0x0800fcac       0x3e ./Src/usbd_conf.o
                0x0800fcac                USBD_LL_SetUSBAddress
 .text.USBD_LL_Transmit
                0x0800fcea       0x42 ./Src/usbd_conf.o
                0x0800fcea                USBD_LL_Transmit
 .text.USBD_LL_PrepareReceive
                0x0800fd2c       0x42 ./Src/usbd_conf.o
                0x0800fd2c                USBD_LL_PrepareReceive
 .text.USBD_LL_GetRxDataSize
                0x0800fd6e       0x26 ./Src/usbd_conf.o
                0x0800fd6e                USBD_LL_GetRxDataSize
 .text.USBD_static_malloc
                0x0800fd94       0x1c ./Src/usbd_conf.o
                0x0800fd94                USBD_static_malloc
 .text.USBD_static_free
                0x0800fdb0       0x14 ./Src/usbd_conf.o
                0x0800fdb0                USBD_static_free
 .text.USBD_Get_USB_Status
                0x0800fdc4       0x58 ./Src/usbd_conf.o
                0x0800fdc4                USBD_Get_USB_Status
 .text.USBD_FS_DeviceDescriptor
                0x0800fe1c       0x24 ./Src/usbd_desc.o
                0x0800fe1c                USBD_FS_DeviceDescriptor
 .text.USBD_FS_LangIDStrDescriptor
                0x0800fe40       0x24 ./Src/usbd_desc.o
                0x0800fe40                USBD_FS_LangIDStrDescriptor
 .text.USBD_FS_ProductStrDescriptor
                0x0800fe64       0x3c ./Src/usbd_desc.o
                0x0800fe64                USBD_FS_ProductStrDescriptor
 .text.USBD_FS_ManufacturerStrDescriptor
                0x0800fea0       0x28 ./Src/usbd_desc.o
                0x0800fea0                USBD_FS_ManufacturerStrDescriptor
 .text.USBD_FS_SerialStrDescriptor
                0x0800fec8       0x24 ./Src/usbd_desc.o
                0x0800fec8                USBD_FS_SerialStrDescriptor
 .text.USBD_FS_ConfigStrDescriptor
                0x0800feec       0x3c ./Src/usbd_desc.o
                0x0800feec                USBD_FS_ConfigStrDescriptor
 .text.USBD_FS_InterfaceStrDescriptor
                0x0800ff28       0x3c ./Src/usbd_desc.o
                0x0800ff28                USBD_FS_InterfaceStrDescriptor
 .text.Get_SerialNum
                0x0800ff64       0x58 ./Src/usbd_desc.o
 .text.IntToUnicode
                0x0800ffbc       0x7e ./Src/usbd_desc.o
 *fill*         0x0801003a        0x2 
 .text.ascii_stricmp
                0x0801003c       0x98 ./Src/vehicle_config.o
 .text.vehicle_config_checksum_bytes
                0x080100d4       0x58 ./Src/vehicle_config.o
 .text.vehicle_config_set_defaults
                0x0801012c       0xe2 ./Src/vehicle_config.o
 .text.vehicle_config_fix_u16_range
                0x0801020e       0x7c ./Src/vehicle_config.o
 .text.vehicle_config_fix_can_node_id
                0x0801028a       0x38 ./Src/vehicle_config.o
 .text.vehicle_config_fix_drive_max_rpm
                0x080102c2       0x50 ./Src/vehicle_config.o
 .text.vehicle_config_sanitize
                0x08010312      0x104 ./Src/vehicle_config.o
 *fill*         0x08010416        0x2 
 .text.vehicle_config_validate_image
                0x08010418       0x5c ./Src/vehicle_config.o
 .text.vehicle_config_validate_image_v3
                0x08010474       0x5c ./Src/vehicle_config.o
 .text.vehicle_config_import_v3
                0x080104d0      0x126 ./Src/vehicle_config.o
 *fill*         0x080105f6        0x2 
 .text.vehicle_config_init
                0x080105f8       0x24 ./Src/vehicle_config.o
                0x080105f8                vehicle_config_init
 .text.vehicle_config_get
                0x0801061c       0x14 ./Src/vehicle_config.o
                0x0801061c                vehicle_config_get
 .text.vehicle_config_set
                0x08010630       0x34 ./Src/vehicle_config.o
                0x08010630                vehicle_config_set
 .text.vehicle_config_save
                0x08010664      0x144 ./Src/vehicle_config.o
                0x08010664                vehicle_config_save
 .text.vehicle_config_load
                0x080107a8       0x80 ./Src/vehicle_config.o
                0x080107a8                vehicle_config_load
 .text.vehicle_config_runtime_drive_mode
                0x08010828       0x38 ./Src/vehicle_config.o
                0x08010828                vehicle_config_runtime_drive_mode
 .text.vehicle_config_drive_mode_name
                0x08010860       0x5c ./Src/vehicle_config.o
                0x08010860                vehicle_config_drive_mode_name
 .text.vehicle_config_parse_drive_mode
                0x080108bc       0xb8 ./Src/vehicle_config.o
                0x080108bc                vehicle_config_parse_drive_mode
 .text.vehicle_config_chassis_type_name
                0x08010974       0x38 ./Src/vehicle_config.o
                0x08010974                vehicle_config_chassis_type_name
 .text.vehicle_config_parse_chassis_type
                0x080109ac       0x94 ./Src/vehicle_config.o
                0x080109ac                vehicle_config_parse_chassis_type
 .text.vehicle_config_drive_axle_name
                0x08010a40       0x38 ./Src/vehicle_config.o
                0x08010a40                vehicle_config_drive_axle_name
 .text.vehicle_config_parse_drive_axle
                0x08010a78       0x80 ./Src/vehicle_config.o
                0x08010a78                vehicle_config_parse_drive_axle
 .text.vehicle_config_pedal_config_name
                0x08010af8       0x38 ./Src/vehicle_config.o
                0x08010af8                vehicle_config_pedal_config_name
 .text.vehicle_config_parse_pedal_config
                0x08010b30       0x80 ./Src/vehicle_config.o
                0x08010b30                vehicle_config_parse_pedal_config
 .text.vehicle_config_drive_controller_name
                0x08010bb0       0x2c ./Src/vehicle_config.o
                0x08010bb0                vehicle_config_drive_controller_name
 .text.vehicle_config_steering_controller_name
                0x08010bdc       0x2c ./Src/vehicle_config.o
                0x08010bdc                vehicle_config_steering_controller_name
 .text.Reset_Handler
                0x08010c08       0x50 ./Startup/startup_stm32f407zgtx.o
                0x08010c08                Reset_Handler
 .text.Default_Handler
                0x08010c58        0x2 ./Startup/startup_stm32f407zgtx.o
                0x08010c58                RTC_Alarm_IRQHandler
                0x08010c58                HASH_RNG_IRQHandler
                0x08010c58                EXTI2_IRQHandler
                0x08010c58                TIM8_CC_IRQHandler
                0x08010c58                TIM1_CC_IRQHandler
                0x08010c58                DMA2_Stream5_IRQHandler
                0x08010c58                DMA1_Stream5_IRQHandler
                0x08010c58                PVD_IRQHandler
                0x08010c58                SDIO_IRQHandler
                0x08010c58                TAMP_STAMP_IRQHandler
                0x08010c58                CAN2_RX1_IRQHandler
                0x08010c58                EXTI3_IRQHandler
                0x08010c58                TIM8_TRG_COM_TIM14_IRQHandler
                0x08010c58                TIM1_UP_TIM10_IRQHandler
                0x08010c58                TIM8_UP_TIM13_IRQHandler
                0x08010c58                I2C3_ER_IRQHandler
                0x08010c58                EXTI0_IRQHandler
                0x08010c58                I2C2_EV_IRQHandler
                0x08010c58                DMA1_Stream2_IRQHandler
                0x08010c58                FPU_IRQHandler
                0x08010c58                OTG_HS_WKUP_IRQHandler
                0x08010c58                CAN2_SCE_IRQHandler
                0x08010c58                DMA2_Stream2_IRQHandler
                0x08010c58                SPI1_IRQHandler
                0x08010c58                TIM6_DAC_IRQHandler
                0x08010c58                TIM1_BRK_TIM9_IRQHandler
                0x08010c58                DCMI_IRQHandler
                0x08010c58                DMA2_Stream3_IRQHandler
                0x08010c58                USART6_IRQHandler
                0x08010c58                USART3_IRQHandler
                0x08010c58                CAN1_RX1_IRQHandler
                0x08010c58                UART5_IRQHandler
                0x08010c58                DMA2_Stream0_IRQHandler
                0x08010c58                TIM4_IRQHandler
                0x08010c58                I2C1_EV_IRQHandler
                0x08010c58                DMA1_Stream6_IRQHandler
                0x08010c58                DMA1_Stream1_IRQHandler
                0x08010c58                UART4_IRQHandler
                0x08010c58                TIM3_IRQHandler
                0x08010c58                RCC_IRQHandler
                0x08010c58                TIM8_BRK_TIM12_IRQHandler
                0x08010c58                Default_Handler
                0x08010c58                EXTI15_10_IRQHandler
                0x08010c58                ADC_IRQHandler
                0x08010c58                DMA1_Stream7_IRQHandler
                0x08010c58                TIM7_IRQHandler
                0x08010c58                CAN2_TX_IRQHandler
                0x08010c58                TIM5_IRQHandler
                0x08010c58                DMA2_Stream7_IRQHandler
                0x08010c58                I2C3_EV_IRQHandler
                0x08010c58                EXTI9_5_IRQHandler
                0x08010c58                RTC_WKUP_IRQHandler
                0x08010c58                ETH_WKUP_IRQHandler
                0x08010c58                SPI2_IRQHandler
                0x08010c58                OTG_HS_EP1_IN_IRQHandler
                0x08010c58                DMA1_Stream0_IRQHandler
                0x08010c58                CAN1_TX_IRQHandler
                0x08010c58                EXTI4_IRQHandler
                0x08010c58                FSMC_IRQHandler
                0x08010c58                ETH_IRQHandler
                0x08010c58                OTG_HS_EP1_OUT_IRQHandler
                0x08010c58                WWDG_IRQHandler
                0x08010c58                TIM2_IRQHandler
                0x08010c58                OTG_FS_WKUP_IRQHandler
                0x08010c58                TIM1_TRG_COM_TIM11_IRQHandler
                0x08010c58                OTG_HS_IRQHandler
                0x08010c58                EXTI1_IRQHandler
                0x08010c58                USART2_IRQHandler
                0x08010c58                I2C2_ER_IRQHandler
                0x08010c58                DMA2_Stream1_IRQHandler
                0x08010c58                CAN1_SCE_IRQHandler
                0x08010c58                FLASH_IRQHandler
                0x08010c58                DMA2_Stream4_IRQHandler
                0x08010c58                SPI3_IRQHandler
                0x08010c58                DMA1_Stream4_IRQHandler
                0x08010c58                I2C1_ER_IRQHandler
                0x08010c58                DMA2_Stream6_IRQHandler
                0x08010c58                DMA1_Stream3_IRQHandler
 *fill*         0x08010c5a        0x2 
 .text._strtol_l.isra.0
                0x08010c5c       0xf4 D:/cubeide/STM32CubeIDE_2.1.1/STM32CubeIDE/plugins/com.st.stm32cube.ide.mcu.externaltools.gnu-tools-for-stm32.14.3.rel1.win32_1.0.100.202602081740/tools/bin/../lib/gcc/arm-none-eabi/14.3.1/../../../../arm-none-eabi/lib/thumb/v7e-m+fp/hard\libc_nano.a(libc_a-strtol.o)
 .text.strtol   0x08010d50       0x14 D:/cubeide/STM32CubeIDE_2.1.1/STM32CubeIDE/plugins/com.st.stm32cube.ide.mcu.externaltools.gnu-tools-for-stm32.14.3.rel1.win32_1.0.100.202602081740/tools/bin/../lib/gcc/arm-none-eabi/14.3.1/../../../../arm-none-eabi/lib/thumb/v7e-m+fp/hard\libc_nano.a(libc_a-strtol.o)
                0x08010d50                strtol
 .text._strtoul_l.isra.0
                0x08010d64       0xdc D:/cubeide/STM32CubeIDE_2.1.1/STM32CubeIDE/plugins/com.st.stm32cube.ide.mcu.externaltools.gnu-tools-for-stm32.14.3.rel1.win32_1.0.100.202602081740/tools/bin/../lib/gcc/arm-none-eabi/14.3.1/../../../../arm-none-eabi/lib/thumb/v7e-m+fp/hard\libc_nano.a(libc_a-strtoul.o)
 .text.strtoul  0x08010e40       0x14 D:/cubeide/STM32CubeIDE_2.1.1/STM32CubeIDE/plugins/com.st.stm32cube.ide.mcu.externaltools.gnu-tools-for-stm32.14.3.rel1.win32_1.0.100.202602081740/tools/bin/../lib/gcc/arm-none-eabi/14.3.1/../../../../arm-none-eabi/lib/thumb/v7e-m+fp/hard\libc_nano.a(libc_a-strtoul.o)
                0x08010e40                strtoul
 .text.snprintf
                0x08010e54       0x6c D:/cubeide/STM32CubeIDE_2.1.1/STM32CubeIDE/plugins/com.st.stm32cube.ide.mcu.externaltools.gnu-tools-for-stm32.14.3.rel1.win32_1.0.100.202602081740/tools/bin/../lib/gcc/arm-none-eabi/14.3.1/../../../../arm-none-eabi/lib/thumb/v7e-m+fp/hard\libc_nano.a(libc_a-snprintf.o)
                0x08010e54                sniprintf
                0x08010e54                snprintf
 .text._vsnprintf_r
                0x08010ec0       0x5c D:/cubeide/STM32CubeIDE_2.1.1/STM32CubeIDE/plugins/com.st.stm32cube.ide.mcu.externaltools.gnu-tools-for-stm32.14.3.rel1.win32_1.0.100.202602081740/tools/bin/../lib/gcc/arm-none-eabi/14.3.1/../../../../arm-none-eabi/lib/thumb/v7e-m+fp/hard\libc_nano.a(libc_a-vsnprintf.o)
                0x08010ec0                _vsniprintf_r
                0x08010ec0                _vsnprintf_r
 .text.vsnprintf
                0x08010f1c       0x1c D:/cubeide/STM32CubeIDE_2.1.1/STM32CubeIDE/plugins/com.st.stm32cube.ide.mcu.externaltools.gnu-tools-for-stm32.14.3.rel1.win32_1.0.100.202602081740/tools/bin/../lib/gcc/arm-none-eabi/14.3.1/../../../../arm-none-eabi/lib/thumb/v7e-m+fp/hard\libc_nano.a(libc_a-vsnprintf.o)
                0x08010f1c                vsniprintf
                0x08010f1c                vsnprintf
 .text.memset   0x08010f38       0x10 D:/cubeide/STM32CubeIDE_2.1.1/STM32CubeIDE/plugins/com.st.stm32cube.ide.mcu.externaltools.gnu-tools-for-stm32.14.3.rel1.win32_1.0.100.202602081740/tools/bin/../lib/gcc/arm-none-eabi/14.3.1/../../../../arm-none-eabi/lib/thumb/v7e-m+fp/hard\libc_nano.a(libc_a-memset.o)
                0x08010f38                memset
 .text.strchr   0x08010f48       0x1a D:/cubeide/STM32CubeIDE_2.1.1/STM32CubeIDE/plugins/com.st.stm32cube.ide.mcu.externaltools.gnu-tools-for-stm32.14.3.rel1.win32_1.0.100.202602081740/tools/bin/../lib/gcc/arm-none-eabi/14.3.1/../../../../arm-none-eabi/lib/thumb/v7e-m+fp/hard\libc_nano.a(libc_a-strchr.o)
                0x08010f48                strchr
 .text.strncmp  0x08010f62       0x24 D:/cubeide/STM32CubeIDE_2.1.1/STM32CubeIDE/plugins/com.st.stm32cube.ide.mcu.externaltools.gnu-tools-for-stm32.14.3.rel1.win32_1.0.100.202602081740/tools/bin/../lib/gcc/arm-none-eabi/14.3.1/../../../../arm-none-eabi/lib/thumb/v7e-m+fp/hard\libc_nano.a(libc_a-strncmp.o)
                0x08010f62                strncmp
 .text.strstr   0x08010f86       0x2c D:/cubeide/STM32CubeIDE_2.1.1/STM32CubeIDE/plugins/com.st.stm32cube.ide.mcu.externaltools.gnu-tools-for-stm32.14.3.rel1.win32_1.0.100.202602081740/tools/bin/../lib/gcc/arm-none-eabi/14.3.1/../../../../arm-none-eabi/lib/thumb/v7e-m+fp/hard\libc_nano.a(libc_a-strstr.o)
                0x08010f86                strstr
 *fill*         0x08010fb2        0x2 
 .text.__errno  0x08010fb4        0xc D:/cubeide/STM32CubeIDE_2.1.1/STM32CubeIDE/plugins/com.st.stm32cube.ide.mcu.externaltools.gnu-tools-for-stm32.14.3.rel1.win32_1.0.100.202602081740/tools/bin/../lib/gcc/arm-none-eabi/14.3.1/../../../../arm-none-eabi/lib/thumb/v7e-m+fp/hard\libc_nano.a(libc_a-errno.o)
                0x08010fb4                __errno
 .text.__libc_init_array
                0x08010fc0       0x48 D:/cubeide/STM32CubeIDE_2.1.1/STM32CubeIDE/plugins/com.st.stm32cube.ide.mcu.externaltools.gnu-tools-for-stm32.14.3.rel1.win32_1.0.100.202602081740/tools/bin/../lib/gcc/arm-none-eabi/14.3.1/../../../../arm-none-eabi/lib/thumb/v7e-m+fp/hard\libc_nano.a(libc_a-init.o)
                0x08010fc0                __libc_init_array
 .text.__retarget_lock_acquire_recursive
                0x08011008        0x2 D:/cubeide/STM32CubeIDE_2.1.1/STM32CubeIDE/plugins/com.st.stm32cube.ide.mcu.externaltools.gnu-tools-for-stm32.14.3.rel1.win32_1.0.100.202602081740/tools/bin/../lib/gcc/arm-none-eabi/14.3.1/../../../../arm-none-eabi/lib/thumb/v7e-m+fp/hard\libc_nano.a(libc_a-lock.o)
                0x08011008                __retarget_lock_acquire_recursive
 .text.__retarget_lock_release_recursive
                0x0801100a        0x2 D:/cubeide/STM32CubeIDE_2.1.1/STM32CubeIDE/plugins/com.st.stm32cube.ide.mcu.externaltools.gnu-tools-for-stm32.14.3.rel1.win32_1.0.100.202602081740/tools/bin/../lib/gcc/arm-none-eabi/14.3.1/../../../../arm-none-eabi/lib/thumb/v7e-m+fp/hard\libc_nano.a(libc_a-lock.o)
                0x0801100a                __retarget_lock_release_recursive
 .text.memcpy   0x0801100c       0x1c D:/cubeide/STM32CubeIDE_2.1.1/STM32CubeIDE/plugins/com.st.stm32cube.ide.mcu.externaltools.gnu-tools-for-stm32.14.3.rel1.win32_1.0.100.202602081740/tools/bin/../lib/gcc/arm-none-eabi/14.3.1/../../../../arm-none-eabi/lib/thumb/v7e-m+fp/hard\libc_nano.a(libc_a-memcpy-stub.o)
                0x0801100c                memcpy
 .text._free_r  0x08011028       0x94 D:/cubeide/STM32CubeIDE_2.1.1/STM32CubeIDE/plugins/com.st.stm32cube.ide.mcu.externaltools.gnu-tools-for-stm32.14.3.rel1.win32_1.0.100.202602081740/tools/bin/../lib/gcc/arm-none-eabi/14.3.1/../../../../arm-none-eabi/lib/thumb/v7e-m+fp/hard\libc_nano.a(libc_a-freer.o)
                0x08011028                _free_r
 .text.sbrk_aligned
                0x080110bc       0x44 D:/cubeide/STM32CubeIDE_2.1.1/STM32CubeIDE/plugins/com.st.stm32cube.ide.mcu.externaltools.gnu-tools-for-stm32.14.3.rel1.win32_1.0.100.202602081740/tools/bin/../lib/gcc/arm-none-eabi/14.3.1/../../../../arm-none-eabi/lib/thumb/v7e-m+fp/hard\libc_nano.a(libc_a-mallocr.o)
 .text._malloc_r
                0x08011100      0x100 D:/cubeide/STM32CubeIDE_2.1.1/STM32CubeIDE/plugins/com.st.stm32cube.ide.mcu.externaltools.gnu-tools-for-stm32.14.3.rel1.win32_1.0.100.202602081740/tools/bin/../lib/gcc/arm-none-eabi/14.3.1/../../../../arm-none-eabi/lib/thumb/v7e-m+fp/hard\libc_nano.a(libc_a-mallocr.o)
                0x08011100                _malloc_r
 .text.__malloc_lock
                0x08011200        0xc D:/cubeide/STM32CubeIDE_2.1.1/STM32CubeIDE/plugins/com.st.stm32cube.ide.mcu.externaltools.gnu-tools-for-stm32.14.3.rel1.win32_1.0.100.202602081740/tools/bin/../lib/gcc/arm-none-eabi/14.3.1/../../../../arm-none-eabi/lib/thumb/v7e-m+fp/hard\libc_nano.a(libc_a-mlock.o)
                0x08011200                __malloc_lock
 .text.__malloc_unlock
                0x0801120c        0xc D:/cubeide/STM32CubeIDE_2.1.1/STM32CubeIDE/plugins/com.st.stm32cube.ide.mcu.externaltools.gnu-tools-for-stm32.14.3.rel1.win32_1.0.100.202602081740/tools/bin/../lib/gcc/arm-none-eabi/14.3.1/../../../../arm-none-eabi/lib/thumb/v7e-m+fp/hard\libc_nano.a(libc_a-mlock.o)
                0x0801120c                __malloc_unlock
 .text.__ssputs_r
                0x08011218       0xc0 D:/cubeide/STM32CubeIDE_2.1.1/STM32CubeIDE/plugins/com.st.stm32cube.ide.mcu.externaltools.gnu-tools-for-stm32.14.3.rel1.win32_1.0.100.202602081740/tools/bin/../lib/gcc/arm-none-eabi/14.3.1/../../../../arm-none-eabi/lib/thumb/v7e-m+fp/hard\libc_nano.a(libc_a-nano-svfprintf.o)
                0x08011218                __ssputs_r
 .text._svfprintf_r
                0x080112d8      0x1f0 D:/cubeide/STM32CubeIDE_2.1.1/STM32CubeIDE/plugins/com.st.stm32cube.ide.mcu.externaltools.gnu-tools-for-stm32.14.3.rel1.win32_1.0.100.202602081740/tools/bin/../lib/gcc/arm-none-eabi/14.3.1/../../../../arm-none-eabi/lib/thumb/v7e-m+fp/hard\libc_nano.a(libc_a-nano-svfprintf.o)
                0x080112d8                _svfiprintf_r
                0x080112d8                _svfprintf_r
 .text._printf_common
                0x080114c8       0xda D:/cubeide/STM32CubeIDE_2.1.1/STM32CubeIDE/plugins/com.st.stm32cube.ide.mcu.externaltools.gnu-tools-for-stm32.14.3.rel1.win32_1.0.100.202602081740/tools/bin/../lib/gcc/arm-none-eabi/14.3.1/../../../../arm-none-eabi/lib/thumb/v7e-m+fp/hard\libc_nano.a(libc_a-nano-vfprintf_i.o)
                0x080114c8                _printf_common
 *fill*         0x080115a2        0x2 
 .text._printf_i
                0x080115a4      0x24c D:/cubeide/STM32CubeIDE_2.1.1/STM32CubeIDE/plugins/com.st.stm32cube.ide.mcu.externaltools.gnu-tools-for-stm32.14.3.rel1.win32_1.0.100.202602081740/tools/bin/../lib/gcc/arm-none-eabi/14.3.1/../../../../arm-none-eabi/lib/thumb/v7e-m+fp/hard\libc_nano.a(libc_a-nano-vfprintf_i.o)
                0x080115a4                _printf_i
 .text.memmove  0x080117f0       0x32 D:/cubeide/STM32CubeIDE_2.1.1/STM32CubeIDE/plugins/com.st.stm32cube.ide.mcu.externaltools.gnu-tools-for-stm32.14.3.rel1.win32_1.0.100.202602081740/tools/bin/../lib/gcc/arm-none-eabi/14.3.1/../../../../arm-none-eabi/lib/thumb/v7e-m+fp/hard\libc_nano.a(libc_a-memmove.o)
                0x080117f0                memmove
 *fill*         0x08011822        0x2 
 .text._sbrk_r  0x08011824       0x20 D:/cubeide/STM32CubeIDE_2.1.1/STM32CubeIDE/plugins/com.st.stm32cube.ide.mcu.externaltools.gnu-tools-for-stm32.14.3.rel1.win32_1.0.100.202602081740/tools/bin/../lib/gcc/arm-none-eabi/14.3.1/../../../../arm-none-eabi/lib/thumb/v7e-m+fp/hard\libc_nano.a(libc_a-sbrkr.o)
                0x08011824                _sbrk_r
 .text._realloc_r
                0x08011844       0x5c D:/cubeide/STM32CubeIDE_2.1.1/STM32CubeIDE/plugins/com.st.stm32cube.ide.mcu.externaltools.gnu-tools-for-stm32.14.3.rel1.win32_1.0.100.202602081740/tools/bin/../lib/gcc/arm-none-eabi/14.3.1/../../../../arm-none-eabi/lib/thumb/v7e-m+fp/hard\libc_nano.a(libc_a-reallocr.o)
                0x08011844                _realloc_r
 .text._malloc_usable_size_r
                0x080118a0       0x10 D:/cubeide/STM32CubeIDE_2.1.1/STM32CubeIDE/plugins/com.st.stm32cube.ide.mcu.externaltools.gnu-tools-for-stm32.14.3.rel1.win32_1.0.100.202602081740/tools/bin/../lib/gcc/arm-none-eabi/14.3.1/../../../../arm-none-eabi/lib/thumb/v7e-m+fp/hard\libc_nano.a(libc_a-msizer.o)
                0x080118a0                _malloc_usable_size_r
 *(.glue_7)
 .glue_7        0x080118b0        0x0 linker stubs
 *(.glue_7t)
 .glue_7t       0x080118b0        0x0 linker stubs
 *(.eh_frame)
 .eh_frame      0x080118b0        0x0 D:/cubeide/STM32CubeIDE_2.1.1/STM32CubeIDE/plugins/com.st.stm32cube.ide.mcu.externaltools.gnu-tools-for-stm32.14.3.rel1.win32_1.0.100.202602081740/tools/bin/../lib/gcc/arm-none-eabi/14.3.1/thumb/v7e-m+fp/hard/crtbegin.o
 *(.init)
 .init          0x080118b0        0x4 D:/cubeide/STM32CubeIDE_2.1.1/STM32CubeIDE/plugins/com.st.stm32cube.ide.mcu.externaltools.gnu-tools-for-stm32.14.3.rel1.win32_1.0.100.202602081740/tools/bin/../lib/gcc/arm-none-eabi/14.3.1/thumb/v7e-m+fp/hard/crti.o
                0x080118b0                _init
 .init          0x080118b4        0x8 D:/cubeide/STM32CubeIDE_2.1.1/STM32CubeIDE/plugins/com.st.stm32cube.ide.mcu.externaltools.gnu-tools-for-stm32.14.3.rel1.win32_1.0.100.202602081740/tools/bin/../lib/gcc/arm-none-eabi/14.3.1/thumb/v7e-m+fp/hard/crtn.o
 *(.fini)
 .fini          0x080118bc        0x4 D:/cubeide/STM32CubeIDE_2.1.1/STM32CubeIDE/plugins/com.st.stm32cube.ide.mcu.externaltools.gnu-tools-for-stm32.14.3.rel1.win32_1.0.100.202602081740/tools/bin/../lib/gcc/arm-none-eabi/14.3.1/thumb/v7e-m+fp/hard/crti.o
                0x080118bc                _fini
 .fini          0x080118c0        0x8 D:/cubeide/STM32CubeIDE_2.1.1/STM32CubeIDE/plugins/com.st.stm32cube.ide.mcu.externaltools.gnu-tools-for-stm32.14.3.rel1.win32_1.0.100.202602081740/tools/bin/../lib/gcc/arm-none-eabi/14.3.1/thumb/v7e-m+fp/hard/crtn.o
                0x080118c8                        . = ALIGN (0x4)
                0x080118c8                        _etext = .

.vfp11_veneer   0x080118c8        0x0
 .vfp11_veneer  0x080118c8        0x0 linker stubs

.v4_bx          0x080118c8        0x0
 .v4_bx         0x080118c8        0x0 linker stubs

.iplt           0x080118c8        0x0
 .iplt          0x080118c8        0x0 D:/cubeide/STM32CubeIDE_2.1.1/STM32CubeIDE/plugins/com.st.stm32cube.ide.mcu.externaltools.gnu-tools-for-stm32.14.3.rel1.win32_1.0.100.202602081740/tools/bin/../lib/gcc/arm-none-eabi/14.3.1/thumb/v7e-m+fp/hard/crtbegin.o

.rodata         0x080118c8     0x2284
                0x080118c8                        . = ALIGN (0x4)
 *(.rodata)
 .rodata        0x080118c8        0x6 ./Src/board_io.o
 *fill*         0x080118ce        0x2 
 .rodata        0x080118d0     0x1e8f ./Src/chassis_app.o
 *fill*         0x0801375f        0x1 
 .rodata        0x08013760      0x1a2 ./Src/ewm22_link.o
 *fill*         0x08013902        0x2 
 .rodata        0x08013904       0x46 ./Src/usbd_desc.o
 *fill*         0x0801394a        0x2 
 .rodata        0x0801394c       0xb1 ./Src/vehicle_config.o
 *(.rodata*)
 *fill*         0x080139fd        0x3 
 .rodata.AHBPrescTable
                0x08013a00       0x10 ./Src/system_stm32f4xx.o
                0x08013a00                AHBPrescTable
 .rodata.APBPrescTable
                0x08013a10        0x8 ./Src/system_stm32f4xx.o
                0x08013a10                APBPrescTable
 .rodata._ctype_
                0x08013a18      0x101 D:/cubeide/STM32CubeIDE_2.1.1/STM32CubeIDE/plugins/com.st.stm32cube.ide.mcu.externaltools.gnu-tools-for-stm32.14.3.rel1.win32_1.0.100.202602081740/tools/bin/../lib/gcc/arm-none-eabi/14.3.1/../../../../arm-none-eabi/lib/thumb/v7e-m+fp/hard\libc_nano.a(libc_a-ctype_.o)
                0x08013a18                _ctype_
 .rodata._svfprintf_r.str1.1
                0x08013b19       0x33 D:/cubeide/STM32CubeIDE_2.1.1/STM32CubeIDE/plugins/com.st.stm32cube.ide.mcu.externaltools.gnu-tools-for-stm32.14.3.rel1.win32_1.0.100.202602081740/tools/bin/../lib/gcc/arm-none-eabi/14.3.1/../../../../arm-none-eabi/lib/thumb/v7e-m+fp/hard\libc_nano.a(libc_a-nano-svfprintf.o)
                                 0x11 (size before relaxing)
 .rodata._printf_i.str1.1
                0x08013b4c       0x22 D:/cubeide/STM32CubeIDE_2.1.1/STM32CubeIDE/plugins/com.st.stm32cube.ide.mcu.externaltools.gnu-tools-for-stm32.14.3.rel1.win32_1.0.100.202602081740/tools/bin/../lib/gcc/arm-none-eabi/14.3.1/../../../../arm-none-eabi/lib/thumb/v7e-m+fp/hard\libc_nano.a(libc_a-nano-vfprintf_i.o)
                0x08013b70                        . = ALIGN (0x4)

.ARM.extab      0x08013b4c        0x0
                0x08013b4c                        . = ALIGN (0x4)
 *(.ARM.extab* .gnu.linkonce.armextab.*)
                0x08013b4c                        . = ALIGN (0x4)

.ARM            0x08013b4c        0x8
                0x08013b4c                        . = ALIGN (0x4)
                0x08013b4c                        __exidx_start = .
 *(.ARM.exidx*)
 .ARM.exidx     0x08013b4c        0x8 D:/cubeide/STM32CubeIDE_2.1.1/STM32CubeIDE/plugins/com.st.stm32cube.ide.mcu.externaltools.gnu-tools-for-stm32.14.3.rel1.win32_1.0.100.202602081740/tools/bin/../lib/gcc/arm-none-eabi/14.3.1/../../../../arm-none-eabi/lib/thumb/v7e-m+fp/hard\libc_nano.a(libc_a-strlen.o)
 .ARM.exidx     0x08013b54        0x0 D:/cubeide/STM32CubeIDE_2.1.1/STM32CubeIDE/plugins/com.st.stm32cube.ide.mcu.externaltools.gnu-tools-for-stm32.14.3.rel1.win32_1.0.100.202602081740/tools/bin/../lib/gcc/arm-none-eabi/14.3.1/../../../../arm-none-eabi/lib/thumb/v7e-m+fp/hard\libc_nano.a(libc_a-memchr.o)
                                  0x8 (size before relaxing)
 .ARM.exidx     0x08013b54        0x0 D:/cubeide/STM32CubeIDE_2.1.1/STM32CubeIDE/plugins/com.st.stm32cube.ide.mcu.externaltools.gnu-tools-for-stm32.14.3.rel1.win32_1.0.100.202602081740/tools/bin/../lib/gcc/arm-none-eabi/14.3.1/thumb/v7e-m+fp/hard\libgcc.a(_udivmoddi4.o)
                                  0x8 (size before relaxing)
                0x08013b54                        __exidx_end = .
                0x08013b54                        . = ALIGN (0x4)

.preinit_array  0x08013b54        0x0
                0x08013b54                        . = ALIGN (0x4)
                0x08013b54                        PROVIDE (__preinit_array_start = .)
 *(.preinit_array*)
                0x08013b54                        PROVIDE (__preinit_array_end = .)
                0x08013b54                        . = ALIGN (0x4)

.init_array     0x08013b54        0x4
                0x08013b54                        . = ALIGN (0x4)
                0x08013b54                        PROVIDE (__init_array_start = .)
 *(SORT_BY_NAME(.init_array.*))
 *(.init_array*)
 .init_array    0x08013b54        0x4 D:/cubeide/STM32CubeIDE_2.1.1/STM32CubeIDE/plugins/com.st.stm32cube.ide.mcu.externaltools.gnu-tools-for-stm32.14.3.rel1.win32_1.0.100.202602081740/tools/bin/../lib/gcc/arm-none-eabi/14.3.1/thumb/v7e-m+fp/hard/crtbegin.o
                0x08013b58                        PROVIDE (__init_array_end = .)
                0x08013b58                        . = ALIGN (0x4)

.fini_array     0x08013b58        0x4
                0x08013b58                        . = ALIGN (0x4)
                [!provide]                        PROVIDE (__fini_array_start = .)
 *(SORT_BY_NAME(.fini_array.*))
 *(.fini_array*)
 .fini_array    0x08013b58        0x4 D:/cubeide/STM32CubeIDE_2.1.1/STM32CubeIDE/plugins/com.st.stm32cube.ide.mcu.externaltools.gnu-tools-for-stm32.14.3.rel1.win32_1.0.100.202602081740/tools/bin/../lib/gcc/arm-none-eabi/14.3.1/thumb/v7e-m+fp/hard/crtbegin.o
                [!provide]                        PROVIDE (__fini_array_end = .)
                0x08013b5c                        . = ALIGN (0x4)
                0x08013b5c                        _sidata = LOADADDR (.data)

.rel.dyn        0x08013b5c        0x0
 .rel.iplt      0x08013b5c        0x0 D:/cubeide/STM32CubeIDE_2.1.1/STM32CubeIDE/plugins/com.st.stm32cube.ide.mcu.externaltools.gnu-tools-for-stm32.14.3.rel1.win32_1.0.100.202602081740/tools/bin/../lib/gcc/arm-none-eabi/14.3.1/thumb/v7e-m+fp/hard/crtbegin.o

.data           0x20000000      0x16c load address 0x08013b5c
                0x20000000                        . = ALIGN (0x4)